
 Start         Length     Name                   Class
 0001:00000000 000348A8H .text                   CODE
 0002:00000000 00002A78H .data                   DATA
 0002:00002A78 00001101H .bss                    BSS


Detailed map of segments

 0001:00000000 00005887 C=CODE     S=.text    G=(none)   M=System   ACBP=A9
 0001:00005888 00000140 C=CODE     S=.text    G=(none)   M=SysInit  ACBP=A9
 0001:000059C8 00000054 C=CODE     S=.text    G=(none)   M=Types    ACBP=A9
 0001:00005A1C 00000688 C=CODE     S=.text    G=(none)   M=Windows  ACBP=A9
 0001:000060A4 00000330 C=CODE     S=.text    G=(none)   M=SysConst ACBP=A9
 0001:000063D4 00006800 C=CODE     S=.text    G=(none)   M=SysUtils ACBP=A9
 0001:0000CBD4 00000038 C=CODE     S=.text    G=(none)   M=Messages ACBP=A9
 0001:0000CC0C 000007FB C=CODE     S=.text    G=(none)   M=VarUtils ACBP=A9
 0001:0000D408 0000280E C=CODE     S=.text    G=(none)   M=Variants ACBP=A9
 0001:0000FC18 000000B8 C=CODE     S=.text    G=(none)   M=RTLConsts ACBP=A9
 0001:0000FCD0 0000024C C=CODE     S=.text    G=(none)   M=TypInfo  ACBP=A9
 0001:0000FF1C 00000038 C=CODE     S=.text    G=(none)   M=ActiveX  ACBP=A9
 0001:0000FF54 00004166 C=CODE     S=.text    G=(none)   M=Classes  ACBP=A9
 0001:000140BC 00000038 C=CODE     S=.text    G=(none)   M=ETypes   ACBP=A9
 0001:000140F4 00000F44 C=CODE     S=.text    G=(none)   M=EConsts  ACBP=A9
 0001:00015038 0000273F C=CODE     S=.text    G=(none)   M=ECore    ACBP=A9
 0001:00017778 00000A77 C=CODE     S=.text    G=(none)   M=EHook    ACBP=A9
 0001:000181F0 000000C4 C=CODE     S=.text    G=(none)   M=ELang    ACBP=A9
 0001:000182B4 000000A0 C=CODE     S=.text    G=(none)   M=WinSock  ACBP=A9
 0001:00018354 0000161C C=CODE     S=.text    G=(none)   M=ESockets ACBP=A9
 0001:00019970 000060A0 C=CODE     S=.text    G=(none)   M=EZLib    ACBP=A9
 0001:0001FA10 0001498A C=CODE     S=.text    G=(none)   M=ExceptionLog ACBP=A9
 0001:0003439C 0000050C C=CODE     S=.text    G=(none)   M=GetDiskInfo ACBP=A9
 0002:00000000 000000A0 C=DATA     S=.data    G=DGROUP   M=System   ACBP=A9
 0002:000000A0 00000020 C=DATA     S=.data    G=DGROUP   M=SysInit  ACBP=A9
 0002:000000C0 00000250 C=DATA     S=.data    G=DGROUP   M=SysUtils ACBP=A9
 0002:00000310 00000008 C=DATA     S=.data    G=DGROUP   M=VarUtils ACBP=A9
 0002:00000318 00000076 C=DATA     S=.data    G=DGROUP   M=Variants ACBP=A9
 0002:00000390 0000000C C=DATA     S=.data    G=DGROUP   M=TypInfo  ACBP=A9
 0002:0000039C 00000028 C=DATA     S=.data    G=DGROUP   M=Classes  ACBP=A9
 0002:000003C4 000002BC C=DATA     S=.data    G=DGROUP   M=EConsts  ACBP=A9
 0002:00000680 00000008 C=DATA     S=.data    G=DGROUP   M=ECore    ACBP=A9
 0002:00000688 0000210C C=DATA     S=.data    G=DGROUP   M=EZLib    ACBP=A9
 0002:00002794 00000099 C=DATA     S=.data    G=DGROUP   M=ExceptionLog ACBP=A9
 0002:00003000 00000660 C=BSS      S=.bss     G=DGROUP   M=System   ACBP=A9
 0002:00003660 00000010 C=BSS      S=.bss     G=DGROUP   M=SysInit  ACBP=A9
 0002:00003670 00000004 C=BSS      S=.bss     G=DGROUP   M=Types    ACBP=A9
 0002:00003674 00000004 C=BSS      S=.bss     G=DGROUP   M=Windows  ACBP=A9
 0002:00003678 00000004 C=BSS      S=.bss     G=DGROUP   M=SysConst ACBP=A9
 0002:0000367C 00000120 C=BSS      S=.bss     G=DGROUP   M=SysUtils ACBP=A9
 0002:0000379C 00000004 C=BSS      S=.bss     G=DGROUP   M=Messages ACBP=A9
 0002:000037A0 0000005C C=BSS      S=.bss     G=DGROUP   M=VarUtils ACBP=A9
 0002:000037FC 00000040 C=BSS      S=.bss     G=DGROUP   M=Variants ACBP=A9
 0002:0000383C 00000004 C=BSS      S=.bss     G=DGROUP   M=RTLConsts ACBP=A9
 0002:00003840 00000004 C=BSS      S=.bss     G=DGROUP   M=TypInfo  ACBP=A9
 0002:00003844 00000004 C=BSS      S=.bss     G=DGROUP   M=ActiveX  ACBP=A9
 0002:00003848 00000038 C=BSS      S=.bss     G=DGROUP   M=Classes  ACBP=A9
 0002:00003880 00000004 C=BSS      S=.bss     G=DGROUP   M=ETypes   ACBP=A9
 0002:00003884 00000004 C=BSS      S=.bss     G=DGROUP   M=EConsts  ACBP=A9
 0002:00003888 0000002C C=BSS      S=.bss     G=DGROUP   M=ECore    ACBP=A9
 0002:000038B4 0000000C C=BSS      S=.bss     G=DGROUP   M=EHook    ACBP=A9
 0002:000038C0 00000004 C=BSS      S=.bss     G=DGROUP   M=ELang    ACBP=A9
 0002:000038C4 00000004 C=BSS      S=.bss     G=DGROUP   M=WinSock  ACBP=A9
 0002:000038C8 00000004 C=BSS      S=.bss     G=DGROUP   M=ESockets ACBP=A9
 0002:000038CC 00000004 C=BSS      S=.bss     G=DGROUP   M=EZLib    ACBP=A9
 0002:000038D0 0000081C C=BSS      S=.bss     G=DGROUP   M=ExceptionLog ACBP=A9
 0002:000040EC 00000014 C=BSS      S=.bss     G=DGROUP   M=GetDiskInfo ACBP=A9


  Address         Publics by Name

 0002:00001CF4       ..
 0002:00001D28       ..
 0002:0000068C       ..
 0002:00000744       ..
 0001:0001DA64       ..
 0002:000007BC       ..
 0001:0001C49C       ..
 0002:00000878       ..
 0002:00001C7C       ..
 0002:000038CC       .1
 0002:000038C4       .1
 0002:00003668       .1
 0002:000038C0       .1
 0002:0000379C       .1
 0002:000038B4       .1
 0002:00003670       .1
 0002:00003678       .1
 0002:0000383C       .1
 0002:00003880       .1
 0002:00003890       .2
 0002:00003844       .3
 0002:00003674       .3
 0002:0000378C       .35
 0002:000038C8       .4
 0002:00003884       .4
 0002:00003850       .45
 0002:000035B8       .5
 0002:000037F8       .5
 0002:00003840       .6
 0002:000038DC       .7
 0002:0000381C       .81
 0001:00001F74       @AbstractError
 0001:000044E8       @AddRefArray
 0001:000044A0       @AddRefRecord
 0001:0001F8AC       @adler32
 0001:00002D64       @AfterConstruction
 0001:00003800       @Assert
 0001:00002310       @AStrCmp
 0001:00002D74       @BeforeDestruction
 0001:00002C94       @CallDynaInst
 0001:000052C4       @CheckAutoResult
 0001:00002D0C       @ClassCreate
 0001:00002D5C       @ClassDestroy
 0001:000022AC       @Close
 0001:00001BD8       @Copy
 0001:000046DC       @CopyArray
 0001:000045C0       @CopyRecord
 0001:000047F4       @DispCallByIDError
 0001:0000DEA8       @DispInvokeError
 0001:000047E4       @Dispose
 0001:000032B4       @DoneExcept
 0001:00004AE8       @DynArrayAddRef
 0001:00004AC0       @DynArrayAsg
 0001:00004A84       @DynArrayClear
 0001:000048A4       @DynArrayHigh
 0001:0000489C       @DynArrayLength
 0001:00004A78       @DynArraySetLength
 0001:0000339C       @ExceptionHandler
 0001:00002380       @FillChar
 0001:00004494       @Finalize
 0001:000043A8       @FinalizeArray
 0001:0000435C       @FinalizeRecord
 0001:000022A0       @Flush
 0001:00002A08       @FpuInit
 0001:00002944       @FpuMaskInit
 0001:00001A4C       @FreeMem
 0001:00001A1C       @GetMem
 0001:00005900       @GetTls
 0001:000037E8       @Halt
 0001:00003708       @Halt0
 0001:00002E88       @HandleAnyException
 0001:00003174       @HandleAutoException
 0001:0000313C       @HandleFinally
 0001:00002FB4       @HandleOnException
 0001:0001B76C       @inflate_blocks
 0001:0001C43C       @inflate_blocks_free
 0001:0001B6D4       @inflate_blocks_new
 0001:0001B670       @inflate_blocks_reset
 0001:0001C490       @inflate_blocks_sync_point
 0001:0001CBE8       @inflate_codes
 0001:0001D480       @inflate_codes_free
 0001:0001CB98       @inflate_codes_new
 0001:0001D59C       @inflate_fast
 0001:0001D48C       @inflate_flush
 0001:0001C46C       @inflate_set_dictionary
 0001:0001C990       @inflate_trees_bits
 0001:0001CA2C       @inflate_trees_dynamic
 0001:0001CB6C       @inflate_trees_fixed
 0001:0000594C       @InitExe
 0001:00004350       @Initialize
 0001:000042BC       @InitializeArray
 0001:0000428C       @InitializeRecord
 0001:000035CC       @InitImports
 0001:000035A4       @InitResStringImports
 0001:00005228       @IntfAddRef
 0001:000051E4       @IntfClear
 0001:000051FC       @IntfCopy
 0001:00002C40       @IsClass
 0001:00002914       @isNECWindows
 0001:00001C1C       @LGetDir
 0001:00003D70       @LStrAddRef
 0001:000038C8       @LStrArrayClr
 0001:000038F8       @LStrAsg
 0001:00003B88       @LStrCat
 0001:00003BCC       @LStrCat3
 0001:00003C40       @LStrCatN
 0001:000038A4       @LStrClr
 0001:00003CCC       @LStrCmp
 0001:00003DE0       @LStrCopy
 0001:00003E20       @LStrDelete
 0001:00003B14       @LStrFromArray
 0001:00003A8C       @LStrFromChar
 0001:00003A9C       @LStrFromPChar
 0001:00003994       @LStrFromPCharLen
 0001:00003ACC       @LStrFromPWChar
 0001:00003A00       @LStrFromPWCharLen
 0001:00003B08       @LStrFromString
 0001:00003B2C       @LStrFromWArray
 0001:00003B48       @LStrFromWStr
 0001:00003E68       @LStrInsert
 0001:0000393C       @LStrLAsg
 0001:00003B80       @LStrLen
 0001:00003EC4       @LStrPos
 0001:00003F0C       @LStrSetLength
 0001:00003D80       @LStrToPChar
 0001:00003B5C       @LStrToString
 0001:000047D0       @New
 0001:00003968       @NewAnsiString
 0001:00003FB4       @NewWideString
 0001:00001F24       @Pos
 0001:00002628       @Pow10
 0001:00002304       @PStrCpy
 0001:00003260       @RaiseAgain
 0001:00003238       @RaiseExcept
 0001:00001A6C       @ReallocMem
 0001:00001FE8       @RewritText
 0001:00001F68       @ROUND
 0001:000037F4       @RunError
 0001:0000260C       @SetEq
 0001:00001F64       @SetLength
 0001:00003564       @StartExe
 0001:00000288       @strlen
 0001:000032E4       @TryFinallyExit
 0001:00003DD8       @UniqueStringA
 0001:000023A0       @ValLong
 0001:000044D0       @VarAddRef
 0001:0000F45C       @VarAddRef
 0001:0000E180       @VarClear
 0001:00004390       @VarClr
 0001:0000E194       @VarClr
 0001:0000E4BC       @VarCopy
 0001:000045A8       @VarCopy
 0001:0000E7E8       @VarToLStr
 0001:0000EF08       @VarToWStr
 0001:00003F70       @Write0LString
 0001:000024B8       @WriteBytes
 0001:00002588       @WriteLn
 0001:00003F8C       @WriteLString
 0001:0000250C       @WriteSpaces
 0001:0000426C       @WStrAddRef
 0001:00003FF4       @WStrArrayClr
 0001:00004018       @WStrAsg
 0001:00003FDC       @WStrClr
 0001:00004154       @WStrCmp
 0001:000041D8       @WStrCopy
 0001:00004128       @WStrFromLStr
 0001:0000403C       @WStrFromPCharLen
 0001:000040EC       @WStrFromPWChar
 0001:000040C8       @WStrFromPWCharLen
 0001:00004148       @WStrLen
 0001:00004224       @WStrSetLength
 0001:00004138       @WStrToPWChar
 0001:000025E8       @_CLenToPasStr
 0001:000025DC       @_CToPasStr
 0001:00001BA8       @_IOTest
 0001:00004820       @_lldiv
 0001:000047FC       @_llmul
 0001:0001EC5C       @_tr_align
 0001:0001EF1C       @_tr_flush_block
 0001:0001DA68       @_tr_init
 0001:0001EBA0       @_tr_stored_block
 0001:0000AE40       Abort
 0001:0000B1C4       AbstractErrorHandler
 0002:0000302C       AbstractErrorProc
 0002:00000140       AccessMode
 0001:00001B08       AcquireExceptionObject
 0001:000279C8       ActicatePage
 0002:00003A28       ActivateEurekaLog
 0002:000038AD       ActiveInternalLog
 0002:0000399C       ActiveSafeCall
 0001:0000FF4C       ActiveX
 0001:000003F0       AddBlockAfter
 0001:00019118       AddDNS
 0001:00024424       AddModule
 0001:0000504C       AddModuleUnloadProc
 0001:0000503C       AddModuleUnloadProc
 0001:000137F8       AddThread
 0001:00024534       AddToStack
 0001:00027918       AdjustDialog
 0001:00025E28       AdjustFlatStyle
 0001:00029870       AfterScreenshot
 0001:0000701C       AllocMem
 0002:000035B0       AllocMemCount
 0002:000035B4       AllocMemSize
 0001:000058A8       AllocTlsBuffer
 0001:00007154       AnsiCompareStr
 0001:0000718C       AnsiCompareText
 0001:0000B9D8       AnsiPos
 0001:000071C4       AnsiSameText
 0001:0000BA14       AnsiStrPos
 0001:0000BAD4       AnsiStrRScan
 0001:0000BB1C       AnsiStrScan
 0001:00005644       AnsiToUtf8
 0001:00009144       AppendChars
 0001:00009510       AppendFormat
 0001:000091A8       AppendNumber
 0001:00009188       AppendString
 0001:000237D4       ASMAssigned
 0001:0000B1A8       AssertErrorHandler
 0002:00003024       AssertErrorProc
 0001:0002A89C       AttachedFile
 0001:0002AAFC       AttachedFiles
 0002:00003608       avail
 0001:00007A20       BackfillGetDiskFreeSpaceEx
 0001:0000CE9C       BackupVarBoolFromStr
 0001:0000CFFC       BackupVarBStrFromBool
 0001:0000CF1C       BackupVarBStrFromCy
 0001:0000CF8C       BackupVarBStrFromDate
 0001:0000CE30       BackupVarCyFromStr
 0001:0000CDC4       BackupVarDateFromStr
 0001:0000CC80       BackupVarI4FromStr
 0001:0000CC2C       BackupVariantChangeTypeEx
 0001:0000CCEC       BackupVarR4FromStr
 0001:0000CD58       BackupVarR8FromStr
 0001:0002A40C       Base64Encode
 0001:0002A65C       Base64EncodeFromFile
 0001:0002A5E0       Base64EncodeFromString
 0001:0000B698       Beep
 0001:00029650       BeforeScreenshot
 0001:00003858       BeginThread
 0001:00005D44       BitBlt
 0001:0000CC68       BiUnimplemented
 0002:000035E0       blockDescBlockList
 0002:000035E4       blockDescFreeList
 0002:00000390       BooleanIdents
 0002:00000320       BooleanToStringRule
 0001:000075C0       BoolToStr
 0001:0000E570       BoolToWStrViaOS
 0001:00029380       BytesSwap
 0001:0000B77C       ByteToCharIndex
 0001:0000B754       ByteToCharLen
 0001:0000B718       ByteType
 0001:0000B6A0       ByteTypeTest
 0002:00003A7C       Cached_LogFile
 0001:000315B8       CalcAddr
 0001:000293B0       CalcCRC
 0001:00024BA0       CalcDuplicatedException
 0001:00024E74       CallExceptionActionNotify
 0001:0002CBC0       CallExceptionActionNotify_atSavedLogFile
 0001:0002CBAC       CallExceptionActionNotify_atSavingLogFile
 0001:0002BAB0       CallExceptionActionNotify_atSendingEmail
 0001:0002BAC4       CallExceptionActionNotify_atSentEmail
 0001:0002CECC       CallExceptionActionNotify_atShowedExceptionInfo
 0001:0002CEB8       CallExceptionActionNotify_atShowingExceptionInfo
 0001:00028DB0       CallExceptionActionNotify_atTerminating
 0001:00024F34       CallExceptionErrorNotify
 0001:0002CBD4       CallExceptionErrorNotify_atSavedLogFile
 0001:0002BAD8       CallExceptionErrorNotify_atSentEmail
 0001:00024E10       CallExceptionNotify
 0001:0002CEE0       CallWriteIntraWebText
 0001:00030460       Call_HookedExceptionObject
 0001:0003029C       Call_HookedRaise
 0001:00030528       Call_HookedRtlUnwind
 0002:000039D4       CanAttachScreenshot
 0002:000039D1       CanAttachScreenshot_Show
 0002:000039D5       CanCopy
 0002:000039D2       CanCopy_Show
 0001:00024C58       CanExit
 0002:000038AE       CanSaveLog
 0002:000039D3       CanSendEmail
 0002:000039D0       CanSendEmail_Show
 0002:00003AAC       CaptionFontName
 0002:00003CA0       CAPTION_HEIGHT
 0002:00003964       CGIHandleException
 0002:0000392C       CGIOutputFile
 0002:00003814       ChangeAnyProc
 0001:00007808       ChangeFileExt
 0001:000039C4       CharFromWChar
 0001:0000B960       CharLength
 0001:000001E8       CharNext
 0001:00005DFC       CharNext
 0001:0000B868       CharToByteIndex
 0001:0000B8CC       CharToByteLen
 0001:00005E04       CharToOemA
 0001:00022914       CheckForResult
 0001:00015B94       CheckIntoIDE
 0001:00002E04       CheckJmp
 0001:00013810       CheckSynchronize
 0002:00000324       CInvalidCustomVariantType
 0001:00014028       Classes
 0002:00003810       ClearAnyProc
 0001:00020D60       ClearInternalError
 0001:0000F798       ClearVariantTypeList
 0001:00005E0C       CloseClipboard
 0001:00005A3C       CloseHandle
 0001:00000188       CloseHandle
 0001:00024B84       CloseLogFile
 0001:000182B4       closesocket
 0002:0000396C       CLXHandleException
 0002:00003040       CmdLine
 0002:0000303C       CmdShow
 0001:0000CC74       CmpUnimplemented
 0002:000027EC       Code64
 0002:00003CA4       ColoursCount
 0002:00003C68       ColWidths
 0001:00000770       Commit
 0002:00003624       committedRoot
 0001:000297B4       CommonSaveToStream
 0001:00023A08       CompareEurekaFunctions
 0001:000216B0       CompareModulesFunctions
 0001:00005A44       CompareString
 0001:000070DC       CompareText
 0001:000074E8       CompareWith
 0001:000226B4       CompiledWithPackages
 0001:0002CAAC       CompleteStr
 0001:0002BF68       ComputerName
 0001:000182BC       connect
 0001:0000ABD0       ConvertAddr
 0001:000226C8       ConvertAddress
 0001:00017908       ConvertAddress
 0001:0000929C       ConvertEraString
 0001:00006FE0       ConvertError
 0001:00006FF8       ConvertErrorFmt
 0001:00009408       ConvertYearString
 0001:000048AC       CopyArray
 0001:00005FDC       CopyMemory
 0001:00005E14       CopyRect
 0001:0000B7D8       CountChars
 0001:000276D4       CPUDialogProc
 0002:00003CD0       CRCList
 0002:00002798       CRCListed
 0001:0000B0EC       CreateAssertException
 0001:0000B274       CreateAVObject
 0001:00005D4C       CreateCompatibleBitmap
 0001:00005D54       CreateCompatibleDC
 0001:00005D5C       CreateDC
 0001:00006054       CreateDialog
 0001:000253FC       CreateDialogFonts
 0001:00005E1C       CreateDialogParam
 0001:00005A4C       CreateEvent
 0001:00005A54       CreateFile
 0001:00000190       CreateFileA
 0001:00005A5C       CreateFileMapping
 0001:00005D64       CreateFont
 0001:00005D6C       CreateFontIndirect
 0001:0002CEEC       CreateGeneralText
 0001:0000B018       CreateInOutError
 0001:0001954C       CreateMXQuery
 0001:00005D74       CreatePalette
 0001:00005A64       CreateProcess
 0001:000204E8       CreateSafeCallItem
 0001:00005D7C       CreateSolidBrush
 0001:000001F0       CreateThread
 0001:0002B668       CreateTmpLogFile
 0001:00020280       CreateVirtualFile
 0002:0000037C       CRelationshipToBoolean
 0002:00000310       CResult
 0002:00000138       cSimpleBoolStrs
 0002:00000328       CText
 0002:0000361C       curAlloc
 0002:00003684       CurrencyDecimals
 0002:00003680       CurrencyFormat
 0002:0000367C       CurrencyString
 0002:0000398C       CurrentCPUErrorText
 0001:000320C0       CurrentEurekaLogOptions
 0002:00003988       CurrentGeneralErrorText
 0002:00003924       CurrentOptions
 0002:00003A08       CurrentRequestValue
 0002:00003908       CurrentStackList
 0001:00009130       CurrentYear
 0001:00008BA4       CurrToStr
 0001:0000E500       CurrToWStrViaOS
 0001:0000722C       CvtInt
 0001:00007298       CvtInt64
 0002:00000178       CWNear
 0002:00003CB4       Data
 0002:00003CAC       DataSize
 0002:00003685       DateSeparator
 0001:00009D44       DateTimeToStr
 0001:00009CE8       DateTimeToString
 0001:00008CBC       DateTimeToTimeStamp
 0001:0000E538       DateToWStrViaOS
 0001:000090B8       DayOfWeek
 0002:000027CC       Days
 0002:00000174       DCon10
 0002:00000028       DebugHook
 0002:00003683       DecimalSeparator
 0001:00009098       DecodeDate
 0001:00008F48       DecodeDateFully
 0001:00008DB0       DecodeTime
 0001:00000830       Decommit
 0001:00000F5C       DecommitFree
 0002:000035F8       decommittedRoot
 0002:00000020       Default8087CW
 0002:00000034       DefaultTextLineBreakStyle
 0002:000035BC       DefaultUserCodePage
 0001:00019FA4       deflate
 0001:0001A214       deflateEnd
 0001:00019AD0       deflateInit_
 0002:00000204       DefLongDayNames
 0002:000001B8       DefLongMonthNames
 0002:000001E8       DefShortDayNames
 0002:00000188       DefShortMonthNames
 0001:00005E24       DefWindowProc
 0001:00004B24       DelayLoadResourceModule
 0001:0000044C       DeleteBlock
 0001:00005A6C       DeleteCriticalSection
 0001:0000035C       DeleteCriticalSection
 0001:00005D84       DeleteDC
 0001:000077A0       DeleteFile
 0001:00005A74       DeleteFile
 0001:00000D44       DeleteFree
 0001:00005D8C       DeleteObject
 0001:0002040C       DeleteVirtualFile
 0001:0002556C       DestroyDialogFonts
 0001:00005E2C       DestroyWindow
 0002:00003C90       DetailsActive
 0001:00025E64       DetailsState
 0001:00005E34       DialogBoxParam
 0002:00003C9C       DialogHeight
 0002:00000090       dig
 0001:00007ADC       DiskFree
 0001:00007B10       DiskSize
 0001:00005E3C       DispatchMessage
 0002:00003000       DispCallByIDProc
 0001:00006FC4       DivMod
 0001:000250B8       DlgTemplate
 0002:000038BC       DllList
 0001:0003439C       DoHelp
 0001:00017704       Done
 0001:00034108       Done
 0001:00018120       Done
 0001:00032EA0       DoneCheckFreeze
 0001:0000B5A8       DoneExceptions
 0001:000137AC       DoneThreadSynchronization
 0002:00000398       DotSep
 0001:00011508       DoWrite
 0001:00027820       DrawBmp
 0001:00005E44       DrawIconEx
 0002:000039D6       DuplicatedException
 0001:00005A7C       DuplicateHandle
 0001:000048C4       DynArrayClear
 0001:000048CC       DynArraySetLength
 0001:00015030       EConsts
 0001:00017768       ECore
 0001:0000AFEC       EHeapException.FreeInstance
 0001:000181E0       EHook
 0001:000182AC       ELang
 0001:00005E4C       EmptyClipboard
 0002:000037FC       EmptyParam
 0002:000000C0       EmptyStr
 0002:000000C4       EmptyWideStr
 0002:000003C8       EMsgs
 0001:00005E54       EnableWindow
 0001:00029578       Encode
 0001:00008F18       EncodeDate
 0001:00008D70       EncodeTime
 0001:0002B784       EncodeURL
 0002:00003CCC       Encode_Data
 0002:00003CC8       Encode_Filter
 0001:00005E5C       EndDialog
 0001:0000389C       EndThread
 0001:00005A84       EnterCriticalSection
 0001:0000034C       EnterCriticalSection
 0001:00005A8C       EnumCalendarInfoA
 0001:0000A844       EnumEraNames
 0001:0000A880       EnumEraYearOffsets
 0001:00005A94       EnumSystemLocales
 0001:00005E64       EnumWindows
 0001:000249B8       EnumWindowsProc
 0002:0000374C       EraNames
 0001:00009FD0       EraToYear
 0002:00003768       EraYearOffsets
 0002:00000068       errCaption
 0001:00001B9C       Error
 0001:00029CA4       Error
 0002:00000004       ErrorAddr
 0001:00001B50       ErrorAt
 0001:0000B098       ErrorHandler
 0002:00000220       ErrorMap
 0002:00003008       ErrorProc
 0002:000033E4       ErrOutput
 0002:00000624       EShowOptions
 0001:00019968       ESockets
 0001:000140EC       ETypes
 0002:000003C4       EurekaLogCurrentVersion
 0002:000039EC       EurekaLogList
 0002:00000508       EVals
 0001:00001ADC       ExceptAddr
 0002:0000300C       ExceptClsProc
 0001:0000B514       ExceptHandler
 0001:0000AE60       Exception.Create
 0001:0000AE9C       Exception.CreateFmt
 0001:0000AF1C       Exception.CreateRes
 0001:0000AF58       Exception.CreateResFmt
 0002:000038D4       ExceptionActionNotify
 0002:00003A84       ExceptionAddressText
 0002:0000301C       ExceptionClass
 0001:0000ABDC       ExceptionErrorMessage
 0002:000038D8       ExceptionErrorNotify
 0002:00003A34       ExceptionInfoData
 0002:00003A2C       ExceptionInfoHandle
 0001:00034364       ExceptionLog
 0001:0003246C       ExceptionManager
 0002:00003A80       ExceptionModuleText
 0002:00003A8C       ExceptionMsgText
 0002:000038D0       ExceptionNotify
 0002:00003934       ExceptionNumber
 0001:0002271C       ExceptionTypeByAddr
 0002:00003A88       ExceptionTypeText
 0002:00000258       ExceptMap
 0001:0002FCBC       ExceptNotify
 0001:00001ABC       ExceptObject
 0002:00003010       ExceptObjProc
 0002:00003004       ExceptProc
 0002:00000000       ExitCode
 0001:0000364C       ExitDll
 0002:00003044       ExitProc
 0001:00000200       ExitProcess
 0002:00003028       ExitProcessProc
 0001:00005A9C       ExitThread
 0001:000001F8       ExitThread
 0001:00005AA4       ExpandEnvironmentStrings
 0001:000079E4       ExpandFileName
 0001:00029B74       ExpandPath
 0001:00023A9C       ExportedFunctions
 0001:00029BA8       ExtractAddresses
 0001:000078D0       ExtractFileDrive
 0001:0000799C       ExtractFileExt
 0001:00007964       ExtractFileName
 0001:0000789C       ExtractFilePath
 0001:00023160       ExtractStr
 0001:0001FA08       EZLib
 0002:00003A98       fActive
 0002:00002794       fActivePage
 0002:00003788       FalseBoolStrs
 0002:00003C28       fBmp
 0002:00003A9C       fCaptionFont
 0002:00000168       FCon1E18
 0002:00003A90       fDlgBack
 0002:00003AA4       fFixedFont
 0001:00007728       FileAge
 0001:00007720       FileClose
 0001:00007688       FileCreate
 0001:00007664       FileCreate
 0001:00007790       FileExists
 0002:00000008       FileMode
 0001:00002030       FileNOPProc
 0001:0000760C       FileOpen
 0001:00007690       FileRead
 0001:000076E8       FileSeek
 0001:00005AAC       FileTimeToDosDateTime
 0001:00005AB4       FileTimeToLocalFileTime
 0001:000076BC       FileWrite
 0001:00000E7C       FillAfterGap
 0001:00000E1C       FillBeforeGap
 0001:00000F1C       FillerSizeAfterGap
 0001:00000EA4       FillerSizeBeforeGap
 0001:00005E6C       FillRect
 0002:00003C24       fImageList
 0001:0000639C       Finalization
 0001:00014FC0       Finalization
 0001:0001827C       Finalization
 0001:0000606C       Finalization
 0001:000181A8       Finalization
 0001:00034244       Finalization
 0001:000345A4       Finalization
 0001:00017730       Finalization
 0001:0001831C       Finalization
 0001:00019938       Finalization
 0001:000059E4       Finalization
 0001:00013F78       Finalization
 0001:00005760       Finalization
 0001:0001F9D8       Finalization
 0001:00005990       Finalization
 0001:0000FF1C       Finalization
 0001:0000FEC4       Finalization
 0001:0000FC98       Finalization
 0001:0000FAF4       Finalization
 0001:0000C9D4       Finalization
 0001:0000D3C8       Finalization
 0001:0000CBD4       Finalization
 0001:000140BC       Finalization
 0001:000048BC       FinalizeArray
 0001:00003484       FinalizeUnits
 0001:00004BB4       FindBS
 0001:00004B1C       FindClassHInstance
 0001:00005ABC       FindClose
 0001:00000210       FindClose
 0001:00017D10       FindCode
 0001:00000DD8       FindCommitted
 0001:0000FA3C       FindCustomVariantType
 0001:0002CE30       FindException
 0001:00005AC4       FindFirstFile
 0001:00000218       FindFirstFile
 0001:00023524       FindFunction
 0002:0000385C       FindGlobalComponentProcs
 0001:00004AF4       FindHInstance
 0001:0002116C       FindModuleType
 0001:0000D090       FindProc
 0001:00005ACC       FindResource
 0001:00004B6C       FindResourceHInstance
 0001:00031D08       FindSection
 0002:00003AB0       FixedFontName
 0002:00003AA8       FixedFontSize
 0002:00003798       FLanguages
 0001:00008834       FloatToDecimal
 0001:00008B74       FloatToStr
 0001:0000826C       FloatToText
 0001:00008540       FloatToTextFmt
 0001:00002294       Flush
 0001:00005AD4       FlushInstructionCache
 0002:00003A94       fMemoBack
 0002:00003C08       fMonitor
 0002:00003C0C       fMonitorInfo
 0002:0000017C       FMSecsPerDay
 0001:00008160       FmtStr
 0001:00015A44       ForceSaveLog
 0002:00000184       Format
 0001:0000814C       Format
 0001:00007D88       FormatBuf
 0001:00007D7C       FormatClearStr
 0001:0002CAEC       FormatComplete
 0001:00009D58       FormatDateTime
 0001:00007D00       FormatError
 0002:00000160       FormatErrorStrs
 0001:00008BD4       FormatFloat
 0001:00005ADC       FormatMessage
 0001:00007D58       FormatVarToStr
 0001:00002620       FPower10
 0001:00005E74       FrameRect
 0001:0000C6F4       FreeAndNil
 0001:00000AD8       FreeCommitted
 0001:00001110       FreeCurAlloc
 0001:00013F04       FreeIntConstList
 0001:00005AE4       FreeLibrary
 0001:00000220       FreeLibrary
 0001:00020540       FreeSafeCallItem
 0002:000040EC       freeSpace
 0001:000006A8       FreeSpace
 0001:0000C1F4       FreeTerminateProcs
 0002:000039A0       FreezeThread
 0001:00022818       FunctionSize
 0001:000237B4       FuzzyFind
 0002:00003AA0       fVariableFont
 0001:000301A0       GeneralRaise
 0001:00005B04       GetACP
 0001:0002C084       GetActiveControlClass
 0001:0002C09C       GetActiveControlText
 0001:0002BFA4       GetActiveFormClass
 0001:0002BFF0       GetActiveFormText
 0001:0002CA30       GetApplicationName
 0001:00000364       GetBlockDesc
 0001:00006050       GetBValue
 0001:00032308       GetCallerSourceLine
 0001:000246A0       GetCallStackByAddresses
 0001:00005E7C       GetClassName
 0001:00000300       GetCmdShow
 0001:00005B14       GetCommandLine
 0001:00000228       GetCommandLine
 0001:000008EC       GetCommitted
 0001:00000994       GetCommittedAt
 0001:00005B1C       GetComputerName
 0001:0002F8AC       GetControlClass
 0001:0002F8F0       GetControlText
 0001:000091F4       GetCount
 0001:00005B0C       GetCPInfo
 0001:00032194       GetCurrentCallStack
 0001:00007B44       GetCurrentDir
 0001:00000230       GetCurrentDirectory
 0001:00005B24       GetCurrentProcess
 0001:00005B2C       GetCurrentProcessId
 0001:00032464       GetCurrentStackPointer
 0001:00005B34       GetCurrentThread
 0002:0000388C       GetCurrentThreadClass
 0001:000002F0       GetCurrentThreadId
 0001:00005B3C       GetCurrentThreadId
 0001:00020ED0       GetCurrentTopOfStack
 0001:00005E84       GetCursor
 0001:00005E8C       GetCursorPos
 0001:00009224       GetDate
 0001:00005B44       GetDateFormat
 0001:00009EE8       GetDateOrder
 0001:00005E94       GetDC
 0001:000235E8       GetDebugInfosByAddr
 0001:0002330C       GetDebugPartialInfos
 0001:00005E9C       GetDesktopWindow
 0001:00005D9C       GetDeviceCaps
 0001:000278F4       GetDialogState
 0001:00005D94       GetDIBits
 0001:00005B4C       GetDiskFreeSpaceA
 0002:00000134       GetDiskFreeSpaceEx
 0001:0002C7E8       GetDiskInfo
 0001:0003468C       GetDiskInfo
 0001:00005EA4       GetDlgItem
 0001:0001913C       GetDNSList
 0001:00019308       GetDomain
 0001:00019474       GetDomainName
 0001:0002D7F4       GetDump
 0001:00002C64       GetDynaMethod
 0001:0002D554       GetEAX
 0001:0002D5A8       GetEBX
 0001:0002D5FC       GetECX
 0001:0002D6F8       GetEDI
 0001:0002D650       GetEDX
 0001:000237CC       GetEF
 0001:0002D7A0       GetEIP
 0001:0000FD08       GetEnumName
 0001:00005B54       GetEnvironmentVariable
 0001:0000A8F8       GetEraNamesAndYearOffsets
 0001:00009F7C       GetEraYearOffset
 0001:0002D6A4       GetESI
 0001:0002D74C       GetESP
 0001:0002C528       GetExceptionAddress
 0001:0000B25C       GetExceptionClass
 0001:0002C50C       GetExceptionDate
 0001:0002C620       GetExceptionMessage
 0001:0002C55C       GetExceptionModule
 0001:0000B448       GetExceptionObject
 0001:0002C5B0       GetExceptionType
 0001:00005B5C       GetExitCodeThread
 0001:000001A0       GetFileSize
 0001:0002167C       GetFileSize
 0001:00000198       GetFileType
 0001:00005D2C       GetFileVersionInfo
 0001:00005D34       GetFileVersionInfoSize
 0001:00005EAC       GetFocus
 0001:00005EB4       GetForegroundWindow
 0001:0000BDC8       GetFormatSettings
 0001:0002C8D8       GetFreeDisk
 0001:0002C758       GetFreeMemory
 0001:00005B64       GetFullPathName
 0001:0000604C       GetGValue
 0001:000182EC       gethostbyname
 0001:000182F4       gethostname
 0001:00026CD8       GetItemText
 0001:0000290C       GetKeyboardType
 0001:0002C4D8       GetLanguageString
 0001:00005B6C       GetLastError
 0001:00000238       GetLastError
 0002:00000680       GetLastLine
 0001:0003220C       GetLine
 0001:0000A6BC       GetLocaleChar
 0001:0002C3AC       GetLocaleDataA
 0001:0002C36C       GetLocaleDataW
 0001:00000240       GetLocaleInfo
 0001:00005B7C       GetLocaleInfo
 0001:00005B84       GetLocaleInfoA
 0001:00005B8C       GetLocaleInfoW
 0001:0000A670       GetLocaleStr
 0001:00005B74       GetLocalTime
 0001:0002DA70       GetLogText
 0001:000249F0       GetMainWindow
 0001:000213D4       GetModuleDescriptionAndVersion
 0001:00005B94       GetModuleFileName
 0001:00000248       GetModuleFileName
 0001:00000250       GetModuleHandle
 0001:00005888       GetModuleHandle
 0001:00005B9C       GetModuleHandle
 0001:00015248       GetModuleName
 0001:00021310       GetModulePath
 0001:000219AC       GetModulesList
 0001:0002181C       GetModulesWin9X
 0001:000216B8       GetModulesWinNT
 0001:0000A720       GetMonthDayNames
 0001:00019674       GetMXBestRecord
 0001:000195D4       GetMXRecord
 0001:00019764       GetMXServerFromEmail
 0001:00005DA4       GetObject
 0001:0000FE50       GetOrdProp
 0001:0002C324       GetOSBuild
 0001:0002C500       GetOSLanguage
 0001:000172EC       GetOSType
 0001:0002C110       GetOSType
 0001:0002C358       GetOSUpdate
 0001:0002BEC4       GetParameters
 0001:00001CF4       GetParamStr
 0001:00005DAC       GetPixel
 0001:00005BA4       GetPrivateProfileString
 0001:00000258       GetProcAddress
 0001:00005BAC       GetProcAddress
 0001:0000FDE0       GetPropInfo
 0001:00023E70       GetResourceData
 0001:00006048       GetRValue
 0001:00020474       GetSafeCallValue
 0001:000229B4       GetSourceInfoByAddr
 0001:000005CC       GetSpace
 0001:00000630       GetSpaceAt
 0001:0002D9E0       GetStack
 0001:00030BF0       GetStackPointer
 0001:0002CA18       GetStartDate
 0001:00005BB4       GetStartupInfo
 0001:00000260       GetStartupInfo
 0001:000001A8       GetStdHandle
 0001:00005BBC       GetStdHandle
 0001:00005BC4       GetStringTypeEx
 0001:00023014       GetSymbolAddr
 0001:00005BCC       GetSystemDefaultLangID
 0001:00005EBC       GetSystemMetrics
 0001:00005DB4       GetSystemPaletteEntries
 0001:00005BD4       GetTempPath
 0001:00005DBC       GetTextExtentPoint32
 0001:0003136C       GetThreadClass
 0001:00017258       GetThreadClass
 0001:00005BDC       GetThreadContext
 0001:00005BE4       GetThreadLocale
 0001:00000268       GetThreadLocale
 0001:0002FF78       GetThreadParams
 0001:00005BEC       GetTickCount
 0001:0000925C       GetTime
 0001:00005BF4       GetTimeZoneInformation
 0001:000058B4       GetTlsSize
 0001:0002C978       GetTotalDisk
 0001:0002C6C8       GetTotalMemory
 0001:0000FCFC       GetTypeData
 0001:00005A1C       GetUserName
 0001:000002F8       GetVersion
 0001:00005BFC       GetVersionEx
 0001:0002C0B4       GetVersionNumber
 0001:00005EC4       GetWindowDC
 0001:00005ECC       GetWindowLong
 0001:00005ED4       GetWindowPlacement
 0001:00005EDC       GetWindowRect
 0001:00005EE4       GetWindowText
 0001:00005EEC       GetWindowThreadProcessId
 0001:00005C04       GlobalAlloc
 0001:00005FEC       GlobalAllocPtr
 0002:00003860       GlobalFixupList
 0001:00005C0C       GlobalFree
 0001:00006018       GlobalFreePtr
 0001:00005C1C       GlobalHandle
 0001:00005C14       GlobalLock
 0001:00005C24       GlobalMemoryStatus
 0002:00003848       GlobalNameSpace
 0001:00005C2C       GlobalReAlloc
 0001:00005FFC       GlobalReAllocPtr
 0002:000039F0       GlobalSMTPValues
 0001:00005C34       GlobalUnlock
 0002:00003A5C       Global_CriticalSection
 0002:00003A74       Global_CurrentEvent
 0002:00003A40       Global_ExceptionRecord
 0002:00003A3C       Global_Execute
 0002:00003A3D       Global_Handled
 0002:00003A78       Global_IntraWebText
 0002:00003A3E       Global_Retry
 0001:0002FFE8       GoNotify
 0001:00033068       HandleAnyExceptionAddr
 0002:00003938       HandleAnyExceptionAddr_Variable
 0001:0003311C       HandleAutoExceptionAddr
 0002:00003940       HandleAutoExceptionAddr_Variable
 0001:000330B4       HandleOnExceptionAddr
 0002:0000393C       HandleOnExceptionAddr_Variable
 0002:00003CB8       HeaderData
 0002:00000024       HeapAllocFlags
 0002:000035C4       heapErrorCode
 0002:000035C8       heapLock
 0002:00000130       HexDisplayPrefix
 0002:00003664       HInstance
 0001:00005FD8       HiWord
 0001:000236F0       HookBPLProcedure
 0001:00017DD4       HookDllProcedure
 0001:0003083C       HookedCreateThread
 0001:00030504       HookedExceptionObject
 0001:00030610       HookedExceptProc
 0001:00030E78       HookedExitThread
 0001:00030F18       HookedHttpExtensionProc
 0001:00030400       HookedRaise
 0001:00030BF8       HookedResumeThread
 0001:00030798       HookedRTLThreadProc
 0001:000305E8       HookedRtlUnwind
 0001:000306A0       HookedThreadProc
 0001:0003263C       Hooked_CGIHandleServerException
 0001:00032810       Hooked_GUIHandleException
 0001:00032B40       Hooked_IndyThreadHandleException
 0001:000328EC       Hooked_IntraWebHandleException
 0001:00032724       Hooked_ISAPIHandleServerException
 0001:000329F0       Hooked_NTServiceLogMessage
 0001:00017D58       HookFunction
 0001:0003385C       HookingModuleName
 0001:00033880       HookingRTLModuleName
 0001:00033198       HookLastFInit
 0001:0003317C       HookLastInit
 0001:00017A14       HookProcedureEx
 0001:00023680       HookSymbolProcedure
 0001:000331A8       Hook_InitializationAndFinalization
 0001:00033340       Hook_OnExceptionEvents
 0001:0002A81C       HostName
 0001:000182C4       htons
 0002:000027E8       IDATHeader
 0001:00029530       IDATWrite
 0001:000201B4       ifelseStr
 0001:0002022C       ifStr
 0001:0001FD1C       ImageList_Add
 0001:0001FD14       ImageList_Create
 0001:0001FD24       ImageList_Destroy
 0002:00003CB0       ImgData
 0002:00000180       IMSecsPerDay
 0002:00003A24       InactiveThreads
 0001:0000DEFC       InBounds
 0001:0000E19C       InBounds
 0001:00016F28       IncludeLastBackslash
 0001:0000E1CC       Increment
 0001:0000DF2C       Increment
 0002:00003960       IndyThread_HandleException
 0001:0001B144       inflate
 0001:0001AFE8       inflateEnd
 0001:000199B4       InflateInit
 0001:0001B134       inflateInit_
 0001:0001AFA0       inflateReset
 0001:00017568       Init
 0001:0003388C       Init
 0001:000180FC       Init
 0001:00000B6C       InitAllocator
 0001:00032E50       InitCheckFreeze
 0002:00003634       InitContext
 0001:00029434       InitDeflate
 0001:0000C220       InitDriveSpacePtr
 0001:0000B524       InitExceptions
 0001:00005C3C       InitializeCriticalSection
 0001:00000344       InitializeCriticalSection
 0002:000035C0       initialized
 0002:00003918       Initialized
 0001:00005940       InitializeModule
 0001:0000D0BC       InitializeVarUtils
 0001:0000BBD8       InitLeadBytes
 0001:0000B628       InitPlatformId
 0001:0000BC50       InitSysLocale
 0001:00013778       InitThreadSynchronization
 0001:000058BC       InitThreadTLS
 0001:000034F4       InitUnits
 0002:0000304C       Input
 0001:00025884       InsertColumn
 0001:00001018       InsertFree
 0001:00025900       InsertRow
 0001:00033874       InstanceModuleName
 0002:00003854       IntConstList
 0001:00005AEC       InterlockedDecrement
 0001:000002E8       InterlockedDecrement
 0001:0000C288       InterlockedDecrement
 0001:00005AF4       InterlockedExchange
 0001:0000C294       InterlockedExchange
 0001:0000C29C       InterlockedExchangeAdd
 0001:0000C27C       InterlockedIncrement
 0001:00005AFC       InterlockedIncrement
 0001:000002E0       InterlockedIncrement
 0001:00002070       InternalClose
 0001:000207F8       InternalCriticalError
 0002:000039E4       InternalErrorCode
 0002:000039E8       InternalErrorMsg
 0001:0002EEE0       InternalExceptNotify
 0001:0000224C       InternalFlush
 0001:00000E58       InternalFreeMem
 0001:00007AA0       InternalGetDiskSpace
 0001:00021CFC       InternalGetFileSize
 0001:000179A4       InternalHookProc
 0002:000038AC       InternalIntoIDE
 0001:00015280       InternalLog
 0001:00029CB0       InternalSendMail
 0001:0002055C       InternalStringReplace
 0001:000179C4       InternalUnhookProc
 0001:00003D8C       InternalUniqueString
 0002:00003975       IntoFinalization
 0001:00015B8C       IntoIDE
 0002:00003974       IntoInitialization
 0002:00003980       IntraWebApplication
 0002:00003990       IntraWebMainThreadID
 0002:00003984       IntraWebServerController
 0001:00033260       IntraWeb_BPL
 0002:00003950       IntraWeb_HandleException
 0002:00003954       IntraWeb_ShowMessage
 0001:000073B4       IntToHex
 0001:0000738C       IntToHex
 0001:00007278       IntToStr
 0001:00007364       IntToStr
 0001:00005EF4       InvalidateRect
 0002:00003794       InvalidPointer
 0001:00002B2C       InvokeImplGetter
 0001:000182CC       ioctlsocket
 0001:00001C94       IOResult
 0001:00024A10       IsAParent
 0002:00003968       ISAPIHandleException
 0002:000038F4       ISAPI_HttpExtensionProc
 0002:000038F8       ISAPI_Proc
 0001:00005C44       IsBadReadPtr
 0001:00021CC8       IsCGI
 0002:00003048       IsConsole
 0001:0002077C       IsDebugged
 0001:0002366C       IsDelphiException
 0002:00003C98       IsDialogShowed
 0001:00032204       IsEurekaLogActive
 0001:000321AC       IsEurekaLogActiveInThread
 0001:00024000       IsEurekaLogModule
 0001:00023EB8       IsEurekaLogModule_New
 0001:00023D2C       IsEurekaLogModule_Old
 0001:00024D88       IsExceptionActionNotifyAssigned
 0001:00024DCC       IsExceptionErrorNotifyAssigned
 0001:000237DC       IsExceptionHandled
 0001:00024D44       IsExceptionNotifyAssigned
 0001:00021F20       IsGUI
 0001:00015AF8       IsInterlanLogActive
 0001:00021EE8       IsIntraWeb
 0001:00021EB0       IsISAPI
 0001:00008E0C       IsLeapYear
 0002:00003038       IsLibrary
 0001:0002496C       IsMainWindow
 0001:00020F30       IsManageableObject
 0002:00003049       IsMultiThread
 0001:00020750       IsValidBlockAddr
 0001:00017D34       IsValidBlockAddr
 0001:000178DC       IsValidBlockAddr
 0001:000190B0       IsValidDNS
 0001:00021038       IsValidModule
 0001:00020ED8       IsValidObject
 0001:00021EF4       IsWeb
 0001:0000BC38       IsWesternGroup
 0001:00021D54       IsWinCGI
 0001:00005EFC       IsWindow
 0001:00005F04       IsWindowVisible
 0001:00022768       Is_HandleOnException_Handled
 0002:0000002C       JITEnable
 0002:000038E8       Kernel_CreateThread
 0002:000038F0       Kernel_ExitThread
 0002:000038E0       Kernel_RaiseException
 0002:000038EC       Kernel_ResumeThread
 0002:000038E4       Kernel_RtlUnwind
 0001:00020E70       KillApplication
 0001:00005F0C       KillTimer
 0002:00003930       LanguageStr
 0001:000077B8       LastDelimiter
 0002:000039B8       LastDelphiException
 0002:00003888       LastEurekaVersion
 0002:000039AC       LastExceptAddr
 0002:000039C4       LastExceptionLog
 0002:000039C0       LastExceptionRecord
 0002:000039BC       LastExceptMessage
 0002:000039B4       LastExceptObject
 0002:000039C8       LastExceptThreadID
 0002:0000394C       LastFinalizationPtr
 0002:00003948       LastInitializationPtr
 0002:00003970       LastInitPointer
 0002:000039CC       LastLog
 0002:0000391C       LastThreadID
 0001:0000BB64       LCIDToCodePage
 0001:000056EC       LCIDToCodePage
 0002:00000110       LeadBytes
 0001:00005C4C       LeaveCriticalSection
 0001:00000354       LeaveCriticalSection
 0002:00003C5C       LeftButton
 0002:00000038       LibModuleList
 0001:00026D24       ListDialogProc
 0002:00003C54       ListHeight
 0002:0000374A       ListSeparator
 0002:00003C50       ListWidth
 0001:00005F14       LoadBitmap
 0001:00024144       LoadData
 0001:00024024       LoadData_Old
 0001:000242C4       LoadDebugInformation
 0001:00005C54       LoadLibrary
 0001:00000270       LoadLibraryEx
 0001:00005C5C       LoadLibraryEx
 0001:00005C64       LoadResource
 0001:00004DB8       LoadResourceModule
 0001:00005694       LoadResString
 0001:00000278       LoadString
 0001:00005F1C       LoadString
 0001:00005890       LocalAlloc
 0001:00000324       LocalAlloc
 0001:0002C3F0       LocalesCallback
 0001:0000032C       LocalFree
 0001:0000A6E4       LocalGetLocaleStr
 0001:00005C6C       LockResource
 0001:00030418       Log
 0002:00003894       LogCriticalSection
 0001:0002B710       LogFileMessage
 0001:00021B68       LogicToPhysicAddr
 0002:0000368C       LongDateFormat
 0002:00003720       LongDayNames
 0002:000036D4       LongMonthNames
 0002:000036A0       LongTimeFormat
 0001:0000708C       LowerCase
 0001:00000280       lstrcpyn
 0002:00003820       LVarTypes
 0002:00003824       LVarTypeSync
 0001:00026BF4       MailSlotSend
 0002:00003C94       MainDialog
 0002:00003030       MainInstance
 0002:000039A4       MainThreadHandle
 0002:00003034       MainThreadID
 0002:000039A8       MainThreadTopOfStack
 0001:000003E8       MakeEmpty
 0001:000035F0       MakeErrorMessage
 0001:00005FCC       MakeLong
 0001:0000B1DC       MapException
 0001:000032FC       MapToRunError
 0001:00005C74       MapViewOfFile
 0001:00023A10       MaxReadableSize
 0001:00027588       MemoDialogProc
 0002:00000040       MemoryManager
 0001:00000480       MergeBlockAfter
 0001:0000115C       MergeCommit
 0001:00005F24       MessageBeep
 0001:00005F2C       MessageBox
 0001:00000208       MessageBox
 0001:0000CC04       Messages
 0002:000000A8       Module
 0001:00026338       ModuleBmp
 0001:000265B4       ModuleDialogProc
 0001:00020FA0       ModuleFileName
 0001:000179E4       ModuleFileName
 0001:00021150       ModuleInfoByAddr
 0001:00021084       ModuleInfoByHandle
 0002:00003A38       ModuleInfoData
 0002:00003A30       ModuleInfoHandle
 0001:00021AA4       ModuleInitTable
 0002:00003661       ModuleIsCpp
 0002:00003660       ModuleIsLib
 0001:00026434       ModuleSize
 0002:00003900       ModulesList
 0001:00013F70       ModuleUnload
 0002:0000003C       ModuleUnloadList
 0001:000264E4       ModuleVer
 0002:000000E0       MonthDays
 0002:0000279C       Months
 0001:00001CB4       Move
 0001:00005F34       MoveWindow
 0001:00005F3C       MsgWaitForMultipleObjects
 0001:00005C7C       MulDiv
 0001:00000290       MultiByteToWideChar
 0001:0002EEAC       MustSendEmail
 0002:00003681       NegCurrFormat
 0001:000011E8       NewCommit
 0001:00001214       NewCommitAt
 0001:00027BE8       NewDialogProc
 0001:0002561C       NewDialogProc
 0001:00029244       NewDialogProc
 0001:0000B99C       NextCharIndex
 0001:00024568       NextItem
 0002:00000030       NoErrMsg
 0002:00003AB4       NonClientMetrics
 0001:00031C88       NormalizePos
 0001:00002DF0       NotifyAnyExcept
 0001:00002DC4       NotifyExcept
 0001:00002E24       NotifyExceptFinally
 0001:000050F4       NotifyModuleUnload
 0001:00002DA0       NotifyNonDelphiException
 0001:00002DDC       NotifyOnExcept
 0001:00002D84       NotifyReRaise
 0001:00002E4C       NotifyTerminate
 0001:00002E68       NotifyUnhandled
 0002:00003A29       NotLoadDebugInfo
 0001:000090E0       Now
 0002:0000395C       NTService_LogMessage
 0002:0000031C       NullAsStringValue
 0002:00000318       NullStrictConvert
 0001:00005F44       OffsetRect
 0002:00003920       OldExceptObjProc
 0002:00003904       OldExceptProc
 0001:0002BD04       OneString
 0002:00003994       OnlySafeCallExceptions
 0001:00005F4C       OpenClipboard
 0001:00024B24       OpenLogFile
 0001:00005C84       OpenProcess
 0001:00001F90       OpenText
 0002:00003C3C       OriginalHeight
 0002:00003978       OriginalThreadProc
 0002:0000397C       OriginalThreadProcAddr
 0002:00003C38       OriginalWidth
 0002:00003790       OutOfMemory
 0002:00003218       Output
 0001:00005C8C       OutputDebugString
 0001:00001E58       ParamCount
 0001:00001EC0       ParamStr
 0001:00005F54       PeekMessage
 0001:00010AF4       PointerInModule
 0002:000003A8       Priorities
 0002:000038B8       ProcedureList
 0001:0002FC10       ProcessMessages
 0001:00013000       PropValueError
 0002:000000A4       PtrToNil
 0001:000245BC       PurgeIDECallStack
 0001:0002BDC0       PurgeString
 0001:00008228       PutExponent
 0001:00010FC0       QuickSort
 0001:0000B198       RaiseAssertException
 0002:000039B0       RaisedExceptAddr
 0001:000127AC       RaiseException
 0001:000001B0       RaiseException
 0002:00003014       RaiseExceptionProc
 0001:0000C148       RaiseLastOSError
 0001:00023A6C       ReadAddr
 0001:000228CC       ReadEncodeString
 0001:00012FE8       ReadError
 0001:00005C94       ReadFile
 0001:000001B8       ReadFile
 0001:0001513C       ReadKey
 0001:00025A14       ReadState
 0001:00021B74       ReadString
 0001:00016500       ReadString
 0001:00033058       RealAddr
 0002:00003C4C       RealHeight
 0002:00003C40       RealLeft
 0002:00003C44       RealTop
 0002:00003C48       RealWidth
 0001:000059C8       Rect
 0001:00010960       Rect
 0002:00000684       Recursive
 0002:000038FC       Recursive
 0001:000182D4       recv
 0002:00003818       RefAnyProc
 0001:00005A24       RegCloseKey
 0001:00000298       RegCloseKey
 0002:00003858       RegGroups
 0001:00005150       RegisterModule
 0001:000002A0       RegOpenKeyEx
 0001:00005A2C       RegOpenKeyEx
 0001:000002A8       RegQueryValueEx
 0001:00005A34       RegQueryValueEx
 0001:00017CF8       ReHook_ProcedureByCaller
 0001:00005F5C       ReleaseDC
 0002:0000004C       reMap
 0002:00003618       remBytes
 0001:00000508       RemoveBlock
 0001:00012EB8       RemoveFixupReferences
 0001:00012F64       RemoveFixups
 0001:0000506C       RemoveModuleUnloadProc
 0001:00005044       RemoveModuleUnloadProc
 0001:00013804       RemoveThread
 0001:0002A880       ResetCounting
 0001:00005C9C       ResetEvent
 0001:0002FBDC       ResetGlobalVars
 0001:000137C4       ResetSyncEvent
 0001:0000174C       ResizeInPlace
 0001:00005CA4       ResumeThread
 0001:0000AE3C       ReturnAddr
 0001:00011668       ReturnAddr
 0001:00010E08       ReturnAddr
 0001:00029000       RFCDate
 0001:0000602C       RGB
 0002:00003614       rover
 0002:00003CA8       RowBytes
 0001:0000FCC8       RTLConsts
 0001:000001C0       RtlUnwind
 0002:00003018       RTLUnwindProc
 0002:00000070       runErrMsg
 0001:00001B44       RunErrorAt
 0002:000040FC       s
 0001:0000D070       SafeArrayCreate
 0001:0000D078       SafeArrayGetLBound
 0001:0000D080       SafeArrayGetUBound
 0001:0000D088       SafeArrayPtrOfIndex
 0002:00003020       SafeCallErrorProc
 0002:00003998       SafeCallHandle
 0001:0002043C       SafeCallItemName
 0001:00007130       SameText
 0001:0002B560       SavedScreenshot
 0001:00015988       SaveLog
 0001:0002CBE8       SaveLogFile
 0001:00025C9C       SaveState
 0001:00009D6C       ScanBlanks
 0001:00009EB0       ScanChar
 0001:0000A02C       ScanDate
 0001:00009D90       ScanNumber
 0001:00009E24       ScanString
 0001:0000A370       ScanTime
 0001:00009F34       ScanToNumber
 0002:000040E0       scr_Bitmap
 0002:000040DC       scr_DCCompatible
 0002:000040D8       scr_DCScreen
 0002:000040E8       scr_Height
 0002:000040D0       scr_pal
 0002:000040D4       scr_UsePal
 0002:000040E4       scr_Width
 0001:000318B4       SearchItem
 0001:00001248       SearchSmallBlocks
 0001:00005DC4       SelectObject
 0001:00005DCC       SelectPalette
 0001:000182DC       send
 0001:0002BAEC       SendEMail
 0001:00005F64       SendMessage
 0001:00005F6C       SendMessageTimeout
 0002:00003928       ServerECB
 0001:00005DD4       SetBkMode
 0001:0000F768       SetClearVarToEmptyParam
 0001:00005F74       SetClipboardData
 0001:0002EC28       SetClipboardText
 0001:0002A854       SetCounting
 0001:000002B0       SetCurrentDirectory
 0001:00033840       SetDebugHook
 0001:000259B8       SetDialogRect
 0001:000259F0       SetDialogState
 0001:00005CAC       SetEndOfFile
 0001:000001C8       SetEndOfFile
 0001:00020D74       SetErrorType
 0001:00005CB4       SetEvent
 0001:0000343C       SetExceptionHandler
 0001:000001D0       SetFilePointer
 0001:00005CBC       SetFilePointer
 0001:00005F7C       SetFocus
 0001:00005F84       SetForegroundWindow
 0001:00025590       SetInitDialog
 0001:00001BC8       SetInOutRes
 0001:00015B44       SetInterlanLog
 0001:00020C44       SetInternalError
 0001:000303F0       SetLastECX
 0001:00005CC4       SetLastError
 0001:00024B1C       SetLastException
 0001:00024B08       SetLastExceptionData
 0001:000303E0       SetLastStackPointer
 0001:0003310C       SetMainThreadTopOfStack
 0001:00005DDC       SetPixel
 0001:00027B1C       SetRectangles
 0001:00024FF4       SetRectangles
 0001:000204B0       SetSafeCallValue
 0001:0002A7F4       SetSMTPBar
 0001:0002A70C       SetSMTPLabel
 0001:00005DE4       SetTextColor
 0001:00005CCC       SetThreadPriority
 0001:00005F8C       SetTimer
 0001:0000F750       SetVarAsError
 0001:00005F94       SetWindowLong
 0001:00005F9C       SetWindowPlacement
 0001:00005FA4       SetWindowPos
 0002:0000014C       ShareMode
 0001:0002B864       ShellSendMail
 0002:00003688       ShortDateFormat
 0002:00003704       ShortDayNames
 0002:000036A4       ShortMonthNames
 0002:0000369C       ShortTimeFormat
 0001:00028DC4       ShowDialog
 0001:0000AD74       ShowException
 0001:00025824       ShowRequestDialog
 0001:000291DC       ShowSMTPDialog
 0001:0002935C       ShowSMTPDialogThread
 0001:00005FAC       ShowWindow
 0001:000137EC       SignalSyncEvent
 0001:00005CD4       SizeofResource
 0001:0001334C       SkipBinary
 0001:0001337C       SkipCollection
 0001:00013324       SkipList
 0001:00005CDC       Sleep
 0001:0000C140       Sleep
 0002:00003620       smallTab
 0001:0002B770       SMTPSend
 0001:0002B2D0       SMTPSendEmail
 0001:0002AB6C       SMTPSendSingleEmail
 0001:000182E4       socket
 0002:000035E8       spaceRoot
 0002:000039D8       StartDir
 0002:00003910       StartingDate
 0001:00007CB8       StrAlloc
 0001:0000B73C       StrByteType
 0001:0000B92C       StrCharLength
 0001:00007B78       StrCopy
 0001:00005DEC       StretchBlt
 0001:00012648       StringListCompareStrings
 0002:000038B0       StringLog
 0001:00007BA0       StrLCopy
 0001:00007B50       StrLen
 0001:00008100       StrLFmt
 0001:00007C00       StrLIComp
 0001:00007B68       StrMove
 0001:00007CCC       StrNew
 0001:0000B94C       StrNextChar
 0001:00007BD4       StrPCopy
 0001:00007C64       StrPos
 0001:00007C44       StrScan
 0001:000073E4       StrToInt
 0001:00007420       StrToIntDef
 0001:000192EC       StrToWord
 0001:00005CE4       SuspendThread
 0002:0000384C       SyncEvent
 0001:00024CA4       SynchronizeEvent
 0002:000039DC       SynchronizeExcept
 0002:000039E0       SynchronizeRaise
 0002:000003A4       SyncList
 0001:000002C8       SysAllocStringLen
 0001:000063CC       SysConst
 0001:0000A624       SysErrorMessage
 0001:00001574       SysFreeMem
 0001:000002D8       SysFreeString
 0001:000013C8       SysGetMem
 0001:000059C0       SysInit
 0002:0000373C       SysLocale
 0001:00001950       SysReallocMem
 0001:000002D0       SysReAllocStringLen
 0001:000057B4       System
 0001:00005FB4       SystemParametersInfo
 0001:0000CB54       SysUtils
 0001:00012CE8       TCustomMemoryStream.Read
 0001:00012D20       TCustomMemoryStream.Seek
 0001:00012CE0       TCustomMemoryStream.SetPointer
 0001:0000F804       TCustomVariantType.BinaryOp
 0001:0000F810       TCustomVariantType.Cast
 0001:0000F848       TCustomVariantType.CastTo
 0001:0000F8D4       TCustomVariantType.CastToOle
 0001:0000F890       TCustomVariantType.Compare
 0001:0000F89C       TCustomVariantType.CompareOp
 0001:0000F910       TCustomVariantType.Destroy
 0001:0000F9F0       TCustomVariantType.DispInvoke
 0001:0000F99C       TCustomVariantType.IsClear
 0001:0000F9A0       TCustomVariantType.LeftPromotion
 0001:0000F9B4       TCustomVariantType.OlePromotion
 0001:0000FA14       TCustomVariantType.QueryInterface
 0001:0000F9BC       TCustomVariantType.RaiseCastError
 0001:0000F9CC       TCustomVariantType.RaiseDispError
 0001:0000F9C4       TCustomVariantType.RaiseInvalidOp
 0001:0000F9D4       TCustomVariantType.RightPromotion
 0001:0000F9E8       TCustomVariantType.UnaryOp
 0001:0000F9FC       TCustomVariantType._AddRef
 0001:0000FA08       TCustomVariantType._Release
 0001:0002B534       TempPath
 0002:00003944       TerminateApplication
 0001:00005CEC       TerminateProcess
 0002:0000030C       TerminateProcList
 0001:00005CF4       TerminateThread
 0002:0000304A       Test8086
 0001:00018EBC       TEurekaClientSMTP.GetText
 0001:00018E74       TEurekaClientSMTP.Open
 0001:00018F98       TEurekaClientSMTP.SendCommand
 0001:00018540       TEurekaClientSocket.Cleanup
 0001:000187FC       TEurekaClientSocket.Close
 0001:00018724       TEurekaClientSocket.Create
 0001:000187C0       TEurekaClientSocket.Destroy
 0001:00018638       TEurekaClientSocket.Error
 0001:000185D4       TEurekaClientSocket.LookupName
 0001:000188C0       TEurekaClientSocket.Open
 0001:00018C38       TEurekaClientSocket.ReceiveBuf
 0001:00018DFC       TEurekaClientSocket.ReceiveFullText
 0001:00018D20       TEurekaClientSocket.ReceiveText
 0001:00018AAC       TEurekaClientSocket.SendBuf
 0001:00018B74       TEurekaClientSocket.SendText
 0001:000184A0       TEurekaClientSocket.Startup
 0001:00031510       TEurekaFunctionsList.Clear
 0001:00031534       TEurekaFunctionsList.Delete
 0001:00031570       TEurekaFunctionsList.Destroy
 0001:0003159C       TEurekaFunctionsList.GetItem
 0001:000201A0       TEurekaLogList.GetItem
 0001:00015E04       TEurekaModuleOptions.Assign
 0001:00016A98       TEurekaModuleOptions.Changed
 0001:00015C78       TEurekaModuleOptions.Create
 0001:00015D84       TEurekaModuleOptions.Destroy
 0001:00016AA4       TEurekaModuleOptions.DisableSharedDataWrite
 0001:00016AA8       TEurekaModuleOptions.EnableSharedDataWrite
 0001:000160B8       TEurekaModuleOptions.GetCustomizedTexts
 0001:00016578       TEurekaModuleOptions.LoadFromStream
 0001:00016FD8       TEurekaModuleOptions.OutputFile
 0001:0001715C       TEurekaModuleOptions.OutputLogFile
 0001:00016AAC       TEurekaModuleOptions.SaveToSharedData
 0001:000161D8       TEurekaModuleOptions.SaveToStream
 0001:00016D34       TEurekaModuleOptions.SetActivateHandle
 0001:00016D40       TEurekaModuleOptions.SetActivateLog
 0001:00016CE4       TEurekaModuleOptions.SetActive
 0001:00016D4C       TEurekaModuleOptions.SetAppendLogs
 0001:00016D58       TEurekaModuleOptions.SetAttachScreenshot
 0001:00016D64       TEurekaModuleOptions.SetEMailAddresses
 0001:00016D84       TEurekaModuleOptions.SetEMailMessage
 0001:00016DA4       TEurekaModuleOptions.SetEMailSendOptions
 0001:00016DB0       TEurekaModuleOptions.SetEMailSubject
 0001:00016CFC       TEurekaModuleOptions.SetErrorsNumberToSave
 0001:00016DD0       TEurekaModuleOptions.SetErrorsNumberToShowTerminateBtn
 0001:00016DDC       TEurekaModuleOptions.SetEurekaLogLook
 0001:00016DE8       TEurekaModuleOptions.SetForegroundTab
 0001:00016CF0       TEurekaModuleOptions.SetFreezeActivate
 0001:00016DF4       TEurekaModuleOptions.SetFreezeMessage
 0001:00016E10       TEurekaModuleOptions.SetFreezeTimeout
 0001:00016E1C       TEurekaModuleOptions.SetLogOptions
 0001:00016D18       TEurekaModuleOptions.SetModuleName
 0001:00016E30       TEurekaModuleOptions.SetOutputPath
 0001:00016E50       TEurekaModuleOptions.SetSaveLogFile
 0001:00016E5C       TEurekaModuleOptions.SetSendEntireLog
 0001:00016E68       TEurekaModuleOptions.SetShowExceptionDialog
 0001:00016E74       TEurekaModuleOptions.SetShowOptions
 0001:00016E88       TEurekaModuleOptions.SetShowTerminateBtn
 0001:00016E94       TEurekaModuleOptions.SetSMTPFrom
 0001:00016EB0       TEurekaModuleOptions.SetSMTPHost
 0001:00016ECC       TEurekaModuleOptions.SetSMTPPassword
 0001:00016EE8       TEurekaModuleOptions.SetSMTPPort
 0001:00016EF4       TEurekaModuleOptions.SetSMTPShowDialog
 0001:00016F00       TEurekaModuleOptions.SetSMTPUserID
 0001:00016F1C       TEurekaModuleOptions.SetTerminateBtnOperation
 0001:00016ADC       TEurekaModuleOptions.SetToDefaultOptions
 0001:00016AA0       TEurekaModuleOptions.StoreSharedData
 0001:00032EFC       TEurekaModuleOptionsEx.SetActive
 0001:00032F44       TEurekaModuleOptionsEx.SetFreezeActivate
 0001:00032F8C       TEurekaModuleOptionsEx.StoreSharedData
 0001:000310BC       TEurekaModulesList.Clear
 0001:000310E0       TEurekaModulesList.Delete
 0001:00031140       TEurekaModulesList.Destroy
 0001:0003116C       TEurekaModulesList.GetItem
 0001:00030FB4       TEurekaStackList.AddFrom
 0001:00031014       TEurekaStackList.Clear
 0001:00031038       TEurekaStackList.Delete
 0001:00031074       TEurekaStackList.Destroy
 0001:000310A0       TEurekaStackList.GetItem
 0001:00031188       TEurekaThreadsList.Clear
 0001:000311AC       TEurekaThreadsList.Create
 0001:000311EC       TEurekaThreadsList.Delete
 0001:00031238       TEurekaThreadsList.Destroy
 0001:00031270       TEurekaThreadsList.FindByThreadHandle
 0001:000312A8       TEurekaThreadsList.FindByThreadID
 0001:000312DC       TEurekaThreadsList.GetItem
 0001:000312F8       TEurekaThreadsList.Lock
 0001:00031304       TEurekaThreadsList.RemoveCurrentThread
 0001:00031360       TEurekaThreadsList.Unlock
 0001:0002FA0C       TExceptionThread.Create
 0001:0002FB28       TExceptionThread.Execute
 0001:00002080       TextClose
 0001:00001FF4       TextIn
 0001:000020A0       TextOpen
 0001:00002034       TextOut
 0001:00005DF4       TextOut
 0001:00008A60       TextToFloat
 0001:00020660       TextToHtml
 0002:00003C58       TextWidth
 0001:00012B14       TFileStream.Create
 0001:00012B58       TFileStream.Create
 0001:00012CAC       TFileStream.Destroy
 0001:00032C2C       TFreezeThread.Create
 0001:00032C64       TFreezeThread.Execute
 0001:00012A50       THandleStream.Create
 0001:00012A8C       THandleStream.Read
 0001:00012AAC       THandleStream.Seek
 0001:00012AD8       THandleStream.SetSize
 0001:00012AEC       THandleStream.SetSize
 0001:00012A9C       THandleStream.Write
 0001:00020F58       THModuleStream.Create
 0002:00003682       ThousandSeparator
 0002:0000387C       ThreadCount
 0002:00003864       ThreadLock
 0001:000139B0       ThreadProc
 0002:00003A0C       ThreadsCriticalSection
 0002:0000390C       ThreadsList
 0001:00003820       ThreadWrapper
 0001:00030820       ThreadWrapperAddr
 0002:00003694       TimeAMString
 0002:00003698       TimePMString
 0002:00003690       TimeSeparator
 0001:00005234       TInterfacedObject.AfterConstruction
 0001:00005240       TInterfacedObject.BeforeDestruction
 0001:00005250       TInterfacedObject.NewInstance
 0001:00005260       TInterfacedObject.QueryInterface
 0001:00005288       TInterfacedObject._AddRef
 0001:0000529C       TInterfacedObject._Release
 0001:00010D5C       TList.Add
 0001:00010D90       TList.Clear
 0001:00010DA8       TList.Delete
 0001:00010D3C       TList.Destroy
 0001:00010E0C       TList.Error
 0001:00010E44       TList.Error
 0001:00010E98       TList.Get
 0001:00010EC0       TList.Grow
 0001:00010EF4       TList.IndexOf
 0001:00011064       TList.Notify
 0001:00010F14       TList.SetCapacity
 0001:00010F50       TList.SetCount
 0001:00011044       TList.Sort
 0001:00031824       TLogFile.Append
 0001:00031624       TLogFile.Create
 0001:000316A0       TLogFile.Destroy
 0001:000319BC       TLogFile.FindItem
 0001:00031798       TLogFile.LoadFromStream
 0001:000316D0       TLogFile.ParseBuffer
 0001:00031A9C       TLogFile.Save
 0001:00031810       TLogFile.SaveToStream
 0001:00031A88       TLogFile.Text
 0001:00031B38       TLogItem.AddHeader
 0001:00031BB0       TLogItem.AddItem
 0001:00031B20       TLogItem.Clear
 0001:00031AEC       TLogItem.Create
 0001:00031EF4       TLogItem.GetString
 0002:0000366C       tlsBuffer
 0001:00005898       TlsGetValue
 0002:000000A0       TlsIndex
 0002:FFBCA0E8       TlsLast
 0001:000058A0       TlsSetValue
 0001:00012D70       TMemoryStream.Clear
 0001:00012D44       TMemoryStream.Destroy
 0001:00012DDC       TMemoryStream.Realloc
 0001:00012D88       TMemoryStream.SetCapacity
 0001:00012DB0       TMemoryStream.SetSize
 0001:00012E68       TMemoryStream.Write
 0001:0002B5E0       TmpLogFileName
 0001:0002B750       TmpScreenshot
 0001:0000C61C       TMultiReadExclusiveWriteSynchronizer.BeginRead
 0001:0000C520       TMultiReadExclusiveWriteSynchronizer.BeginWrite
 0001:0000C4DC       TMultiReadExclusiveWriteSynchronizer.BlockReaders
 0001:0000C420       TMultiReadExclusiveWriteSynchronizer.Create
 0001:0000C494       TMultiReadExclusiveWriteSynchronizer.Destroy
 0001:0000C68C       TMultiReadExclusiveWriteSynchronizer.EndRead
 0001:0000C5CC       TMultiReadExclusiveWriteSynchronizer.EndWrite
 0001:0000C4F4       TMultiReadExclusiveWriteSynchronizer.UnblockOneWriter
 0001:0000C4E8       TMultiReadExclusiveWriteSynchronizer.UnblockReaders
 0001:0000C500       TMultiReadExclusiveWriteSynchronizer.WaitForReadSignal
 0001:0000C510       TMultiReadExclusiveWriteSynchronizer.WaitForWriteSignal
 0001:00002CDC       TObject.AfterConstruction
 0001:00002CE0       TObject.BeforeDestruction
 0001:00002CC0       TObject.ClassInfo
 0001:00002A20       TObject.ClassName
 0001:00002A34       TObject.ClassParent
 0001:00002A14       TObject.ClassType
 0001:00002B0C       TObject.CleanupInstance
 0001:00002A78       TObject.Create
 0001:00002CD8       TObject.DefaultHandler
 0001:00002A98       TObject.Destroy
 0001:00002CE4       TObject.Dispatch
 0001:00002AA8       TObject.Free
 0001:00002A5C       TObject.FreeInstance
 0001:00002B5C       TObject.GetInterface
 0001:00002BFC       TObject.GetInterfaceEntry
 0001:00002CAC       TObject.InheritsFrom
 0001:00002AB4       TObject.InitInstance
 0001:00002A70       TObject.InstanceSize
 0001:00002A40       TObject.NewInstance
 0001:00002CD0       TObject.SafeCallException
 0001:00004BE0       ToLongPath
 0002:00003C60       TopButton
 0002:000040F4       totalSpace
 0001:00011184       TPersistent.Assign
 0001:00011198       TPersistent.AssignError
 0001:00011268       TPersistent.AssignTo
 0001:00011270       TPersistent.DefineProperties
 0001:00011158       TPersistent.Destroy
 0001:00011274       TPersistent.GetNamePath
 0001:00011324       TPersistent.GetOwner
 0001:000181F0       TranslateCharsetInfo
 0001:0000A9A8       TranslateDateFormat
 0001:00005FBC       TranslateMessage
 0001:0000DC14       TranslateResult
 0001:0001300C       TReader.CheckValue
 0001:00013030       TReader.EndOfList
 0001:00013044       TReader.NextValue
 0001:00013054       TReader.Read
 0001:000130A0       TReader.ReadBuffer
 0001:000130DC       TReader.ReadListBegin
 0001:000130E4       TReader.ReadListEnd
 0001:000130EC       TReader.ReadStr
 0001:00013128       TReader.ReadString
 0001:000132C8       TReader.ReadValue
 0001:000131E4       TReader.ReadWideString
 0001:000135BC       TReader.SkipBytes
 0001:00013574       TReader.SkipProperty
 0001:000132DC       TReader.SkipSetBody
 0001:000133D8       TReader.SkipValue
 0001:00010A38       TRegGroup.Create
 0001:00010AB4       TRegGroup.Destroy
 0001:00010B14       TRegGroup.UnregisterModuleClasses
 0001:00010BB8       TRegGroups.Create
 0001:00010C2C       TRegGroups.Destroy
 0001:00010C88       TRegGroups.Lock
 0001:00010C94       TRegGroups.Unlock
 0001:00010CA0       TRegGroups.UnregisterModuleClasses
 0001:000071DC       Trim
 0002:00003784       TrueBoolStrs
 0001:00008E48       TryEncodeDate
 0001:00008D00       TryEncodeTime
 0001:00001280       TryHarder
 0001:00017FB0       TryHookDllProcedureEx
 0001:00002474       TryOpenForOutput
 0001:00007524       TryStrToBool
 0001:00008CA0       TryStrToCurr
 0001:0000A598       TryStrToDateTime
 0001:00008C48       TryStrToFloat
 0001:00008C74       TryStrToFloat
 0001:00008C2C       TryStrToFloat
 0001:00007438       TryStrToInt
 0001:0000A564       TryStrToTime
 0001:000315DC       TSafeObject.GetSafeCall
 0001:0002B518       TSMTPThread.Execute
 0001:0002B520       TSMTPThread.OnSent
 0001:0001295C       TStream.CopyFrom
 0001:000126C0       TStream.GetPosition
 0001:000126F4       TStream.GetSize
 0001:000128EC       TStream.ReadBuffer
 0001:0001287C       TStream.Seek
 0001:000127F8       TStream.Seek
 0001:000126E0       TStream.SetPosition
 0001:00012740       TStream.SetSize
 0001:00012758       TStream.SetSize
 0001:00012744       TStream.SetSize64
 0001:00012924       TStream.WriteBuffer
 0001:000120E8       TStringList.Add
 0001:000120F4       TStringList.AddObject
 0001:00012158       TStringList.Changed
 0001:00012174       TStringList.Changing
 0001:00012190       TStringList.Clear
 0001:000126A4       TStringList.CompareStrings
 0001:0001266C       TStringList.CustomSort
 0001:000121D0       TStringList.Delete
 0001:0001208C       TStringList.Destroy
 0001:0001223C       TStringList.Exchange
 0001:00012298       TStringList.ExchangeItems
 0001:000122BC       TStringList.Find
 0001:00012334       TStringList.Get
 0001:00012368       TStringList.GetCapacity
 0001:0001236C       TStringList.GetCount
 0001:00012370       TStringList.GetObject
 0001:00012398       TStringList.Grow
 0001:000123CC       TStringList.IndexOf
 0001:00012408       TStringList.Insert
 0001:0001246C       TStringList.InsertItem
 0001:00012418       TStringList.InsertObject
 0001:000124E4       TStringList.Put
 0001:00012540       TStringList.PutObject
 0001:00012580       TStringList.QuickSort
 0001:00012614       TStringList.SetCapacity
 0001:00012630       TStringList.SetUpdateState
 0001:0001265C       TStringList.Sort
 0001:00011358       TStrings.Add
 0001:0001137C       TStrings.AddObject
 0001:000113A0       TStrings.AddStrings
 0001:00011458       TStrings.Assign
 0001:000114F0       TStrings.BeginUpdate
 0001:0001204C       TStrings.CompareStrings
 0001:00011560       TStrings.DefineProperties
 0001:00011328       TStrings.Destroy
 0001:000115AC       TStrings.EndUpdate
 0001:000115C0       TStrings.Equals
 0001:000116A4       TStrings.Error
 0001:0001166C       TStrings.Error
 0001:000116FC       TStrings.Exchange
 0001:000117E4       TStrings.GetCapacity
 0001:00012058       TStrings.GetNameValueSeparator
 0001:000117EC       TStrings.GetObject
 0001:000117F0       TStrings.GetText
 0001:00011844       TStrings.GetTextStr
 0001:0001196C       TStrings.IndexOf
 0001:000119F8       TStrings.IndexOfName
 0001:00011ACC       TStrings.IndexOfObject
 0001:00011B00       TStrings.InsertObject
 0001:00011B30       TStrings.LoadFromFile
 0001:00011B84       TStrings.LoadFromStream
 0001:00011C30       TStrings.Move
 0001:00011CE0       TStrings.Put
 0001:00011D14       TStrings.PutObject
 0001:00011D18       TStrings.ReadData
 0001:00011DC8       TStrings.SaveToFile
 0001:00011E20       TStrings.SaveToStream
 0001:00011E7C       TStrings.SetCapacity
 0001:00012070       TStrings.SetNameValueSeparator
 0001:00011E80       TStrings.SetStringsAdapter
 0001:00011EB4       TStrings.SetText
 0001:00011F04       TStrings.SetTextStr
 0001:00011FC4       TStrings.SetUpdateState
 0001:00011FC8       TStrings.WriteData
 0001:00013B90       TThread.AfterConstruction
 0001:00013C30       TThread.CallOnTerminate
 0001:00013C18       TThread.CheckThreadError
 0001:00013B9C       TThread.CheckThreadError
 0001:00013A58       TThread.Create
 0001:00013B28       TThread.Destroy
 0001:00013C44       TThread.DoTerminate
 0001:00013E30       TThread.Resume
 0001:00013C58       TThread.SetPriority
 0001:00013C84       TThread.Synchronize
 0001:00013DEC       TThread.Synchronize
 0001:00013DC4       TThread.Synchronize
 0001:00013E58       TThread.Terminate
 0001:00013E60       TThread.WaitFor
 0001:00011068       TThreadList.Create
 0001:000110BC       TThreadList.Destroy
 0001:00011138       TThreadList.LockList
 0001:0001114C       TThreadList.UnlockList
 0001:0000C3BC       TThreadLocalCounter.Delete
 0001:0000C2A4       TThreadLocalCounter.Destroy
 0001:0000C310       TThreadLocalCounter.HashIndex
 0001:0000C328       TThreadLocalCounter.Open
 0001:0000C3CC       TThreadLocalCounter.Recycle
 0002:000000DC       TwoDigitYearCenturyWindow
 0001:00013604       TWriter.Write
 0001:00013650       TWriter.WriteBuffer
 0001:00013668       TWriter.WriteListBegin
 0001:00013670       TWriter.WriteListEnd
 0001:00013678       TWriter.WriteMinStr
 0001:00013710       TWriter.WriteString
 0001:00013764       TWriter.WriteValue
 0001:00005A14       Types
 0001:0000FF14       TypInfo
 0001:000001D8       UnhandledExceptionFilter
 0001:00017CBC       Unhook_Procedure
 0001:000052E0       UnicodeToUtf8
 0001:00000C44       UninitAllocator
 0001:00003DD0       UniqueString
 0001:0000CC5C       UniUnimplemented
 0001:00005CFC       UnmapViewOfFile
 0001:00005160       UnregisterModule
 0001:00010CF0       UnRegisterModuleClasses
 0001:0000345C       UnsetExceptionHandler
 0001:0000703C       UpperCase
 0001:000181F8       UserCharSet
 0001:0002BE88       UserName
 0001:000055A0       UTF8Decode
 0001:000054F4       UTF8Encode
 0001:000053BC       Utf8ToUnicode
 0002:000037AC       VarAdd
 0002:00000010       VarAddRefProc
 0002:000037C4       VarAnd
 0001:0000DF88       VarArrayClear
 0001:0000E228       VarArrayCopyForEach
 0001:0000DBC0       VarArrayCreateError
 0002:000037E8       VarBoolFromStr
 0002:000037F4       VarBstrFromBool
 0002:000037EC       VarBstrFromCy
 0002:000037F0       VarBstrFromDate
 0001:0000DA34       VarCastError
 0001:0000D9E0       VarCastError
 0001:0000E104       VarClearDeep
 0002:0000000C       VarClearProc
 0002:000037D0       VarCmp
 0001:0000E408       VarCopyCopyProc
 0001:0000E410       VarCopyDeep
 0002:00000014       VarCopyProc
 0002:000037E4       VarCyFromStr
 0002:000037E0       VarDateFromStr
 0002:0000380C       VarDispProc
 0002:000037B8       VarDiv
 0002:000037D4       VarI4FromStr
 0001:0000CC24       VariantChangeType
 0002:000037A0       VariantChangeTypeEx
 0001:0000CC14       VariantClear
 0001:0000CC1C       VariantCopy
 0001:0000CC0C       VariantInit
 0001:0000FB6C       Variants
 0002:000037BC       VarIDiv
 0001:0000DAD0       VarInvalidOp
 0002:000037C0       VarMod
 0002:000037B4       VarMul
 0002:000037A4       VarNeg
 0002:000037A8       VarNot
 0002:000037C8       VarOr
 0001:0000DB24       VarOverflowError
 0002:000037D8       VarR4FromStr
 0002:000037DC       VarR8FromStr
 0001:0000DE68       VarResultCheck
 0001:0000DE74       VarResultCheck
 0002:000037B0       VarSub
 0001:0000E700       VarToLStrAny
 0001:0000E764       VarToLStrCustom
 0002:00000018       VarToLStrProc
 0001:0000E634       VarToLStrViaOS
 0001:0000EDDC       VarToWStrAny
 0001:0000EE40       VarToWStrCustom
 0002:0000001C       VarToWStrProc
 0001:0000ED24       VarToWStrViaOS
 0001:0000F5E0       VarTypeAsText
 0001:0000D3F8       VarUtils
 0002:000037CC       VarXor
 0002:00003958       VCLHandleException
 0001:00007458       VerifyBoolStrArray
 0001:00005D3C       VerQueryValue
 0001:00000334       VirtualAlloc
 0001:0000033C       VirtualFree
 0001:00005D04       VirtualProtect
 0001:00005D0C       VirtualQuery
 0001:000002C0       VirtualQuery
 0001:00005FC4       WaitForInputIdle
 0001:00005D14       WaitForSingleObject
 0001:000137D0       WaitForSyncEvent
 0002:0000039C       WakeMainThread
 0001:000039E4       WCharFromChar
 0002:00000308       WesternGroups
 0001:000002B8       WideCharToMultiByte
 0002:000000D4       Win32BuildNumber
 0001:0000C1E4       Win32Check
 0002:000000D8       Win32CSDVersion
 0002:000000CC       Win32MajorVersion
 0002:000000D0       Win32MinorVersion
 0002:000000C8       Win32Platform
 0001:0000609C       Windows
 0002:00003C64       WindowState
 0001:0001834C       WinSock
 0001:0000367C       WriteErrorMessage
 0001:000001E0       WriteFile
 0001:00005D1C       WriteFile
 0001:00021F3C       WriteHTMLToWeb
 0001:0002948C       WriteIDAT
 0001:00017964       WriteMem
 0001:00005D24       WritePrivateProfileString
 0001:000160D4       WriteString
 0001:00021C34       WriteString
 0001:00022314       WriteTextToIntraWeb
 0001:0002ED10       WriteToWeb
 0001:000182FC       WSAAsyncSelect
 0001:00018314       WSACleanup
 0001:00018304       WSAGetLastError
 0001:0001830C       WSAStartup
 0001:00003FAC       WStrError
 0001:00003FCC       WStrSet
 0001:00019974       zcalloc
 0001:00019980       zcfree
 0001:000199CC       ZDecompress
 0001:00005FE4       ZeroMemory
 0002:00001CB0       _inflate_mask
 0001:000199A0       _memcpy
 0001:00019988       _memset
 0002:00000688       _z_errmsg
 0002:00002493       __dist_code
 0002:00002693       __length_code


  Address         Publics by Value

 0002:FFBCA0E8       TlsLast
 0001:00000188       CloseHandle
 0001:00000190       CreateFileA
 0001:00000198       GetFileType
 0001:000001A0       GetFileSize
 0001:000001A8       GetStdHandle
 0001:000001B0       RaiseException
 0001:000001B8       ReadFile
 0001:000001C0       RtlUnwind
 0001:000001C8       SetEndOfFile
 0001:000001D0       SetFilePointer
 0001:000001D8       UnhandledExceptionFilter
 0001:000001E0       WriteFile
 0001:000001E8       CharNext
 0001:000001F0       CreateThread
 0001:000001F8       ExitThread
 0001:00000200       ExitProcess
 0001:00000208       MessageBox
 0001:00000210       FindClose
 0001:00000218       FindFirstFile
 0001:00000220       FreeLibrary
 0001:00000228       GetCommandLine
 0001:00000230       GetCurrentDirectory
 0001:00000238       GetLastError
 0001:00000240       GetLocaleInfo
 0001:00000248       GetModuleFileName
 0001:00000250       GetModuleHandle
 0001:00000258       GetProcAddress
 0001:00000260       GetStartupInfo
 0001:00000268       GetThreadLocale
 0001:00000270       LoadLibraryEx
 0001:00000278       LoadString
 0001:00000280       lstrcpyn
 0001:00000288       @strlen
 0001:00000290       MultiByteToWideChar
 0001:00000298       RegCloseKey
 0001:000002A0       RegOpenKeyEx
 0001:000002A8       RegQueryValueEx
 0001:000002B0       SetCurrentDirectory
 0001:000002B8       WideCharToMultiByte
 0001:000002C0       VirtualQuery
 0001:000002C8       SysAllocStringLen
 0001:000002D0       SysReAllocStringLen
 0001:000002D8       SysFreeString
 0001:000002E0       InterlockedIncrement
 0001:000002E8       InterlockedDecrement
 0001:000002F0       GetCurrentThreadId
 0001:000002F8       GetVersion
 0001:00000300       GetCmdShow
 0001:00000324       LocalAlloc
 0001:0000032C       LocalFree
 0001:00000334       VirtualAlloc
 0001:0000033C       VirtualFree
 0001:00000344       InitializeCriticalSection
 0001:0000034C       EnterCriticalSection
 0001:00000354       LeaveCriticalSection
 0001:0000035C       DeleteCriticalSection
 0001:00000364       GetBlockDesc
 0001:000003E8       MakeEmpty
 0001:000003F0       AddBlockAfter
 0001:0000044C       DeleteBlock
 0001:00000480       MergeBlockAfter
 0001:00000508       RemoveBlock
 0001:000005CC       GetSpace
 0001:00000630       GetSpaceAt
 0001:000006A8       FreeSpace
 0001:00000770       Commit
 0001:00000830       Decommit
 0001:000008EC       GetCommitted
 0001:00000994       GetCommittedAt
 0001:00000AD8       FreeCommitted
 0001:00000B6C       InitAllocator
 0001:00000C44       UninitAllocator
 0001:00000D44       DeleteFree
 0001:00000DD8       FindCommitted
 0001:00000E1C       FillBeforeGap
 0001:00000E58       InternalFreeMem
 0001:00000E7C       FillAfterGap
 0001:00000EA4       FillerSizeBeforeGap
 0001:00000F1C       FillerSizeAfterGap
 0001:00000F5C       DecommitFree
 0001:00001018       InsertFree
 0001:00001110       FreeCurAlloc
 0001:0000115C       MergeCommit
 0001:000011E8       NewCommit
 0001:00001214       NewCommitAt
 0001:00001248       SearchSmallBlocks
 0001:00001280       TryHarder
 0001:000013C8       SysGetMem
 0001:00001574       SysFreeMem
 0001:0000174C       ResizeInPlace
 0001:00001950       SysReallocMem
 0001:00001A1C       @GetMem
 0001:00001A4C       @FreeMem
 0001:00001A6C       @ReallocMem
 0001:00001ABC       ExceptObject
 0001:00001ADC       ExceptAddr
 0001:00001B08       AcquireExceptionObject
 0001:00001B44       RunErrorAt
 0001:00001B50       ErrorAt
 0001:00001B9C       Error
 0001:00001BA8       @_IOTest
 0001:00001BC8       SetInOutRes
 0001:00001BD8       @Copy
 0001:00001C1C       @LGetDir
 0001:00001C94       IOResult
 0001:00001CB4       Move
 0001:00001CF4       GetParamStr
 0001:00001E58       ParamCount
 0001:00001EC0       ParamStr
 0001:00001F24       @Pos
 0001:00001F64       @SetLength
 0001:00001F68       @ROUND
 0001:00001F74       @AbstractError
 0001:00001F90       OpenText
 0001:00001FE8       @RewritText
 0001:00001FF4       TextIn
 0001:00002030       FileNOPProc
 0001:00002034       TextOut
 0001:00002070       InternalClose
 0001:00002080       TextClose
 0001:000020A0       TextOpen
 0001:0000224C       InternalFlush
 0001:00002294       Flush
 0001:000022A0       @Flush
 0001:000022AC       @Close
 0001:00002304       @PStrCpy
 0001:00002310       @AStrCmp
 0001:00002380       @FillChar
 0001:000023A0       @ValLong
 0001:00002474       TryOpenForOutput
 0001:000024B8       @WriteBytes
 0001:0000250C       @WriteSpaces
 0001:00002588       @WriteLn
 0001:000025DC       @_CToPasStr
 0001:000025E8       @_CLenToPasStr
 0001:0000260C       @SetEq
 0001:00002620       FPower10
 0001:00002628       @Pow10
 0001:0000290C       GetKeyboardType
 0001:00002914       @isNECWindows
 0001:00002944       @FpuMaskInit
 0001:00002A08       @FpuInit
 0001:00002A14       TObject.ClassType
 0001:00002A20       TObject.ClassName
 0001:00002A34       TObject.ClassParent
[...]
 0001:0002C36C       GetLocaleDataW
 0001:0002C3AC       GetLocaleDataA
 0001:0002C3F0       LocalesCallback
 0001:0002C4D8       GetLanguageString
 0001:0002C500       GetOSLanguage
 0001:0002C50C       GetExceptionDate
 0001:0002C528       GetExceptionAddress
 0001:0002C55C       GetExceptionModule
 0001:0002C5B0       GetExceptionType
 0001:0002C620       GetExceptionMessage
 0001:0002C6C8       GetTotalMemory
 0001:0002C758       GetFreeMemory
 0001:0002C7E8       GetDiskInfo
 0001:0002C8D8       GetFreeDisk
 0001:0002C978       GetTotalDisk
 0001:0002CA18       GetStartDate
 0001:0002CA30       GetApplicationName
 0001:0002CAAC       CompleteStr
 0001:0002CAEC       FormatComplete
 0001:0002CBAC       CallExceptionActionNotify_atSavingLogFile
 0001:0002CBC0       CallExceptionActionNotify_atSavedLogFile
 0001:0002CBD4       CallExceptionErrorNotify_atSavedLogFile
 0001:0002CBE8       SaveLogFile
 0001:0002CE30       FindException
 0001:0002CEB8       CallExceptionActionNotify_atShowingExceptionInfo
 0001:0002CECC       CallExceptionActionNotify_atShowedExceptionInfo
 0001:0002CEE0       CallWriteIntraWebText
 0001:0002CEEC       CreateGeneralText
 0001:0002D554       GetEAX
 0001:0002D5A8       GetEBX
 0001:0002D5FC       GetECX
 0001:0002D650       GetEDX
 0001:0002D6A4       GetESI
 0001:0002D6F8       GetEDI
 0001:0002D74C       GetESP
 0001:0002D7A0       GetEIP
 0001:0002D7F4       GetDump
 0001:0002D9E0       GetStack
 0001:0002DA70       GetLogText
 0001:0002EC28       SetClipboardText
 0001:0002ED10       WriteToWeb
 0001:0002EEAC       MustSendEmail
 0001:0002EEE0       InternalExceptNotify
 0001:0002F8AC       GetControlClass
 0001:0002F8F0       GetControlText
 0001:0002FA0C       TExceptionThread.Create
 0001:0002FB28       TExceptionThread.Execute
 0001:0002FBDC       ResetGlobalVars
 0001:0002FC10       ProcessMessages
 0001:0002FCBC       ExceptNotify
 0001:0002FF78       GetThreadParams
 0001:0002FFE8       GoNotify
 0001:000301A0       GeneralRaise
 0001:0003029C       Call_HookedRaise
 0001:000303E0       SetLastStackPointer
 0001:000303F0       SetLastECX
 0001:00030400       HookedRaise
 0001:00030418       Log
 0001:00030460       Call_HookedExceptionObject
 0001:00030504       HookedExceptionObject
 0001:00030528       Call_HookedRtlUnwind
 0001:000305E8       HookedRtlUnwind
 0001:00030610       HookedExceptProc
 0001:000306A0       HookedThreadProc
 0001:00030798       HookedRTLThreadProc
 0001:00030820       ThreadWrapperAddr
 0001:0003083C       HookedCreateThread
 0001:00030BF0       GetStackPointer
 0001:00030BF8       HookedResumeThread
 0001:00030E78       HookedExitThread
 0001:00030F18       HookedHttpExtensionProc
 0001:00030FB4       TEurekaStackList.AddFrom
 0001:00031014       TEurekaStackList.Clear
 0001:00031038       TEurekaStackList.Delete
 0001:00031074       TEurekaStackList.Destroy
 0001:000310A0       TEurekaStackList.GetItem
 0001:000310BC       TEurekaModulesList.Clear
 0001:000310E0       TEurekaModulesList.Delete
 0001:00031140       TEurekaModulesList.Destroy
 0001:0003116C       TEurekaModulesList.GetItem
 0001:00031188       TEurekaThreadsList.Clear
 0001:000311AC       TEurekaThreadsList.Create
 0001:000311EC       TEurekaThreadsList.Delete
 0001:00031238       TEurekaThreadsList.Destroy
 0001:00031270       TEurekaThreadsList.FindByThreadHandle
 0001:000312A8       TEurekaThreadsList.FindByThreadID
 0001:000312DC       TEurekaThreadsList.GetItem
 0001:000312F8       TEurekaThreadsList.Lock
 0001:00031304       TEurekaThreadsList.RemoveCurrentThread
 0001:00031360       TEurekaThreadsList.Unlock
 0001:0003136C       GetThreadClass
 0001:00031510       TEurekaFunctionsList.Clear
 0001:00031534       TEurekaFunctionsList.Delete
 0001:00031570       TEurekaFunctionsList.Destroy
 0001:0003159C       TEurekaFunctionsList.GetItem
 0001:000315B8       CalcAddr
 0001:000315DC       TSafeObject.GetSafeCall
 0001:00031624       TLogFile.Create
 0001:000316A0       TLogFile.Destroy
 0001:000316D0       TLogFile.ParseBuffer
 0001:00031798       TLogFile.LoadFromStream
 0001:00031810       TLogFile.SaveToStream
 0001:00031824       TLogFile.Append
 0001:000318B4       SearchItem
 0001:000319BC       TLogFile.FindItem
 0001:00031A88       TLogFile.Text
 0001:00031A9C       TLogFile.Save
 0001:00031AEC       TLogItem.Create
 0001:00031B20       TLogItem.Clear
 0001:00031B38       TLogItem.AddHeader
 0001:00031BB0       TLogItem.AddItem
 0001:00031C88       NormalizePos
 0001:00031D08       FindSection
 0001:00031EF4       TLogItem.GetString
 0001:000320C0       CurrentEurekaLogOptions
 0001:00032194       GetCurrentCallStack
 0001:000321AC       IsEurekaLogActiveInThread
 0001:00032204       IsEurekaLogActive
 0001:0003220C       GetLine
 0001:00032308       GetCallerSourceLine
 0001:00032464       GetCurrentStackPointer
 0001:0003246C       ExceptionManager
 0001:0003263C       Hooked_CGIHandleServerException
 0001:00032724       Hooked_ISAPIHandleServerException
 0001:00032810       Hooked_GUIHandleException
 0001:000328EC       Hooked_IntraWebHandleException
 0001:000329F0       Hooked_NTServiceLogMessage
 0001:00032B40       Hooked_IndyThreadHandleException
 0001:00032C2C       TFreezeThread.Create
 0001:00032C64       TFreezeThread.Execute
 0001:00032E50       InitCheckFreeze
 0001:00032EA0       DoneCheckFreeze
 0001:00032EFC       TEurekaModuleOptionsEx.SetActive
 0001:00032F44       TEurekaModuleOptionsEx.SetFreezeActivate
 0001:00032F8C       TEurekaModuleOptionsEx.StoreSharedData
 0001:00033058       RealAddr
 0001:00033068       HandleAnyExceptionAddr
 0001:000330B4       HandleOnExceptionAddr
 0001:0003310C       SetMainThreadTopOfStack
 0001:0003311C       HandleAutoExceptionAddr
 0001:0003317C       HookLastInit
 0001:00033198       HookLastFInit
 0001:000331A8       Hook_InitializationAndFinalization
 0001:00033260       IntraWeb_BPL
 0001:00033340       Hook_OnExceptionEvents
 0001:00033840       SetDebugHook
 0001:0003385C       HookingModuleName
 0001:00033874       InstanceModuleName
 0001:00033880       HookingRTLModuleName
 0001:0003388C       Init
 0001:00034108       Done
 0001:00034244       Finalization
 0001:00034364       ExceptionLog
 0001:0003439C       DoHelp
 0001:000345A4       Finalization
 0001:0003468C       GetDiskInfo
 0002:00000000       ExitCode
 0002:00000004       ErrorAddr
 0002:00000008       FileMode
 0002:0000000C       VarClearProc
 0002:00000010       VarAddRefProc
 0002:00000014       VarCopyProc
 0002:00000018       VarToLStrProc
 0002:0000001C       VarToWStrProc
 0002:00000020       Default8087CW
 0002:00000024       HeapAllocFlags
 0002:00000028       DebugHook
 0002:0000002C       JITEnable
 0002:00000030       NoErrMsg
 0002:00000034       DefaultTextLineBreakStyle
 0002:00000038       LibModuleList
 0002:0000003C       ModuleUnloadList
 0002:00000040       MemoryManager
 0002:0000004C       reMap
 0002:00000068       errCaption
 0002:00000070       runErrMsg
 0002:00000090       dig
 0002:000000A0       TlsIndex
 0002:000000A4       PtrToNil
 0002:000000A8       Module
 0002:000000C0       EmptyStr
 0002:000000C4       EmptyWideStr
 0002:000000C8       Win32Platform
 0002:000000CC       Win32MajorVersion
 0002:000000D0       Win32MinorVersion
 0002:000000D4       Win32BuildNumber
 0002:000000D8       Win32CSDVersion
 0002:000000DC       TwoDigitYearCenturyWindow
 0002:000000E0       MonthDays
 0002:00000110       LeadBytes
 0002:00000130       HexDisplayPrefix
 0002:00000134       GetDiskFreeSpaceEx
 0002:00000138       cSimpleBoolStrs
 0002:00000140       AccessMode
 0002:0000014C       ShareMode
 0002:00000160       FormatErrorStrs
 0002:00000168       FCon1E18
 0002:00000174       DCon10
 0002:00000178       CWNear
 0002:0000017C       FMSecsPerDay
 0002:00000180       IMSecsPerDay
 0002:00000184       Format
 0002:00000188       DefShortMonthNames
 0002:000001B8       DefLongMonthNames
 0002:000001E8       DefShortDayNames
 0002:00000204       DefLongDayNames
 0002:00000220       ErrorMap
 0002:00000258       ExceptMap
 0002:00000308       WesternGroups
 0002:0000030C       TerminateProcList
 0002:00000310       CResult
 0002:00000318       NullStrictConvert
 0002:0000031C       NullAsStringValue
 0002:00000320       BooleanToStringRule
 0002:00000324       CInvalidCustomVariantType
 0002:00000328       CText
 0002:0000037C       CRelationshipToBoolean
 0002:00000390       BooleanIdents
 0002:00000398       DotSep
 0002:0000039C       WakeMainThread
 0002:000003A4       SyncList
 0002:000003A8       Priorities
 0002:000003C4       EurekaLogCurrentVersion
 0002:000003C8       EMsgs
 0002:00000508       EVals
 0002:00000624       EShowOptions
 0002:00000680       GetLastLine
 0002:00000684       Recursive
 0002:00000688       _z_errmsg
 0002:0000068C       ..
 0002:00000744       ..
 0002:000007BC       ..
 0002:00000878       ..
 0002:00001C7C       ..
 0002:00001CB0       _inflate_mask
 0002:00001CF4       ..
 0002:00001D28       ..
 0002:00002493       __dist_code
 0002:00002693       __length_code
 0002:00002794       fActivePage
 0002:00002798       CRCListed
 0002:0000279C       Months
 0002:000027CC       Days
 0002:000027E8       IDATHeader
 0002:000027EC       Code64
 0002:00003000       DispCallByIDProc
 0002:00003004       ExceptProc
 0002:00003008       ErrorProc
 0002:0000300C       ExceptClsProc
 0002:00003010       ExceptObjProc
 0002:00003014       RaiseExceptionProc
 0002:00003018       RTLUnwindProc
 0002:0000301C       ExceptionClass
 0002:00003020       SafeCallErrorProc
 0002:00003024       AssertErrorProc
 0002:00003028       ExitProcessProc
 0002:0000302C       AbstractErrorProc
 0002:00003030       MainInstance
 0002:00003034       MainThreadID
 0002:00003038       IsLibrary
 0002:0000303C       CmdShow
 0002:00003040       CmdLine
 0002:00003044       ExitProc
 0002:00003048       IsConsole
 0002:00003049       IsMultiThread
 0002:0000304A       Test8086
 0002:0000304C       Input
 0002:00003218       Output
 0002:000033E4       ErrOutput
 0002:000035B0       AllocMemCount
 0002:000035B4       AllocMemSize
 0002:000035B8       .5
 0002:000035BC       DefaultUserCodePage
 0002:000035C0       initialized
 0002:000035C4       heapErrorCode
 0002:000035C8       heapLock
 0002:000035E0       blockDescBlockList
 0002:000035E4       blockDescFreeList
 0002:000035E8       spaceRoot
 0002:000035F8       decommittedRoot
 0002:00003608       avail
 0002:00003614       rover
 0002:00003618       remBytes
 0002:0000361C       curAlloc
 0002:00003620       smallTab
 0002:00003624       committedRoot
 0002:00003634       InitContext
 0002:00003660       ModuleIsLib
 0002:00003661       ModuleIsCpp
 0002:00003664       HInstance
 0002:00003668       .1
 0002:0000366C       tlsBuffer
 0002:00003670       .1
 0002:00003674       .3
 0002:00003678       .1
 0002:0000367C       CurrencyString
 0002:00003680       CurrencyFormat
 0002:00003681       NegCurrFormat
 0002:00003682       ThousandSeparator
 0002:00003683       DecimalSeparator
 0002:00003684       CurrencyDecimals
 0002:00003685       DateSeparator
 0002:00003688       ShortDateFormat
 0002:0000368C       LongDateFormat
 0002:00003690       TimeSeparator
 0002:00003694       TimeAMString
 0002:00003698       TimePMString
 0002:0000369C       ShortTimeFormat
 0002:000036A0       LongTimeFormat
 0002:000036A4       ShortMonthNames
 0002:000036D4       LongMonthNames
 0002:00003704       ShortDayNames
 0002:00003720       LongDayNames
 0002:0000373C       SysLocale
 0002:0000374A       ListSeparator
 0002:0000374C       EraNames
 0002:00003768       EraYearOffsets
 0002:00003784       TrueBoolStrs
 0002:00003788       FalseBoolStrs
 0002:0000378C       .35
 0002:00003790       OutOfMemory
 0002:00003794       InvalidPointer
 0002:00003798       FLanguages
 0002:0000379C       .1
 0002:000037A0       VariantChangeTypeEx
 0002:000037A4       VarNeg
 0002:000037A8       VarNot
 0002:000037AC       VarAdd
 0002:000037B0       VarSub
 0002:000037B4       VarMul
 0002:000037B8       VarDiv
 0002:000037BC       VarIDiv
 0002:000037C0       VarMod
 0002:000037C4       VarAnd
 0002:000037C8       VarOr
 0002:000037CC       VarXor
 0002:000037D0       VarCmp
 0002:000037D4       VarI4FromStr
 0002:000037D8       VarR4FromStr
 0002:000037DC       VarR8FromStr
 0002:000037E0       VarDateFromStr
 0002:000037E4       VarCyFromStr
 0002:000037E8       VarBoolFromStr
 0002:000037EC       VarBstrFromCy
 0002:000037F0       VarBstrFromDate
 0002:000037F4       VarBstrFromBool
 0002:000037F8       .5
 0002:000037FC       EmptyParam
 0002:0000380C       VarDispProc
 0002:00003810       ClearAnyProc
 0002:00003814       ChangeAnyProc
 0002:00003818       RefAnyProc
 0002:0000381C       .81
 0002:00003820       LVarTypes
 0002:00003824       LVarTypeSync
 0002:0000383C       .1
 0002:00003840       .6
 0002:00003844       .3
 0002:00003848       GlobalNameSpace
 0002:0000384C       SyncEvent
 0002:00003850       .45
 0002:00003854       IntConstList
 0002:00003858       RegGroups
 0002:0000385C       FindGlobalComponentProcs
 0002:00003860       GlobalFixupList
 0002:00003864       ThreadLock
 0002:0000387C       ThreadCount
 0002:00003880       .1
 0002:00003884       .4
 0002:00003888       LastEurekaVersion
 0002:0000388C       GetCurrentThreadClass
 0002:00003890       .2
 0002:00003894       LogCriticalSection
 0002:000038AC       InternalIntoIDE
 0002:000038AD       ActiveInternalLog
 0002:000038AE       CanSaveLog
 0002:000038B0       StringLog
 0002:000038B4       .1
 0002:000038B8       ProcedureList
 0002:000038BC       DllList
 0002:000038C0       .1
 0002:000038C4       .1
 0002:000038C8       .4
 0002:000038CC       .1
 0002:000038D0       ExceptionNotify
 0002:000038D4       ExceptionActionNotify
 0002:000038D8       ExceptionErrorNotify
 0002:000038DC       .7
 0002:000038E0       Kernel_RaiseException
 0002:000038E4       Kernel_RtlUnwind
 0002:000038E8       Kernel_CreateThread
 0002:000038EC       Kernel_ResumeThread
 0002:000038F0       Kernel_ExitThread
 0002:000038F4       ISAPI_HttpExtensionProc
 0002:000038F8       ISAPI_Proc
 0002:000038FC       Recursive
 0002:00003900       ModulesList
 0002:00003904       OldExceptProc
 0002:00003908       CurrentStackList
 0002:0000390C       ThreadsList
 0002:00003910       StartingDate
 0002:00003918       Initialized
 0002:0000391C       LastThreadID
 0002:00003920       OldExceptObjProc
 0002:00003924       CurrentOptions
 0002:00003928       ServerECB
 0002:0000392C       CGIOutputFile
 0002:00003930       LanguageStr
 0002:00003934       ExceptionNumber
 0002:00003938       HandleAnyExceptionAddr_Variable
 0002:0000393C       HandleOnExceptionAddr_Variable
 0002:00003940       HandleAutoExceptionAddr_Variable
 0002:00003944       TerminateApplication
 0002:00003948       LastInitializationPtr
 0002:0000394C       LastFinalizationPtr
 0002:00003950       IntraWeb_HandleException
 0002:00003954       IntraWeb_ShowMessage
 0002:00003958       VCLHandleException
 0002:0000395C       NTService_LogMessage
 0002:00003960       IndyThread_HandleException
 0002:00003964       CGIHandleException
 0002:00003968       ISAPIHandleException
 0002:0000396C       CLXHandleException
 0002:00003970       LastInitPointer
 0002:00003974       IntoInitialization
 0002:00003975       IntoFinalization
 0002:00003978       OriginalThreadProc
 0002:0000397C       OriginalThreadProcAddr
 0002:00003980       IntraWebApplication
 0002:00003984       IntraWebServerController
 0002:00003988       CurrentGeneralErrorText
 0002:0000398C       CurrentCPUErrorText
 0002:00003990       IntraWebMainThreadID
 0002:00003994       OnlySafeCallExceptions
 0002:00003998       SafeCallHandle
 0002:0000399C       ActiveSafeCall
 0002:000039A0       FreezeThread
 0002:000039A4       MainThreadHandle
 0002:000039A8       MainThreadTopOfStack
 0002:000039AC       LastExceptAddr
 0002:000039B0       RaisedExceptAddr
 0002:000039B4       LastExceptObject
 0002:000039B8       LastDelphiException
 0002:000039BC       LastExceptMessage
 0002:000039C0       LastExceptionRecord
 0002:000039C4       LastExceptionLog
 0002:000039C8       LastExceptThreadID
 0002:000039CC       LastLog
 0002:000039D0       CanSendEmail_Show
 0002:000039D1       CanAttachScreenshot_Show
 0002:000039D2       CanCopy_Show
 0002:000039D3       CanSendEmail
 0002:000039D4       CanAttachScreenshot
 0002:000039D5       CanCopy
 0002:000039D6       DuplicatedException
 0002:000039D8       StartDir
 0002:000039DC       SynchronizeExcept
 0002:000039E0       SynchronizeRaise
 0002:000039E4       InternalErrorCode
 0002:000039E8       InternalErrorMsg
 0002:000039EC       EurekaLogList
 0002:000039F0       GlobalSMTPValues
 0002:00003A08       CurrentRequestValue
 0002:00003A0C       ThreadsCriticalSection
 0002:00003A24       InactiveThreads
 0002:00003A28       ActivateEurekaLog
 0002:00003A29       NotLoadDebugInfo
 0002:00003A2C       ExceptionInfoHandle
 0002:00003A30       ModuleInfoHandle
 0002:00003A34       ExceptionInfoData
 0002:00003A38       ModuleInfoData
 0002:00003A3C       Global_Execute
 0002:00003A3D       Global_Handled
 0002:00003A3E       Global_Retry
 0002:00003A40       Global_ExceptionRecord
 0002:00003A5C       Global_CriticalSection
 0002:00003A74       Global_CurrentEvent
 0002:00003A78       Global_IntraWebText
 0002:00003A7C       Cached_LogFile
 0002:00003A80       ExceptionModuleText
 0002:00003A84       ExceptionAddressText
 0002:00003A88       ExceptionTypeText
 0002:00003A8C       ExceptionMsgText
 0002:00003A90       fDlgBack
 0002:00003A94       fMemoBack
 0002:00003A98       fActive
 0002:00003A9C       fCaptionFont
 0002:00003AA0       fVariableFont
 0002:00003AA4       fFixedFont
 0002:00003AA8       FixedFontSize
 0002:00003AAC       CaptionFontName
 0002:00003AB0       FixedFontName
 0002:00003AB4       NonClientMetrics
 0002:00003C08       fMonitor
 0002:00003C0C       fMonitorInfo
 0002:00003C24       fImageList
 0002:00003C28       fBmp
 0002:00003C38       OriginalWidth
 0002:00003C3C       OriginalHeight
 0002:00003C40       RealLeft
 0002:00003C44       RealTop
 0002:00003C48       RealWidth
 0002:00003C4C       RealHeight
 0002:00003C50       ListWidth
 0002:00003C54       ListHeight
 0002:00003C58       TextWidth
 0002:00003C5C       LeftButton
 0002:00003C60       TopButton
 0002:00003C64       WindowState
 0002:00003C68       ColWidths
 0002:00003C90       DetailsActive
 0002:00003C94       MainDialog
 0002:00003C98       IsDialogShowed
 0002:00003C9C       DialogHeight
 0002:00003CA0       CAPTION_HEIGHT
 0002:00003CA4       ColoursCount
 0002:00003CA8       RowBytes
 0002:00003CAC       DataSize
 0002:00003CB0       ImgData
 0002:00003CB4       Data
 0002:00003CB8       HeaderData
 0002:00003CC8       Encode_Filter
 0002:00003CCC       Encode_Data
 0002:00003CD0       CRCList
 0002:000040D0       scr_pal
 0002:000040D4       scr_UsePal
 0002:000040D8       scr_DCScreen
 0002:000040DC       scr_DCCompatible
 0002:000040E0       scr_Bitmap
 0002:000040E4       scr_Width
 0002:000040E8       scr_Height
 0002:000040EC       freeSpace
 0002:000040F4       totalSpace
 0002:000040FC       s


Line numbers for GetDiskInfo(C:\WORK\GetDiskInfo\GetDiskInfo.dpr) segment .text

    21 0001:0003439C    22 0001:000343C7    24 0001:000343CD    25 0001:000343E3
    26 0001:00034407    28 0001:0003441D    29 0001:00034433    30 0001:00034449
    31 0001:0003445F    32 0001:00034475    33 0001:00034481    34 0001:000344A8
    36 0001:0003468C    37 0001:000346BF    39 0001:000346CF    41 0001:000346DF
    42 0001:000346FF    39 0001:00034700    43 0001:00034703    45 0001:00034715
    47 0001:00034724    48 0001:0003472F    49 0001:00034744    51 0001:00034757
    52 0001:000347B0    53 0001:0003482B

Bound resource files

C:\Program Files\EurekaLog 4\delphi7\DIALOG.RES
GetDiskInfo.drf


Program entry point at 0001:0003468C
