
 Start         Length     Name                   Class
 0001:00000000 00080320H .text                   CODE
 0002:00000000 00003790H .data                   DATA
 0002:00003790 00008331H .bss                    BSS


Detailed map of segments

 0001:00000000 00005B8F C=CODE     S=.text    G=(none)   M=System   ACBP=A9
 0001:00005B90 00000140 C=CODE     S=.text    G=(none)   M=SysInit  ACBP=A9
 0001:00005CD0 00000078 C=CODE     S=.text    G=(none)   M=Types    ACBP=A9
 0001:00005D48 00000E80 C=CODE     S=.text    G=(none)   M=Windows  ACBP=A9
 0001:00006BC8 00000330 C=CODE     S=.text    G=(none)   M=SysConst ACBP=A9
 0001:00006EF8 00006D3C C=CODE     S=.text    G=(none)   M=SysUtils ACBP=A9
 0001:0000DC34 00000038 C=CODE     S=.text    G=(none)   M=Messages ACBP=A9
 0001:0000DC6C 0000080B C=CODE     S=.text    G=(none)   M=VarUtils ACBP=A9
 0001:0000E478 00006DE6 C=CODE     S=.text    G=(none)   M=Variants ACBP=A9
 0001:00015260 00000150 C=CODE     S=.text    G=(none)   M=RTLConsts ACBP=A9
 0001:000153B0 000008C0 C=CODE     S=.text    G=(none)   M=TypInfo  ACBP=A9
 0001:00015C70 00000120 C=CODE     S=.text    G=(none)   M=ActiveX  ACBP=A9
 0001:00015D90 00009DB6 C=CODE     S=.text    G=(none)   M=Classes  ACBP=A9
 0001:0001FB48 00000038 C=CODE     S=.text    G=(none)   M=ETypes   ACBP=A9
 0001:0001FB80 00000F44 C=CODE     S=.text    G=(none)   M=EConsts  ACBP=A9
 0001:00020AC4 0000273F C=CODE     S=.text    G=(none)   M=ECore    ACBP=A9
 0001:00023204 00000A77 C=CODE     S=.text    G=(none)   M=EHook    ACBP=A9
 0001:00023C7C 000000C4 C=CODE     S=.text    G=(none)   M=ELang    ACBP=A9
 0001:00023D40 000000A0 C=CODE     S=.text    G=(none)   M=WinSock  ACBP=A9
 0001:00023DE0 0000161C C=CODE     S=.text    G=(none)   M=ESockets ACBP=A9
 0001:000253FC 000060A0 C=CODE     S=.text    G=(none)   M=EZLib    ACBP=A9
 0001:0002B49C 0001498A C=CODE     S=.text    G=(none)   M=ExceptionLog ACBP=A9
 0001:0003FE28 00000068 C=CODE     S=.text    G=(none)   M=IniFiles ACBP=A9
 0001:0003FE90 000007DC C=CODE     S=.text    G=(none)   M=Registry ACBP=A9
 0001:0004066C 00000064 C=CODE     S=.text    G=(none)   M=StrUtils ACBP=A9
 0001:000406D0 00000048 C=CODE     S=.text    G=(none)   M=Math     ACBP=A9
 0001:00040718 00000234 C=CODE     S=.text    G=(none)   M=DateUtils ACBP=A9
 0001:0004094C 00000290 C=CODE     S=.text    G=(none)   M=Consts   ACBP=A9
 0001:00040BDC 00000070 C=CODE     S=.text    G=(none)   M=rxStrUtils ACBP=A9
 0001:00040C4C 000009B8 C=CODE     S=.text    G=(none)   M=DateUtil ACBP=A9
 0001:00041604 00000038 C=CODE     S=.text    G=(none)   M=ShellAPI ACBP=A9
 0001:0004163C 00000798 C=CODE     S=.text    G=(none)   M=MyWin    ACBP=A9
 0001:00041DD4 00002DB8 C=CODE     S=.text    G=(none)   M=MyEDID   ACBP=A9
 0001:00044B8C 00000040 C=CODE     S=.text    G=(none)   M=WinSpool ACBP=A9
 0001:00044BCC 00007283 C=CODE     S=.text    G=(none)   M=Graphics ACBP=A9
 0001:0004BE50 00000060 C=CODE     S=.text    G=(none)   M=ComConst ACBP=A9
 0001:0004BEB0 00001059 C=CODE     S=.text    G=(none)   M=ComObj   ACBP=A9
 0001:0004CF0C 00000040 C=CODE     S=.text    G=(none)   M=OleConst ACBP=A9
 0001:0004CF4C 00000787 C=CODE     S=.text    G=(none)   M=MultiMon ACBP=A9
 0001:0004D6D4 000002B8 C=CODE     S=.text    G=(none)   M=Contnrs  ACBP=A9
 0001:0004D98C 000000F4 C=CODE     S=.text    G=(none)   M=CommCtrl ACBP=A9
 0001:0004DA80 00000038 C=CODE     S=.text    G=(none)   M=Imm      ACBP=A9
 0001:0004DAB8 00000FF8 C=CODE     S=.text    G=(none)   M=HelpIntfs ACBP=A9
 0001:0004EAB0 00000044 C=CODE     S=.text    G=(none)   M=Printers ACBP=A9
 0001:0004EAF4 0000031F C=CODE     S=.text    G=(none)   M=FlatSB   ACBP=A9
 0001:0004EE14 000001A4 C=CODE     S=.text    G=(none)   M=SyncObjs ACBP=A9
 0001:0004EFB8 000009BB C=CODE     S=.text    G=(none)   M=UxTheme  ACBP=A9
 0001:0004F974 00000038 C=CODE     S=.text    G=(none)   M=RichEdit ACBP=A9
 0001:0004F9AC 00000038 C=CODE     S=.text    G=(none)   M=ToolWin  ACBP=A9
 0001:0004F9E4 00000038 C=CODE     S=.text    G=(none)   M=RegStr   ACBP=A9
 0001:0004FA1C 00000038 C=CODE     S=.text    G=(none)   M=WinInet  ACBP=A9
 0001:0004FA54 00000038 C=CODE     S=.text    G=(none)   M=UrlMon   ACBP=A9
 0001:0004FA8C 00000038 C=CODE     S=.text    G=(none)   M=ShlObj   ACBP=A9
 0001:0004FAC4 00000038 C=CODE     S=.text    G=(none)   M=CommDlg  ACBP=A9
 0001:0004FAFC 00000038 C=CODE     S=.text    G=(none)   M=Dlgs     ACBP=A9
 0001:0004FB34 0000066D C=CODE     S=.text    G=(none)   M=Dialogs  ACBP=A9
 0001:000501A4 00000652 C=CODE     S=.text    G=(none)   M=ExtCtrls ACBP=A9
 0001:000507F8 00000038 C=CODE     S=.text    G=(none)   M=ComStrs  ACBP=A9
 0001:00050830 00000094 C=CODE     S=.text    G=(none)   M=Clipbrd  ACBP=A9
 0001:000508C4 000000F5 C=CODE     S=.text    G=(none)   M=Buttons  ACBP=A9
 0001:000509BC 00000038 C=CODE     S=.text    G=(none)   M=ExtDlgs  ACBP=A9
 0001:000509F4 0000006C C=CODE     S=.text    G=(none)   M=Mapi     ACBP=A9
 0001:00050A60 00000058 C=CODE     S=.text    G=(none)   M=ExtActns ACBP=A9
 0001:00050AB8 00000038 C=CODE     S=.text    G=(none)   M=ListActns ACBP=A9
 0001:00050AF0 00000180 C=CODE     S=.text    G=(none)   M=ComCtrls ACBP=A9
 0001:00050C70 00000A0C C=CODE     S=.text    G=(none)   M=Themes   ACBP=A9
 0001:0005167C 00000038 C=CODE     S=.text    G=(none)   M=StdCtrls ACBP=A9
 0001:000516B4 00000168 C=CODE     S=.text    G=(none)   M=StdActns ACBP=A9
 0001:0005181C 00000D1F C=CODE     S=.text    G=(none)   M=WinHelpViewer ACBP=A9
 0001:0005253C 00001292 C=CODE     S=.text    G=(none)   M=ActnList ACBP=A9
 0001:000537D0 0000C25C C=CODE     S=.text    G=(none)   M=Forms    ACBP=A9
 0001:0005FA2C 000016E4 C=CODE     S=.text    G=(none)   M=ImgList  ACBP=A9
 0001:00061110 00006639 C=CODE     S=.text    G=(none)   M=Menus    ACBP=A9
 0001:0006774C 00010467 C=CODE     S=.text    G=(none)   M=Controls ACBP=A9
 0001:00077BB4 000008EA C=CODE     S=.text    G=(none)   M=OleServer ACBP=A9
 0001:000784A0 00000038 C=CODE     S=.text    G=(none)   M=StdVCL   ACBP=A9
 0001:000784D8 000000F8 C=CODE     S=.text    G=(none)   M=WbemScripting_TLB ACBP=A9
 0001:000785D0 00001AB8 C=CODE     S=.text    G=(none)   M=MyPrinter ACBP=A9
 0001:0007A088 000003F4 C=CODE     S=.text    G=(none)   M=MyDisk   ACBP=A9
 0001:0007A47C 00000038 C=CODE     S=.text    G=(none)   M=ActiveDs_TLB ACBP=A9
 0001:0007A4B4 00005E6C C=CODE     S=.text    G=(none)   M=GetDeviceInfo ACBP=A9
 0002:00000000 000000A0 C=DATA     S=.data    G=DGROUP   M=System   ACBP=A9
 0002:000000A0 00000020 C=DATA     S=.data    G=DGROUP   M=SysInit  ACBP=A9
 0002:000000C0 00000250 C=DATA     S=.data    G=DGROUP   M=SysUtils ACBP=A9
 0002:00000310 00000008 C=DATA     S=.data    G=DGROUP   M=VarUtils ACBP=A9
 0002:00000318 00000122 C=DATA     S=.data    G=DGROUP   M=Variants ACBP=A9
 0002:0000043C 0000000C C=DATA     S=.data    G=DGROUP   M=TypInfo  ACBP=A9
 0002:00000448 00000010 C=DATA     S=.data    G=DGROUP   M=ActiveX  ACBP=A9
 0002:00000458 00000080 C=DATA     S=.data    G=DGROUP   M=Classes  ACBP=A9
 0002:000004D8 000002BC C=DATA     S=.data    G=DGROUP   M=EConsts  ACBP=A9
 0002:00000794 00000008 C=DATA     S=.data    G=DGROUP   M=ECore    ACBP=A9
 0002:0000079C 0000210C C=DATA     S=.data    G=DGROUP   M=EZLib    ACBP=A9
 0002:000028A8 00000099 C=DATA     S=.data    G=DGROUP   M=ExceptionLog ACBP=A9
 0002:00002944 00000008 C=DATA     S=.data    G=DGROUP   M=IniFiles ACBP=A9
 0002:0000294C 00000008 C=DATA     S=.data    G=DGROUP   M=Registry ACBP=A9
 0002:00002954 0000003C C=DATA     S=.data    G=DGROUP   M=DateUtil ACBP=A9
 0002:00002990 00000304 C=DATA     S=.data    G=DGROUP   M=Graphics ACBP=A9
 0002:00002C94 00000030 C=DATA     S=.data    G=DGROUP   M=ComObj   ACBP=A9
 0002:00002CC4 00000004 C=DATA     S=.data    G=DGROUP   M=Printers ACBP=A9
 0002:00002CC8 00000074 C=DATA     S=.data    G=DGROUP   M=Dialogs  ACBP=A9
 0002:00002D3C 00000178 C=DATA     S=.data    G=DGROUP   M=ExtCtrls ACBP=A9
 0002:00002EB4 0000002C C=DATA     S=.data    G=DGROUP   M=Buttons  ACBP=A9
 0002:00002EE0 00000008 C=DATA     S=.data    G=DGROUP   M=Mapi     ACBP=A9
 0002:00002EE8 00000018 C=DATA     S=.data    G=DGROUP   M=ComCtrls ACBP=A9
 0002:00002F00 00000068 C=DATA     S=.data    G=DGROUP   M=Themes   ACBP=A9
 0002:00002F68 0000011C C=DATA     S=.data    G=DGROUP   M=Forms    ACBP=A9
 0002:00003084 00000020 C=DATA     S=.data    G=DGROUP   M=ImgList  ACBP=A9
 0002:000030A4 000000EC C=DATA     S=.data    G=DGROUP   M=Menus    ACBP=A9
 0002:00003190 0000013C C=DATA     S=.data    G=DGROUP   M=Controls ACBP=A9
 0002:000032CC 00000010 C=DATA     S=.data    G=DGROUP   M=WbemScripting_TLB ACBP=A9
 0002:00004000 00000664 C=BSS      S=.bss     G=DGROUP   M=System   ACBP=A9
 0002:00004664 00000010 C=BSS      S=.bss     G=DGROUP   M=SysInit  ACBP=A9
 0002:00004674 00000004 C=BSS      S=.bss     G=DGROUP   M=Types    ACBP=A9
 0002:00004678 00000004 C=BSS      S=.bss     G=DGROUP   M=Windows  ACBP=A9
 0002:0000467C 00000004 C=BSS      S=.bss     G=DGROUP   M=SysConst ACBP=A9
 0002:00004680 00000120 C=BSS      S=.bss     G=DGROUP   M=SysUtils ACBP=A9
 0002:000047A0 00000004 C=BSS      S=.bss     G=DGROUP   M=Messages ACBP=A9
 0002:000047A4 0000005C C=BSS      S=.bss     G=DGROUP   M=VarUtils ACBP=A9
 0002:00004800 00000040 C=BSS      S=.bss     G=DGROUP   M=Variants ACBP=A9
 0002:00004840 00000004 C=BSS      S=.bss     G=DGROUP   M=RTLConsts ACBP=A9
 0002:00004844 00000004 C=BSS      S=.bss     G=DGROUP   M=TypInfo  ACBP=A9
 0002:00004848 00000004 C=BSS      S=.bss     G=DGROUP   M=ActiveX  ACBP=A9
 0002:0000484C 00000044 C=BSS      S=.bss     G=DGROUP   M=Classes  ACBP=A9
 0002:00004890 00000004 C=BSS      S=.bss     G=DGROUP   M=ETypes   ACBP=A9
 0002:00004894 00000004 C=BSS      S=.bss     G=DGROUP   M=EConsts  ACBP=A9
 0002:00004898 0000002C C=BSS      S=.bss     G=DGROUP   M=ECore    ACBP=A9
 0002:000048C4 0000000C C=BSS      S=.bss     G=DGROUP   M=EHook    ACBP=A9
 0002:000048D0 00000004 C=BSS      S=.bss     G=DGROUP   M=ELang    ACBP=A9
 0002:000048D4 00000004 C=BSS      S=.bss     G=DGROUP   M=WinSock  ACBP=A9
 0002:000048D8 00000004 C=BSS      S=.bss     G=DGROUP   M=ESockets ACBP=A9
 0002:000048DC 00000004 C=BSS      S=.bss     G=DGROUP   M=EZLib    ACBP=A9
 0002:000048E0 0000081C C=BSS      S=.bss     G=DGROUP   M=ExceptionLog ACBP=A9
 0002:000050FC 00000004 C=BSS      S=.bss     G=DGROUP   M=IniFiles ACBP=A9
 0002:00005100 00000004 C=BSS      S=.bss     G=DGROUP   M=Registry ACBP=A9
 0002:00005104 00000004 C=BSS      S=.bss     G=DGROUP   M=StrUtils ACBP=A9
 0002:00005108 00000004 C=BSS      S=.bss     G=DGROUP   M=Math     ACBP=A9
 0002:0000510C 00000004 C=BSS      S=.bss     G=DGROUP   M=DateUtils ACBP=A9
 0002:00005110 00000004 C=BSS      S=.bss     G=DGROUP   M=Consts   ACBP=A9
 0002:00005114 00000004 C=BSS      S=.bss     G=DGROUP   M=rxStrUtils ACBP=A9
 0002:00005118 00000008 C=BSS      S=.bss     G=DGROUP   M=DateUtil ACBP=A9
 0002:00005120 00000004 C=BSS      S=.bss     G=DGROUP   M=ShellAPI ACBP=A9
 0002:00005124 000001E0 C=BSS      S=.bss     G=DGROUP   M=MyWin    ACBP=A9
 0002:00005304 00003400 C=BSS      S=.bss     G=DGROUP   M=MyEDID   ACBP=A9
 0002:00008704 00000004 C=BSS      S=.bss     G=DGROUP   M=WinSpool ACBP=A9
 0002:00008708 00000060 C=BSS      S=.bss     G=DGROUP   M=Graphics ACBP=A9
 0002:00008768 00000004 C=BSS      S=.bss     G=DGROUP   M=ComConst ACBP=A9
 0002:0000876C 00000011 C=BSS      S=.bss     G=DGROUP   M=ComObj   ACBP=A9
 0002:00008780 00000004 C=BSS      S=.bss     G=DGROUP   M=OleConst ACBP=A9
 0002:00008784 00000031 C=BSS      S=.bss     G=DGROUP   M=MultiMon ACBP=A9
 0002:000087B8 00000004 C=BSS      S=.bss     G=DGROUP   M=Contnrs  ACBP=A9
 0002:000087BC 00000004 C=BSS      S=.bss     G=DGROUP   M=CommCtrl ACBP=A9
 0002:000087C0 00000004 C=BSS      S=.bss     G=DGROUP   M=Imm      ACBP=A9
 0002:000087C4 00000008 C=BSS      S=.bss     G=DGROUP   M=HelpIntfs ACBP=A9
 0002:000087CC 00000004 C=BSS      S=.bss     G=DGROUP   M=Printers ACBP=A9
 0002:000087D0 00000034 C=BSS      S=.bss     G=DGROUP   M=FlatSB   ACBP=A9
 0002:00008804 00000004 C=BSS      S=.bss     G=DGROUP   M=SyncObjs ACBP=A9
 0002:00008808 000000CC C=BSS      S=.bss     G=DGROUP   M=UxTheme  ACBP=A9
 0002:000088D4 00000004 C=BSS      S=.bss     G=DGROUP   M=RichEdit ACBP=A9
 0002:000088D8 00000004 C=BSS      S=.bss     G=DGROUP   M=ToolWin  ACBP=A9
 0002:000088DC 00000004 C=BSS      S=.bss     G=DGROUP   M=RegStr   ACBP=A9
 0002:000088E0 00000004 C=BSS      S=.bss     G=DGROUP   M=WinInet  ACBP=A9
 0002:000088E4 00000004 C=BSS      S=.bss     G=DGROUP   M=UrlMon   ACBP=A9
 0002:000088E8 00000004 C=BSS      S=.bss     G=DGROUP   M=ShlObj   ACBP=A9
 0002:000088EC 00000004 C=BSS      S=.bss     G=DGROUP   M=CommDlg  ACBP=A9
 0002:000088F0 00000004 C=BSS      S=.bss     G=DGROUP   M=Dlgs     ACBP=A9
 0002:000088F4 0000000C C=BSS      S=.bss     G=DGROUP   M=Dialogs  ACBP=A9
 0002:00008900 00000004 C=BSS      S=.bss     G=DGROUP   M=ExtCtrls ACBP=A9
 0002:00008904 00000004 C=BSS      S=.bss     G=DGROUP   M=ComStrs  ACBP=A9
 0002:00008908 0000000C C=BSS      S=.bss     G=DGROUP   M=Clipbrd  ACBP=A9
 0002:00008914 00000030 C=BSS      S=.bss     G=DGROUP   M=Buttons  ACBP=A9
 0002:00008944 00000004 C=BSS      S=.bss     G=DGROUP   M=ExtDlgs  ACBP=A9
 0002:00008948 00000004 C=BSS      S=.bss     G=DGROUP   M=Mapi     ACBP=A9
 0002:0000894C 00000009 C=BSS      S=.bss     G=DGROUP   M=ExtActns ACBP=A9
 0002:00008958 00000004 C=BSS      S=.bss     G=DGROUP   M=ListActns ACBP=A9
 0002:0000895C 00000010 C=BSS      S=.bss     G=DGROUP   M=ComCtrls ACBP=A9
 0002:0000896C 00000008 C=BSS      S=.bss     G=DGROUP   M=Themes   ACBP=A9
 0002:00008974 00000004 C=BSS      S=.bss     G=DGROUP   M=StdCtrls ACBP=A9
 0002:00008978 00000004 C=BSS      S=.bss     G=DGROUP   M=StdActns ACBP=A9
 0002:0000897C 00000014 C=BSS      S=.bss     G=DGROUP   M=WinHelpViewer ACBP=A9
 0002:00008990 00000004 C=BSS      S=.bss     G=DGROUP   M=ActnList ACBP=A9
 0002:00008994 00000020 C=BSS      S=.bss     G=DGROUP   M=Forms    ACBP=A9
 0002:000089B4 0000000C C=BSS      S=.bss     G=DGROUP   M=ImgList  ACBP=A9
 0002:000089C0 00000010 C=BSS      S=.bss     G=DGROUP   M=Menus    ACBP=A9
 0002:000089D0 00000080 C=BSS      S=.bss     G=DGROUP   M=Controls ACBP=A9
 0002:00008A50 00000004 C=BSS      S=.bss     G=DGROUP   M=OleServer ACBP=A9
 0002:00008A54 00000004 C=BSS      S=.bss     G=DGROUP   M=StdVCL   ACBP=A9
 0002:00008A58 00000004 C=BSS      S=.bss     G=DGROUP   M=WbemScripting_TLB ACBP=A9
 0002:00008A5C 00003408 C=BSS      S=.bss     G=DGROUP   M=MyPrinter ACBP=A9
 0002:0000BE64 000002D8 C=BSS      S=.bss     G=DGROUP   M=MyDisk   ACBP=A9
 0002:0000C13C 00000004 C=BSS      S=.bss     G=DGROUP   M=ActiveDs_TLB ACBP=A9
 0002:0000C140 000001F0 C=BSS      S=.bss     G=DGROUP   M=GetDeviceInfo ACBP=A9


  Address         Publics by Name

 0002:0000C324       .
 0002:0000C314       .
 0002:0000C320       .
 0002:0000C31C       .
 0002:0000C32C       .
 0002:0000C328       .
 0002:0000C318       .
 0002:0000098C       ..
 0002:000008D0       ..
 0001:000294F0       ..
 0002:00001E3C       ..
 0002:00001D90       ..
 0002:00000858       ..
 0002:000007A0       ..
 0001:00027F28       ..
 0002:00001E08       ..
 0002:00008948       .1
 0002:0000467C       .1
 0002:00004890       .1
 0002:000088C4       .1
 0002:000048C4       .1
 0002:00004674       .1
 0002:000047A0       .1
 0002:000048D0       .1
 0002:000048D4       .1
 0002:000088D4       .1
 0002:000048DC       .1
 0002:000088DC       .1
 0002:000088E0       .1
 0002:00008904       .1
 0002:000088E4       .1
 0002:000087BC       .1
 0002:000088E8       .1
 0002:00008A54       .1
 0002:000088F0       .1
 0002:00005104       .1
 0002:0000466C       .1
 0002:0000510C       .1
 0002:00005110       .1
 0002:00005114       .1
 0002:0000511C       .1
 0002:00005120       .1
 0002:00005300       .1
 0002:00004840       .1
 0002:000087F0       .1
 0002:00008768       .1
 0002:00008984       .1
 0002:00008780       .1
 0002:000087C0       .1
 0002:000087A4       .1
 0002:000088EC       .1
 0002:000088F4       .11
 0002:0000870C       .12
 0002:00008900       .12
 0002:000087C4       .2
 0002:0000BE60       .2
 0002:0000896C       .2
 0002:0000890C       .2
 0002:000048A0       .2
 0002:00005108       .2
 0002:0000C138       .2
 0002:000087B8       .21
 0002:00008A58       .23
 0002:00008944       .3
 0002:000089B4       .3
 0002:00004848       .3
 0002:00008700       .3
 0002:00008704       .3
 0002:00004678       .3
 0002:00008A50       .3
 0002:000087CC       .3
 0002:00004790       .35
 0002:0000895C       .36
 0002:000048D8       .4
 0002:00004894       .4
 0002:00008914       .4
 0002:000088D8       .4
 0002:0000876C       .41
 0002:0000899C       .41
 0002:00008974       .42
 0002:00004858       .45
 0002:000047FC       .5
 0002:000045BC       .5
 0002:00005100       .5
 0002:00004844       .6
 0002:00008804       .6
 0002:000048EC       .7
 0002:000089D8       .72
 0002:0000894C       .72
 0002:00008978       .73
 0002:000050FC       .8
 0002:00008990       .8
 0002:00008958       .8
 0002:00004820       .81
 0002:000089C8       .9
 0002:0000C13C       .93
 0001:00001C10       @AbstractError
 0001:00004538       @AddRefArray
 0001:000044F0       @AddRefRecord
 0001:0002B338       @adler32
 0001:00002D0C       @AfterConstruction
 0001:00002B58       @AsClass
 0001:000037A4       @Assert
 0001:00001EE8       @Assign
 0001:000020E4       @AStrCmp
 0001:00002D1C       @BeforeDestruction
 0001:000028E8       @BoundErr
 0001:00002BA4       @CallDynaInst
 0001:000055CC       @CheckAutoResult
 0001:00002CB4       @ClassCreate
 0001:00002D04       @ClassDestroy
 0001:00001FB0       @Close
 0001:000018D4       @Copy
 0001:0000472C       @CopyArray
 0001:00004610       @CopyRecord
 0001:000048A8       @DispCallByIDError
 0001:0000EF9C       @DispInvokeError
 0001:00004834       @Dispose
 0001:0000325C       @DoneExcept
 0001:00004E68       @DynArrayAddRef
 0001:00004E40       @DynArrayAsg
 0001:00004E04       @DynArrayClear
 0001:00004C44       @DynArrayHigh
 0001:00004C3C       @DynArrayLength
 0001:00004DF8       @DynArraySetLength
 0001:00003344       @ExceptionHandler
 0001:00002154       @FillChar
 0001:000044E4       @Finalize
 0001:000043F8       @FinalizeArray
 0001:000043AC       @FinalizeRecord
 0001:00001FA4       @Flush
 0001:000028DC       @FpuInit
 0001:00002818       @FpuMaskInit
 0001:0000175C       @FreeMem
 0001:0000173C       @GetMem
 0001:00005C08       @GetTls
 0001:0000378C       @Halt
 0001:000036B4       @Halt0
 0001:00002E30       @HandleAnyException
 0001:0000311C       @HandleAutoException
 0001:000030E4       @HandleFinally
 0001:00002F5C       @HandleOnException
 0001:000271F8       @inflate_blocks
 0001:00027EC8       @inflate_blocks_free
 0001:00027160       @inflate_blocks_new
 0001:000270FC       @inflate_blocks_reset
 0001:00027F1C       @inflate_blocks_sync_point
 0001:00028674       @inflate_codes
 0001:00028F0C       @inflate_codes_free
 0001:00028624       @inflate_codes_new
 0001:00029028       @inflate_fast
 0001:00028F18       @inflate_flush
 0001:00027EF8       @inflate_set_dictionary
 0001:0002841C       @inflate_trees_bits
 0001:000284B8       @inflate_trees_dynamic
 0001:000285F8       @inflate_trees_fixed
 0001:00005C54       @InitExe
 0001:000043A0       @Initialize
 0001:0000430C       @InitializeArray
 0001:000042DC       @InitializeRecord
 0001:00003578       @InitImports
 0001:00003550       @InitResStringImports
 0001:0000352C       @InitResStrings
 0001:00005530       @IntfAddRef
 0001:00005500       @IntfCast
 0001:000054BC       @IntfClear
 0001:000054D4       @IntfCopy
 0001:00002B34       @IsClass
 0001:000027E8       @isNECWindows
 0001:00001918       @LGetDir
 0001:00003D14       @LStrAddRef
 0001:0000386C       @LStrArrayClr
 0001:0000389C       @LStrAsg
 0001:00003B2C       @LStrCat
 0001:00003B70       @LStrCat3
 0001:00003BE4       @LStrCatN
 0001:00003848       @LStrClr
 0001:00003C70       @LStrCmp
 0001:00003D84       @LStrCopy
 0001:00003DC4       @LStrDelete
 0001:00003AB8       @LStrFromArray
 0001:00003A30       @LStrFromChar
 0001:00003A40       @LStrFromPChar
 0001:00003938       @LStrFromPCharLen
 0001:00003A70       @LStrFromPWChar
 0001:000039A4       @LStrFromPWCharLen
 0001:00003AAC       @LStrFromString
 0001:00003AD0       @LStrFromWArray
 0001:00003AEC       @LStrFromWStr
 0001:00003E0C       @LStrInsert
 0001:000038E0       @LStrLAsg
 0001:00003B24       @LStrLen
 0001:00003E68       @LStrPos
 0001:00003EB0       @LStrSetLength
 0001:00003D24       @LStrToPChar
 0001:00003B00       @LStrToString
 0001:00004820       @New
 0001:0000390C       @NewAnsiString
 0001:00003F44       @NewWideString
 0001:00001B9C       @Pos
 0001:000024FC       @Pow10
 0001:00002060       @PStrCmp
 0001:00002038       @PStrCpy
 0001:00002008       @PStrNCat
 0001:00002044       @PStrNCpy
 0001:00003208       @RaiseAgain
 0001:000031E0       @RaiseExcept
 0001:0000177C       @ReallocMem
 0001:00001C84       @RewritText
 0001:00001C04       @ROUND
 0001:00003798       @RunError
 0001:000024E0       @SetEq
 0001:00001BDC       @SetLength
 0001:000034EC       @StartExe
 0001:00000314       @strlen
 0001:00002174       @StrLong
 0001:0000328C       @TryFinallyExit
 0001:00003D7C       @UniqueStringA
 0001:00004A0C       @ValInt64
 0001:000021D4       @ValLong
 0001:00015130       @VarAdd
 0001:00004520       @VarAddRef
 0001:000147F8       @VarAddRef
 0001:00014BF4       @VarArrayGet
 0001:0000FACC       @VarCast
 0001:0000F288       @VarClear
 0001:000043E0       @VarClr
 0001:0000F29C       @VarClr
 0001:0000F5B0       @VarCopy
 0001:000045F8       @VarCopy
 0001:0000F830       @VarCopyNoInd
 0001:00013838       @VarFromBool
 0001:000136C4       @VarFromByte
 0001:00013888       @VarFromCurr
 0001:000137E0       @VarFromCurrency
 0001:0001380C       @VarFromDate
 0001:0001392C       @VarFromDisp
 0001:000137B4       @VarFromDouble
 0001:00013668       @VarFromInt
 0001:00013764       @VarFromInt64
 0001:000136A4       @VarFromInteger
 0001:00013900       @VarFromIntf
 0001:00013704       @VarFromLongWord
 0001:0001389C       @VarFromLStr
 0001:00013860       @VarFromReal
 0001:00013724       @VarFromShortInt
 0001:00013790       @VarFromSingle
 0001:00013744       @VarFromSmallInt
 0001:00013874       @VarFromTDateTime
 0001:000136E4       @VarFromWord
 0001:000138C8       @VarFromWStr
 0001:0000EFF0       @VarNull
 0001:00014768       @VarOp
 0001:00011298       @VarToBool
 0001:00010F50       @VarToBoolean
 0001:00010390       @VarToByte
 0001:0001213C       @VarToCurrency
 0001:00011BD4       @VarToDate
 0001:000135BC       @VarToDisp
 0001:00011464       @VarToDouble
 0001:00010954       @VarToInt64
 0001:0000FE90       @VarToInteger
 0001:000134F0       @VarToIntf
 0001:00010608       @VarToLongWord
 0001:000127F0       @VarToLStr
 0001:000117E0       @VarToReal
 0001:000102E0       @VarToShortInt
 0001:000117FC       @VarToSingle
 0001:00010438       @VarToSmallInt
 0001:00010530       @VarToWord
 0001:00012F18       @VarToWStr
 0001:000023BC       @Write0Char
 0001:00002438       @Write0Long
 0001:00003F14       @Write0LString
 0001:000022EC       @WriteBytes
 0001:00002468       @WriteLn
 0001:000023F8       @WriteLong
 0001:00003F1C       @WriteLString
 0001:00002340       @WriteSpaces
 0001:00002440       @WriteString
 0001:000042BC       @WStrAddRef
 0001:00003F84       @WStrArrayClr
 0001:00003FA8       @WStrAsg
 0001:000040E4       @WStrCat
 0001:00004144       @WStrCat3
 0001:00003F6C       @WStrClr
 0001:000041A8       @WStrCmp
 0001:0000422C       @WStrCopy
 0001:000040B8       @WStrFromLStr
 0001:00003FCC       @WStrFromPCharLen
 0001:0000407C       @WStrFromPWChar
 0001:00004058       @WStrFromPWCharLen
 0001:000040D8       @WStrLen
 0001:00004278       @WStrSetLength
 0001:000040C8       @WStrToPWChar
 0001:000024BC       @_CLenToPasStr
 0001:000024B0       @_CToPasStr
 0001:000018A4       @_IOTest
 0001:000048D4       @_lldiv
 0001:00004950       @_llmod
 0001:000048B0       @_llmul
 0001:000049CC       @_llshl
 0001:000049EC       @_llushr
 0001:0002A6E8       @_tr_align
 0001:0002A9A8       @_tr_flush_block
 0001:000294F4       @_tr_init
 0001:0002A62C       @_tr_stored_block
 0001:0000BB48       Abort
 0001:00069F70       AbsMin
 0001:0000BF14       AbstractErrorHandler
 0002:0000402C       AbstractErrorProc
 0002:00000140       AccessMode
 0001:0000180C       AcquireExceptionObject
 0001:00033454       ActicatePage
 0001:000180FC       ActivateClassGroup
 0002:00004A38       ActivateEurekaLog
 0001:0000639C       ActivateKeyboardLayout
 0002:00008A0C       ActiveDrag
 0001:0007A4AC       ActiveDs_TLB
 0002:000048BD       ActiveInternalLog
 0002:000049AC       ActiveSafeCall
 0001:00015D88       ActiveX
 0001:000537A4       ActnList
 0001:00000448       AddBlockAfter
 0002:00000458       AddDataModule
 0001:00024BA4       AddDNS
 0001:0001B260       AddFinished
 0001:00062D44       AddIn
 0001:0002FEB0       AddModule
 0001:00005350       AddModuleUnloadProc
 0001:00005360       AddModuleUnloadProc
 0001:0001B298       AddNotFinished
 0002:0000C140       AddrServer
 0001:0001BCBC       AddSubComponentsToLoaded
 0001:0001E0D0       AddThread
 0001:0002FFC0       AddToStack
 0001:000481F4       AdjustColor
 0001:000333A4       AdjustDialog
 0001:000318B4       AdjustFlatStyle
 0001:00055DB0       Adjustment
 0001:000063A4       AdjustWindowRectEx
 0001:000352FC       AfterScreenshot
 0002:00003178       Alignments
 0002:00003168       Alignments
 0001:0005CCA8       AlignWork
 0001:0006F514       AlignWork
 0001:0001F928       AllocateHWnd
 0001:00007B40       AllocMem
 0002:000045B4       AllocMemCount
 0002:000045B8       AllocMemSize
 0001:0004BC48       AllocPatternBitmap
 0001:00005BB0       AllocTlsBuffer
 0002:0000319C       AnchorAlign
 0002:00003190       AnimateWindowProc
 0002:00003298       AnimationStyle
 0001:00007CD4       AnsiCompareStr
 0001:00007D0C       AnsiCompareText
 0001:000083DC       AnsiLastChar
 0001:000063B4       AnsiLower
 0001:0000C81C       AnsiPos
 0001:0004066C       AnsiReplaceStr
 0001:00067558       AnsiSameCaption
 0001:00007D44       AnsiSameText
 0001:00007D5C       AnsiStrLIComp
 0001:0000C854       AnsiStrPos
 0001:0000C8F4       AnsiStrRScan
 0001:0000C91C       AnsiStrScan
 0001:000063AC       AnsiToOem
 0001:0000594C       AnsiToUtf8
 0001:00007CA0       AnsiUpperCase
 0001:00013D7C       AnyOp
 0001:00013478       AnyToIntf
 0001:00009E54       AppendChars
 0001:0000A218       AppendFormat
 0001:00009EB8       AppendNumber
 0001:00009E98       AppendString
 0002:00008994       Application
 0002:00000468       ApplicationHandleException
 0002:00000470       ApplicationShowException
 0002:0000307C       AppVisible
 0001:0002F260       ASMAssigned
 0001:0000BEF8       AssertErrorHandler
 0002:00004024       AssertErrorProc
 0001:00015738       AssignLongStr
 0001:00015ADC       AssignVariant
 0001:00036328       AttachedFile
 0001:00036588       AttachedFiles
 0002:0000460C       avail
 0001:00008674       BackfillGetDiskFreeSpaceEx
 0001:0006CAC8       BackgroundClipped
 0001:0000DF04       BackupVarBoolFromStr
 0001:0000E064       BackupVarBStrFromBool
 0001:0000DF84       BackupVarBStrFromCy
 0001:0000DFF4       BackupVarBStrFromDate
 0001:0000DE98       BackupVarCyFromStr
 0001:0000DE2C       BackupVarDateFromStr
 0001:0000DCE8       BackupVarI4FromStr
 0001:0000DC94       BackupVariantChangeTypeEx
 0001:0000DD54       BackupVarR4FromStr
 0001:0000DDC0       BackupVarR8FromStr
 0001:00035E98       Base64Encode
 0001:000360E8       Base64EncodeFromFile
 0001:0003606C       Base64EncodeFromString
 0002:00000328       BaseTypeMap
 0001:0000C4EC       Beep
 0001:000350DC       BeforeScreenshot
 0001:00018454       BeginGlobalLoading
 0001:000063BC       BeginPaint
 0001:000037FC       BeginThread
 0001:00048200       BetterSize
 0001:00063BB8       BiDiDraw
 0001:000061D4       BitBlt
 0002:00002EB4       BitBtnCaptions
 0002:00008918       BitBtnGlyphs
 0002:00002C48       BitmapCanvasList
 0002:00008724       BitmapImageLock
 0001:0000DCD0       BiUnimplemented
 0002:000004AC       BlockCode
 0002:000045E4       blockDescBlockList
 0002:000045E8       blockDescFreeList
 0002:0000043C       BooleanIdents
 0002:00000324       BooleanToStringRule
 0001:000081E4       BoolToStr
 0001:00012578       BoolToWStrViaOS
 0001:00005CF4       Bounds
 0001:00017414       Bounds
 0002:00003110       Breaks
 0002:0000875C       BrushManager
 0001:0006636C       BuildImage
 0002:00002D10       ButtonCaptions
 0002:00002CE4       ButtonNames
 0002:0000318C       Buttons
 0001:00050994       Buttons
 0001:000479E0       BytesPerScanline
 0001:00034E0C       BytesSwap
 0001:00047D38       ByteSwapColors
 0001:00041794       ByteToBin
 0001:0000C5D0       ByteToCharIndex
 0001:0000C5A8       ByteToCharLen
 0001:0000C56C       ByteType
 0001:0000C4F4       ByteTypeTest
 0002:000089B8       CachedComCtrlVer
 0002:00004A8C       Cached_LogFile
 0001:0003D044       CalcAddr
 0001:00034E3C       CalcCRC
 0001:0003062C       CalcDuplicatedException
 0001:0001F864       CalcJmpOffset
 0001:00076EA4       CalcSplitterPos
 0001:00030900       CallExceptionActionNotify
 0001:0003864C       CallExceptionActionNotify_atSavedLogFile
 0001:00038638       CallExceptionActionNotify_atSavingLogFile
 0001:0003753C       CallExceptionActionNotify_atSendingEmail
 0001:00037550       CallExceptionActionNotify_atSentEmail
 0001:00038958       CallExceptionActionNotify_atShowedExceptionInfo
 0001:00038944       CallExceptionActionNotify_atShowingExceptionInfo
 0001:0003483C       CallExceptionActionNotify_atTerminating
 0001:000309C0       CallExceptionErrorNotify
 0001:00038660       CallExceptionErrorNotify_atSavedLogFile
 0001:00037564       CallExceptionErrorNotify_atSentEmail
 0001:0003089C       CallExceptionNotify
 0001:000063C4       CallNextHookEx
 0001:0000D11C       CallTerminateProcs
 0001:000063CC       CallWindowProc
 0001:0003896C       CallWriteIntraWebText
 0001:0003BEEC       Call_HookedExceptionObject
 0001:0003BD28       Call_HookedRaise
 0001:0003BFB4       Call_HookedRtlUnwind
 0002:000049E4       CanAttachScreenshot
 0002:000049E1       CanAttachScreenshot_Show
 0001:0006AFA8       CancelDrag
 0002:000049E5       CanCopy
 0002:000049E2       CanCopy_Show
 0001:000306E4       CanExit
 0002:000048BE       CanSaveLog
 0002:000049E3       CanSendEmail
 0002:000049E0       CanSendEmail_Show
 0002:00008A20       CanvasList
 0002:00008760       CanvasList
 0002:00004ABC       CaptionFontName
 0002:00002CD0       Captions
 0002:00004CB0       CAPTION_HEIGHT
 0002:00003254       CaptureControl
 0002:000030B0       cBooleanToItemAutoFlag
 0002:00002954       CenturyOffset
 0002:0000890A       CF_COMPONENT
 0002:00008908       CF_PICTURE
 0002:00004974       CGIHandleException
 0002:0000493C       CGIOutputFile
 0002:00004818       ChangeAnyProc
 0001:0000845C       ChangeFileExt
 0001:00003968       CharFromWChar
 0001:0000C7A4       CharLength
 0001:00000274       CharNext
 0001:000063D4       CharNext
 0001:00046364       CharsetToIdent
 0001:0000C6B8       CharToByteIndex
 0001:0000C71C       CharToByteLen
 0001:000063DC       CharToOemA
 0001:000063E4       CharUpperBuff
 0001:000487B0       CheckBool
 0001:0002E3A0       CheckForResult
 0001:00021620       CheckIntoIDE
 0001:00002DAC       CheckJmp
 0001:000063EC       CheckMenuItem
 0002:00003100       Checks
 0001:0001BCF8       CheckSubComponents
 0001:0001E0E8       CheckSynchronize
 0001:000557EC       CheckTaskWindow
 0001:00013D58       CheckType
 0001:0006AC5C       CheckUndock
 0001:0000C3E0       CheckWin32Version
 0002:00000340       CInvalidCustomVariantType
 0002:000030B4       cItemAutoFlagToBoolean
 0002:000030AC       cItemAutoFlagToMenu
 0001:0001FAB4       Classes
 0001:0004C234       ClassIDToProgID
 0001:00017EC0       ClassNotFound
 0002:000032CC       CLASS_SWbemLocator
 0002:00004814       ClearAnyProc
 0001:00045BF4       ClearColor
 0001:0004CBEC       ClearExcepInfo
 0001:0002C7EC       ClearInternalError
 0001:00014CE4       ClearVariantTypeList
 0001:000063F4       ClientToScreen
 0001:0007448C       ClientToWindow
 0002:00002C40       ClipboardFormats
 0001:0005086C       Clipbrd
 0001:000063FC       CloseClipboard
 0001:00000214       CloseHandle
 0001:00005E4C       CloseHandle
 0001:00030610       CloseLogFile
 0001:00023D40       closesocket
 0001:000416B4       CloseTestLog
 0002:0000880C       CloseThemeData
 0002:0000497C       CLXHandleException
 0002:00004040       CmdLine
 0002:0000403C       CmdShow
 0002:000030A8       cMenuAutoFlagToItem
 0001:0000DCDC       CmpUnimplemented
 0002:00002C9C       CoAddRefServerProcess
 0001:00015D14       CoCreateInstance
 0002:00002C94       CoCreateInstanceEx
 0002:00002900       Code64
 0002:00002CAC       CoInitFlags
 0001:00015D04       CoInitialize
 0002:00002C98       CoInitializeEx
 0002:000029C0       Colors
 0001:0004615C       ColorToIdent
 0002:00002D3C       ColorToPretyName
 0001:0004614C       ColorToRGB
 0002:00004CB4       ColoursCount
 0002:00004C78       ColWidths
 0002:00008774       ComClassManagerVar
 0001:0004BEA8       ComConst
 0002:00008968       ComCtlVersion
 0001:00050C68       ComCtrls
 0002:000089CC       CommandPool
 0001:0004DA78       CommCtrl
 0001:0004FAF4       CommDlg
 0001:00000728       Commit
 0002:00004628       committedRoot
 0001:00035240       CommonSaveToStream
 0001:0004CEB4       ComObj
 0001:0002F494       CompareEurekaFunctions
 0001:00062328       CompareFront
 0001:00007C08       CompareMem
 0001:0002D13C       CompareModulesFunctions
 0001:00007BD8       CompareStr
 0001:00005E54       CompareString
 0001:00007C28       CompareText
 0001:0000810C       CompareWith
 0001:0002E140       CompiledWithPackages
 0001:00038538       CompleteStr
 0001:0001BDD8       ComponentCreated
 0001:000379F4       ComputerName
 0002:000052FC       ComputerName
 0001:00050828       ComStrs
 0001:00023D48       connect
 0001:00040BD4       Consts
 0001:0004D984       Contnrs
 0002:000089DE       ControlAtom
 0002:000089E4       ControlAtomString
 0001:0005A578       ControlHasHelp
 0001:00077B24       Controls
 0001:0000B8E8       ConvertAddr
 0001:0002E154       ConvertAddress
 0001:00023394       ConvertAddress
 0001:00041644       ConvertAnsiToOem
 0001:00009FA8       ConvertEraString
 0001:00007B04       ConvertError
 0001:00007B1C       ConvertErrorFmt
 0001:0000A110       ConvertYearString
 0001:00004C4C       CopyArray
 0001:00049288       CopyBitmap
 0001:00049950       CopyBitmapAsMask
 0001:0000690C       CopyMemory
 0001:000498EC       CopyPalette
 0001:00006404       CopyRect
 0002:00002F04       Copyright
 0001:00065418       CopyToBest
 0002:00002CA0       CoReleaseServerProcess
 0002:00002CA4       CoResumeClassObjects
 0002:00002CA8       CoSuspendClassObjects
 0001:00078534       CoSWbemLocator.Create
 0001:00015D2C       CoTaskMemFree
 0001:00015D0C       CoUninitialize
 0001:0000C628       CountChars
 0002:0000873C       CounterLock
 0001:00033160       CPUDialogProc
 0002:00000344       CRangeToType
 0002:00004CE0       CRCList
 0002:000028AC       CRCListed
 0001:0000BE3C       CreateAssertException
 0001:0000BFC4       CreateAVObject
 0001:000061DC       CreateBitmap
 0001:000061E4       CreateBrushIndirect
 0001:0004C260       CreateComObject
 0001:000061EC       CreateCompatibleBitmap
 0001:000061F4       CreateCompatibleDC
 0001:0001BE58       CreateComponent
 0001:000061FC       CreateDC
 0001:00006A80       CreateDialog
 0001:00030E88       CreateDialogFonts
 0001:0000640C       CreateDialogParam
 0001:0000620C       CreateDIBitmap
 0001:00006204       CreateDIBSection
 0001:0000878C       CreateDir
 0001:00005E5C       CreateDirectory
 0001:00005E64       CreateEvent
 0001:00005E6C       CreateFile
 0001:0000021C       CreateFileA
 0001:00005E74       CreateFileMapping
 0001:00006214       CreateFont
 0001:0000621C       CreateFontIndirect
 0001:00038978       CreateGeneralText
 0001:00006224       CreateHalftonePalette
 0001:00006414       CreateIcon
 0001:0000BD68       CreateInOutError
 0001:0000641C       CreateMenu
 0001:00024FD8       CreateMXQuery
 0001:0000622C       CreatePalette
 0001:00006234       CreatePenIndirect
 0001:00006424       CreatePopupMenu
 0001:00005E7C       CreateProcess
 0001:0004C298       CreateRemoteComObject
 0001:0002BF74       CreateSafeCallItem
 0001:0000623C       CreateSolidBrush
 0001:00047D90       CreateSystemPalette
 0001:00005E84       CreateThread
 0001:0000027C       CreateThread
 0001:000370F4       CreateTmpLogFile
 0001:0002BD0C       CreateVirtualFile
 0001:00006A28       CreateWindow
 0001:000069D0       CreateWindowEx
 0002:00002CC8       CreationControl
 0002:00003194       CreationControl
 0002:00000428       CRelationshipToBoolean
 0002:00000310       CResult
 0002:00000138       cSimpleBoolStrs
 0002:000003D4       CText
 0002:00003290       Ctl3DStyles
 0002:00004620       curAlloc
 0002:00004688       CurrencyDecimals
 0002:00004684       CurrencyFormat
 0002:00004680       CurrencyString
 0002:0000499C       CurrentCPUErrorText
 0001:0003DB4C       CurrentEurekaLogOptions
 0002:00004998       CurrentGeneralErrorText
 0002:00004934       CurrentOptions
 0002:00004A18       CurrentRequestValue
 0002:00004918       CurrentStackList
 0001:00040CF4       CurrentYear
 0001:00009E40       CurrentYear
 0001:00014364       CurrOp
 0001:000098C0       CurrToStr
 0001:00012508       CurrToWStrViaOS
 0002:00003000       CursorMap
 0002:000031A4       Cursors
 0001:00069848       CursorToIdent
 0002:00002FF0       cUseAlpha
 0002:00002FF8       cUseColorKey
 0001:00007E30       CvtInt
 0001:00007E9C       CvtInt64
 0002:00000178       CWNear
 0002:00004CC4       Data
 0002:00004CBC       DataSize
 0001:0003FF98       DataTypeToRegData
 0001:00013E9C       DateOp
 0002:00004689       DateSeparator
 0001:0000AA28       DateTimeToStr
 0001:0000A9CC       DateTimeToString
 0001:000099D8       DateTimeToTimeStamp
 0001:00012540       DateToWStrViaOS
 0001:00041590       DateUtil
 0001:00040944       DateUtils
 0001:0004079C       DayOfTheWeek
 0001:00009DC8       DayOfWeek
 0002:000028E0       Days
 0002:00002960       DaysInMonth
 0001:00040C88       DaysPerMonth
 0002:00000174       DCon10
 0002:000029BC       DDBsOnly
 0001:0001F9DC       DeallocateHWnd
 0002:00000028       DebugHook
 0002:00004687       DecimalSeparator
 0001:00009DA8       DecodeDate
 0001:00009C5C       DecodeDateFully
 0001:00009ACC       DecodeTime
 0001:000007BC       Decommit
 0001:00000DD8       DecommitFree
 0002:000045FC       decommittedRoot
 0001:00058200       Default
 0001:0005D8D0       Default
 0002:00000020       Default8087CW
 0002:00003198       DefaultDockTreeClass
 0002:00000034       DefaultTextLineBreakStyle
 0002:000045C0       DefaultUserCodePage
 0002:00002C10       DefBrushData
 0002:00002990       DefFontData
 0001:0000642C       DefFrameProc
 0001:00025A30       deflate
 0001:00025CA0       deflateEnd
 0001:0002555C       deflateInit_
 0002:00000204       DefLongDayNames
 0002:000001B8       DefLongMonthNames
 0001:00006434       DefMDIChildProc
 0002:00002BF0       DefPenData
 0002:000001E8       DefShortDayNames
 0002:00000188       DefShortMonthNames
 0001:0000643C       DefWindowProc
 0001:00004EA4       DelayLoadResourceModule
 0001:00000478       DeleteBlock
 0001:000003E8       DeleteCriticalSection
 0001:00005E8C       DeleteCriticalSection
 0001:00006244       DeleteDC
 0001:000083C4       DeleteFile
 0001:00005E94       DeleteFile
 0001:00000C20       DeleteFree
 0001:00006444       DeleteMenu
 0001:0000624C       DeleteObject
 0001:0002BE98       DeleteVirtualFile
 0001:00048E44       DeselectBitmap
 0001:0000644C       DestroyCursor
 0001:00030FF8       DestroyDialogFonts
 0001:00006454       DestroyIcon
 0001:000508C4       DestroyLocals
 0001:0000645C       DestroyMenu
 0001:00006464       DestroyWindow
 0002:00004CA0       DetailsActive
 0001:000318F0       DetailsState
 0001:0000646C       DialogBoxParam
 0001:000521F0       DialogEnumerationTester
 0002:00004CAC       DialogHeight
 0001:00050164       Dialogs
 0002:00002C4C       DIBPalSizes
 0002:00000090       dig
 0001:00055640       DisableTaskWindows
 0002:0000BE64       DiskCount
 0001:00008718       DiskFree
 0002:0000BE68       DiskInfo
 0001:0000874C       DiskSize
 0001:0004C600       DispatchInvoke
 0001:0004CBE0       DispatchInvokeError
 0001:00006474       DispatchMessage
 0001:0005B858       DispatchShortCut
 0001:0004CBFC       DispCall
 0001:0004CCE0       DispCallByID
 0002:00004000       DispCallByIDProc
 0001:0004CB0C       DispCallError
 0001:00007AE8       DivMod
 0001:0004FB2C       Dlgs
 0001:00030B44       DlgTemplate
 0002:000048CC       DllList
 0001:0006F3A4       DoAlign
 0001:0005CB5C       DoAlign
 0001:00073348       DoCalcConstraints
 0002:00008A14       DockSiteList
 0001:00066038       DoClick
 0001:00070A7C       DoControlMsg
 0001:000555F0       DoDisableWindow
 0001:0006A588       DoDragOver
 0001:00075178       DoFindControlZone
 0001:0005572C       DoFindWindow
 0001:00075704       DoFindZone
 0001:000751FC       DoForEach
 0001:00076B08       DoGetNextLimit
 0001:00023BAC       Done
 0001:00023190       Done
 0001:0003FB94       Done
 0001:000555B8       DoneApplication
 0001:0003E92C       DoneCheckFreeze
 0001:00077868       DoneControls
 0001:0000C2F0       DoneExceptions
 0001:00059BD4       DoNestedActivation
 0001:0001E084       DoneThreadSynchronization
 0001:0005C9AC       DoPosition
 0001:0006EF64       DoPosition
 0001:00076130       DoPrune
 0001:00076608       DoSaveZone
 0001:0007680C       DoSetNewBounds
 0002:00000444       DotSep
 0001:00048A08       DoWrite
 0001:0001932C       DoWrite
 0001:00060988       DoWrite
 0001:00070064       DoWriteDesignSize
 0001:0006DBBC       DoWriteIsControl
 0002:000089F8       DragCapture
 0002:000089EC       DragControl
 0001:0006ACD0       DragDone
 0001:0006A538       DragFindTarget
 0001:0006A50C       DragFindWindow
 0002:00008A10       DragImageList
 0001:0006A928       DragInit
 0001:0006AA98       DragInitControl
 0002:000089F4       DragInternalObject
 0001:0006A454       DragMessage
 0002:000089F0       DragObject
 0002:00008A1C       DragSave
 0002:00008A04       DragSaveCursor
 0002:000089FC       DragStartPos
 0002:00008A08       DragThreshold
 0001:0006A658       DragTo
 0001:0005D90C       DrawAppIcon
 0001:000332AC       DrawBmp
 0001:00075C9C       DrawCloseButton
 0001:0000647C       DrawEdge
 0001:00006484       DrawFrameControl
 0001:00075CF4       DrawGrabberLine
 0001:0000648C       DrawIcon
 0001:00006494       DrawIconEx
 0002:00003084       DrawingStyles
 0001:0000649C       DrawMenuBar
 0001:00067378       DrawMenuItem
 0001:000064A4       DrawText
 0002:00008810       DrawThemeBackground
 0002:00008834       DrawThemeEdge
 0002:00008838       DrawThemeIcon
 0002:000088BC       DrawThemeParentBackground
 0002:00008814       DrawThemeText
 0001:00047860       DupBits
 0002:000049E6       DuplicatedException
 0001:00005E9C       DuplicateHandle
 0001:00004C64       DynArrayClear
 0001:00004C6C       DynArraySetLength
 0001:00020ABC       EConsts
 0001:000231F4       ECore
 0002:00003170       EdgeStyle
 0002:00003280       EdgeStyles
 0001:0000BD3C       EHeapException.FreeInstance
 0001:00023C6C       EHook
 0001:00023D38       ELang
 0001:000064AC       EmptyClipboard
 0001:000142CC       EmptyOp
 0002:00004800       EmptyParam
 0002:000000C0       EmptyStr
 0002:000000C4       EmptyWideStr
 0002:000004DC       EMsgs
 0001:000064B4       EnableMenuItem
 0002:00003108       Enables
 0001:000064BC       EnableScrollBar
 0001:000556F4       EnableTaskWindows
 0002:000088A4       EnableThemeDialogTexture
 0002:000088C0       EnableTheming
 0001:000064C4       EnableWindow
 0001:00035004       Encode
 0001:00009C2C       EncodeDate
 0001:000407C8       EncodeDateWeek
 0001:00009A8C       EncodeTime
 0001:00037210       EncodeURL
 0002:00004CDC       Encode_Data
 0002:00004CD8       Encode_Filter
 0001:000064CC       EndDialog
 0001:000184DC       EndGlobalLoading
 0001:000064D4       EndPaint
 0001:00003840       EndThread
 0001:000003D8       EnterCriticalSection
 0001:00005EA4       EnterCriticalSection
 0001:00005EAC       EnumCalendarInfoA
 0002:000087A0       EnumDisplayMonitors
 0001:0000B55C       EnumEraNames
 0001:0000B598       EnumEraYearOffsets
 0001:000587C4       EnumMonitorsProc
 0001:00044B8C       EnumPrinters
 0001:00005EB4       EnumSystemLocales
 0001:000064DC       EnumThreadWindows
 0001:0001B608       EnumValue
 0001:000064E4       EnumWindows
 0001:00030444       EnumWindowsProc
 0001:0004C13C       EOleException.Create
 0001:0004C06C       EOleSysError.Create
 0001:000064EC       EqualRect
 0002:00004750       EraNames
 0001:0000ACB4       EraToYear
 0002:0000476C       EraYearOffsets
 0002:00000068       errCaption
 0001:0001ADEC       Error
 0001:00017A64       Error
 0001:00062078       Error
 0001:00001898       Error
 0001:00035730       Error
 0002:00000004       ErrorAddr
 0001:0000184C       ErrorAt
 0001:0000BDE8       ErrorHandler
 0002:00000220       ErrorMap
 0002:00004008       ErrorProc
 0002:000043E8       ErrOutput
 0002:00000738       EShowOptions
 0001:000253F4       ESockets
 0001:0001FB78       ETypes
 0002:000004D8       EurekaLogCurrentVersion
 0002:000049FC       EurekaLogList
 0002:0000061C       EVals
 0001:000017EC       ExceptAddr
 0002:0000400C       ExceptClsProc
 0001:0000C25C       ExceptHandler
 0001:0000BB68       Exception.Create
 0001:0000BBA4       Exception.CreateFmt
 0001:0000BCF4       Exception.CreateHelp
 0001:0000BC24       Exception.CreateRes
 0001:0000BC60       Exception.CreateResFmt
 0002:000048E4       ExceptionActionNotify
 0002:00004A94       ExceptionAddressText
 0002:0000401C       ExceptionClass
 0001:0000B8F4       ExceptionErrorMessage
 0002:000048E8       ExceptionErrorNotify
 0002:00004A44       ExceptionInfoData
 0002:00004A3C       ExceptionInfoHandle
 0001:0003FDF0       ExceptionLog
 0001:0003DEF8       ExceptionManager
 0002:00004A90       ExceptionModuleText
 0002:00004A9C       ExceptionMsgText
 0002:000048E0       ExceptionNotify
 0002:00004944       ExceptionNumber
 0001:0002E1A8       ExceptionTypeByAddr
 0002:00004A98       ExceptionTypeText
 0002:00000258       ExceptMap
 0001:0003B748       ExceptNotify
 0001:000017CC       ExceptObject
 0002:00004010       ExceptObjProc
 0002:00004004       ExceptProc
 0001:00006254       ExcludeClipRect
 0001:0007A5B8       ExecVBSAndWait
 0002:00000000       ExitCode
 0001:000035F8       ExitDll
 0002:00004048       ExitProc
 0001:0000028C       ExitProcess
 0002:00004028       ExitProcessProc
 0001:00005EBC       ExitThread
 0001:00000284       ExitThread
 0001:00005EC4       ExpandEnvironmentStrings
 0001:00008638       ExpandFileName
 0001:00035600       ExpandPath
 0001:00040E78       ExpandYear
 0001:0002F528       ExportedFunctions
 0001:00050AB0       ExtActns
 0001:000507C8       ExtCtrls
 0001:000509EC       ExtDlgs
 0001:00035634       ExtractAddresses
 0001:00008524       ExtractFileDrive
 0001:000085F0       ExtractFileExt
 0001:000085B8       ExtractFileName
 0001:000084F0       ExtractFilePath
 0001:00041228       ExtractMask
 0001:0002EBEC       ExtractStr
 0001:0002B494       EZLib
 0002:00004AA8       fActive
 0002:000028A8       fActivePage
 0002:0000478C       FalseBoolStrs
 0002:00004C38       fBmp
 0002:00004AAC       fCaptionFont
 0002:00008910       FClipboard
 0002:00000168       FCon1E18
 0002:00004AA0       fDlgBack
 0002:00004AB4       fFixedFont
 0001:0000834C       FileAge
 0001:00008344       FileClose
 0001:00008288       FileCreate
 0001:000082AC       FileCreate
 0001:000083B4       FileExists
 0002:00002C44       FileFormats
 0002:00005128       FileLog
 0002:000052F8       FileLogOpen
 0002:00000008       FileMode
 0001:00001CCC       FileNOPProc
 0001:00008230       FileOpen
 0001:000082B4       FileRead
 0002:00000480       FilerSignature
 0001:0000830C       FileSeek
 0001:00005ECC       FileTimeToDosDateTime
 0001:00005ED4       FileTimeToLocalFileTime
 0001:000082E0       FileWrite
 0001:00000D08       FillAfterGap
 0001:00000CB4       FillBeforeGap
 0001:0007A0B8       FillDiskInfo
 0001:00000DA0       FillerSizeAfterGap
 0001:00000D30       FillerSizeBeforeGap
 0001:00041CF0       FillFilePath
 0001:00041E7C       FillMonitorInfo
 0001:0007904C       FillPrinterInfo
 0001:000064F4       FillRect
 0002:00004C34       fImageList
 0001:00023DA8       Finalization
 0001:000406E0       Finalization
 0001:00023D08       Finalization
 0001:000253C4       Finalization
 0001:0000DA34       Finalization
 0001:0007A42C       Finalization
 0001:0000DC34       Finalization
 0001:00023C34       Finalization
 0001:00050780       Finalization
 0001:00050108       Finalization
 0001:0004FAFC       Finalization
 0001:0007A038       Finalization
 0001:0004FAC4       Finalization
 0001:0007A47C       Finalization
 0001:0004FA8C       Finalization
 0001:0004FA54       Finalization
 0001:000784A0       Finalization
 0001:00078454       Finalization
 0001:0004FA1C       Finalization
 0001:000231BC       Finalization
 0001:0004F9E4       Finalization
 0001:00077ABC       Finalization
 0001:000507F8       Finalization
 0001:0004F9AC       Finalization
 0001:0004F974       Finalization
 0001:00040698       Finalization
 0001:00020A4C       Finalization
 0001:0004F904       Finalization
 0001:0004061C       Finalization
 0001:00040914       Finalization
 0001:0004EF80       Finalization
 0001:0001FB48       Finalization
 0001:0004EDD4       Finalization
 0001:0001FA04       Finalization
 0001:0002B464       Finalization
 0001:0003FE40       Finalization
 0001:00050830       Finalization
 0001:00005D10       Finalization
 0001:0003FCD0       Finalization
 0001:0004EAB0       Finalization
 0001:00005C98       Finalization
 0001:0004EA68       Finalization
 0001:0004DA80       Finalization
 0001:0004DA48       Finalization
 0001:0005095C       Finalization
 0001:0004D954       Finalization
 0001:0004D694       Finalization
 0001:0004CF14       Finalization
 0001:000509BC       Finalization
 0001:00040BA4       Finalization
 0001:0004CE34       Finalization
 0001:0000E438       Finalization
 0001:00050A08       Finalization
 0001:00050A60       Finalization
 0001:00040C14       Finalization
 0001:00050AB8       Finalization
 0001:00005A68       Finalization
 0001:00050BF0       Finalization
 0001:0004BE78       Finalization
 0001:00051630       Finalization
 0001:0004BC80       Finalization
 0001:0005167C       Finalization
 0001:000517E4       Finalization
 0001:0007A7F8       Finalization
 0001:00041560       Finalization
 0001:00052468       Finalization
 0001:00041604       Finalization
 0001:00053774       Finalization
 0001:00015D58       Finalization
 0001:00015C18       Finalization
 0001:00015378       Finalization
 0001:0001513C       Finalization
 0001:00006EC0       Finalization
 0001:00067654       Finalization
 0001:00006B90       Finalization
 0001:000610D8       Finalization
 0001:0005F98C       Finalization
 0001:00044B94       Finalization
 0001:00044B3C       Finalization
 0001:00078598       Finalization
 0001:00041D88       Finalization
 0001:00004C5C       FinalizeArray
 0001:0000342C       FinalizeUnits
 0001:00065DF8       Find
 0001:00004F14       FindBS
 0001:00017F80       FindClass
 0001:00004E9C       FindClassHInstance
 0001:00005EDC       FindClose
 0001:0000029C       FindClose
 0001:0002379C       FindCode
 0001:00000C84       FindCommitted
 0001:00069628       FindControl
 0001:00075930       FindControlAtPos
 0001:00015040       FindCustomVariantType
 0001:00014F88       FindCustomVariantType
 0001:0006AFF4       FindDragTarget
 0001:000388BC       FindException
 0001:0001C008       FindExistingComponent
 0001:000002A4       FindFirstFile
 0001:00005EE4       FindFirstFile
 0001:0002EFB0       FindFunction
 0001:00055838       FindGlobalComponent
 0001:0001836C       FindGlobalComponent
 0002:00004864       FindGlobalComponentProcs
 0001:00004E74       FindHInstance
 0001:00018214       FindIdentToInt
 0001:0002CBF8       FindModuleType
 0002:000088FC       FindMsg
 0001:0001B198       FindNestedComponent
 0001:00062040       FindPopupControl
 0001:0000E100       FindProc
 0001:00005EEC       FindResource
 0001:00004EEC       FindResourceHInstance
 0001:0005F1E0       FindScanline
 0001:0003D794       FindSection
 0001:00055790       FindTopMostWindow
 0001:0001CEEC       FindUniqueName
 0001:00014AEC       FindVarData
 0001:0006AFC0       FindVCLWindow
 0001:000064FC       FindWindow
 0001:00052248       FindWinHelp
 0002:00004AC0       FixedFontName
 0002:00004AB8       FixedFontSize
 0001:0004923C       FixupBitFields
 0002:00003180       Flags
 0002:0000479C       FLanguages
 0001:0004EE04       FlatSB
 0002:000087D0       FlatSB_EnableScrollBar
 0002:000087DC       FlatSB_GetScrollInfo
 0002:000087E0       FlatSB_GetScrollPos
 0002:000087D8       FlatSB_GetScrollRange
 0002:000087E8       FlatSB_SetScrollInfo
 0002:000087E4       FlatSB_SetScrollPos
 0001:0004EAF4       FlatSB_SetScrollProp
 0002:000087EC       FlatSB_SetScrollRange
 0002:000087D4       FlatSB_ShowScrollBar
 0001:00009550       FloatToDecimal
 0001:00009890       FloatToStr
 0001:00008F88       FloatToText
 0001:0000925C       FloatToTextFmt
 0002:0000512C       FLog
 0001:00001F98       Flush
 0001:00005EF4       FlushInstructionCache
 0002:00004AA4       fMemoBack
 0002:00004C18       fMonitor
 0002:00004C1C       fMonitorInfo
 0002:0000017C       FMSecsPerDay
 0001:00008E84       FmtStr
 0002:0000C310       FName
 0002:00002F74       FocusCount
 0002:00002F70       FocusMessages
 0002:00002B60       FontCharsets
 0002:00008754       FontManager
 0001:000214D0       ForceSaveLog
 0001:0005580C       ForegroundTask
 0001:00008E70       Format
 0002:00000184       Format
 0001:00008A78       FormatBuf
 0001:00008A6C       FormatClearStr
 0001:00038578       FormatComplete
 0001:0000AA3C       FormatDateTime
 0001:000089F0       FormatError
 0002:00000160       FormatErrorStrs
 0001:000098F0       FormatFloat
 0001:00005EFC       FormatMessage
 0001:00008A48       FormatVarToStr
 0001:0005F9E8       Forms
 0002:00005118       FourDigitYear
 0001:000024F4       FPower10
 0002:00002CC4       FPrinter
 0001:00006504       FrameRect
 0001:0000D5CC       FreeAndNil
 0001:000009F0       FreeCommitted
 0001:00000F10       FreeCurAlloc
 0001:0006B0B4       FreeDeviceContext
 0001:0006B170       FreeDeviceContexts
 0001:0001F7D0       FreeIntConstList
 0001:00005F04       FreeLibrary
 0001:000002AC       FreeLibrary
 0001:00048D98       FreeMemoryContexts
 0001:0001F904       FreeObjectInstance
 0001:00005F24       FreeResource
 0001:0002BFCC       FreeSafeCallItem
 0001:00000670       FreeSpace
 0001:0000D138       FreeTerminateProcs
 0001:0004EFB8       FreeThemeLibrary
 0002:000049B0       FreezeThread
 0002:00008964       FRichEditModule
 0001:0002E2A4       FunctionSize
 0001:0002F240       FuzzyFind
 0002:00004AB0       fVariableFont
 0001:00047850       GDICheck
 0001:000477A8       GDIError
 0001:0003BC2C       GeneralRaise
 0001:0007A4B4       GenerateSoapParameter
 0001:00001BFC       Get8087CW
 0001:00005F2C       GetACP
 0001:00037B10       GetActiveControlClass
 0001:00037B28       GetActiveControlText
 0001:00037A30       GetActiveFormClass
 0001:00037A7C       GetActiveFormText
 0001:00015D3C       GetActiveObject
 0001:0000650C       GetActiveWindow
 0001:0005D038       GetAnimation
 0001:000384BC       GetApplicationName
 0001:0000625C       GetBitmapBits
 0001:000003F0       GetBlockDesc
 0001:00006264       GetBrushOrgEx
 0001:00006990       GetBValue
 0001:0003DD94       GetCallerSourceLine
 0001:0003012C       GetCallStackByAddresses
 0001:00006514       GetCapture
 0001:000698F0       GetCaptureControl
 0001:00017F2C       GetClass
 0001:0000651C       GetClassInfo
 0001:00006524       GetClassName
 0001:0000652C       GetClientRect
 0001:0000626C       GetClipBox
 0001:0000038C       GetCmdShow
 0001:0005FBA0       GetColor
 0001:00050B90       GetComCtlVersion
 0001:000002B4       GetCommandLine
 0001:00005F3C       GetCommandLine
 0001:0000083C       GetCommitted
 0001:000008CC       GetCommittedAt
 0001:00005F44       GetComputerName
 0001:00005F4C       GetComputerNameA
 0001:00070630       GetControlAtPos
 0001:0003B338       GetControlClass
 0001:0003B37C       GetControlText
 0001:00009F04       GetCount
 0001:00005F34       GetCPInfo
 0001:0003DC20       GetCurrentCallStack
 0001:00008780       GetCurrentDir
 0001:000002BC       GetCurrentDirectory
 0001:00006274       GetCurrentPositionEx
 0001:00005F54       GetCurrentProcess
 0001:00005F5C       GetCurrentProcessId
 0001:0003DEF0       GetCurrentStackPointer
 0002:000088B4       GetCurrentThemeName
 0001:00005F64       GetCurrentThread
 0002:0000489C       GetCurrentThreadClass
 0001:0000037C       GetCurrentThreadId
 0001:00005F6C       GetCurrentThreadId
 0001:00006904       GetCurrentTime
 0001:0002C95C       GetCurrentTopOfStack
 0001:00006534       GetCursor
 0001:0005F1F0       GetCursorHeightMargin
 0001:0000653C       GetCursorPos
 0001:00009F30       GetDate
 0001:00005F74       GetDateFormat
 0001:00040E2C       GetDateOrder
 0001:0000ABCC       GetDateOrder
 0001:00006544       GetDC
 0001:0000654C       GetDCEx
 0001:0000627C       GetDCOrgEx
 0001:0002F074       GetDebugInfosByAddr
 0001:0002ED98       GetDebugPartialInfos
 0001:0004B890       GetDefFontCharSet
 0001:00006554       GetDesktopWindow
 0001:00006294       GetDeviceCaps
 0001:0007AAB0       GetDeviceInfo
 0001:00033380       GetDialogState
 0001:00048798       GetDIB
 0001:00006284       GetDIBColorTable
 0001:0000628C       GetDIBits
 0001:000486E0       GetDIBSizes
 0001:000479C0       GetDInColors
 0001:00005F7C       GetDiskFreeSpaceA
 0002:00000134       GetDiskFreeSpaceEx
 0001:00038274       GetDiskInfo
 0001:0000655C       GetDlgItem
 0001:00024BC8       GetDNSList
 0001:00076BE8       GetDockAlign
 0001:0006A298       GetDockSiteAtPos
 0001:00024D94       GetDomain
 0001:00024F00       GetDomainName
 0001:00005F84       GetDriveType
 0001:0006A5C4       GetDropCtl
 0001:00039280       GetDump
 0001:00002B74       GetDynaMethod
 0001:00038FE0       GetEAX
 0001:00039034       GetEBX
 0001:00039088       GetECX
 0001:00039184       GetEDI
 0001:000390DC       GetEDX
 0001:0002F258       GetEF
 0001:0003922C       GetEIP
 0001:000153E8       GetEnumName
 0001:000154C0       GetEnumNameValue
 0001:0001550C       GetEnumValue
 0001:0000D71C       GetEnvironmentVariable
 0001:00005F8C       GetEnvironmentVariable
 0001:0000B610       GetEraNamesAndYearOffsets
 0001:0000AC60       GetEraYearOffset
 0001:00015D44       GetErrorInfo
 0001:00039130       GetESI
 0001:000391D8       GetESP
 0001:00037FB4       GetExceptionAddress
 0001:0000BFAC       GetExceptionClass
 0001:00037F98       GetExceptionDate
 0001:000380AC       GetExceptionMessage
 0001:00037FE8       GetExceptionModule
 0001:0000C190       GetExceptionObject
 0001:0003803C       GetExceptionType
 0001:00005F94       GetExitCodeProcess
 0001:00005F9C       GetExitCodeThread
 0001:00017EB4       GetFieldClassTable
 0001:0002D108       GetFileSize
 0001:0000022C       GetFileSize
 0001:00000224       GetFileType
 0001:0000C400       GetFileVersion
 0001:000061BC       GetFileVersionInfo
 0001:000061C4       GetFileVersionInfoSize
 0001:00006564       GetFocus
 0001:00046384       GetFontData
 0001:0000656C       GetForegroundWindow
 0001:0000CBBC       GetFormatSettings
 0001:00038364       GetFreeDisk
 0001:000381E4       GetFreeMemory
 0001:00005FA4       GetFullPathName
 0001:0000698C       GetGValue
 0001:000458F0       GetHashCode
 0001:0005A5B0       GetHelpInfo
 0001:0004DF00       GetHelpSystem
 0001:0005CE1C       GetHint
 0001:0005CE54       GetHintControl
 0001:00023D78       gethostbyname
 0001:00023D80       gethostname
 0001:000674F4       GetHotkey
 0001:00006574       GetIconInfo
 0001:0004C978       GetIDsOfNames
 0001:00032764       GetItemText
 0001:0000658C       GetKeyboardLayout
 0001:00006594       GetKeyboardLayoutList
 0001:0000659C       GetKeyboardState
 0001:000027E0       GetKeyboardType
 0001:0000657C       GetKeyNameText
 0001:00006584       GetKeyState
 0001:00037F64       GetLanguageString
 0001:000065A4       GetLastActivePopup
 0001:00074EB0       GetLastChildZone
 0001:00005FAC       GetLastError
 0001:000002C4       GetLastError
 0002:00000794       GetLastLine
 0001:0003DC98       GetLine
 0001:0000B3D4       GetLocaleChar
 0001:00037E38       GetLocaleDataA
 0001:00037DF8       GetLocaleDataW
 0001:00005FBC       GetLocaleInfo
 0001:000002CC       GetLocaleInfo
 0001:00005FC4       GetLocaleInfoA
 0001:00005FCC       GetLocaleInfoW
 0001:0000B388       GetLocaleStr
 0001:00005FB4       GetLocalTime
 0001:000394FC       GetLogText
 0001:000698AC       GetLongHint
 0001:0003047C       GetMainWindow
 0001:000065AC       GetMenu
 0001:0005A538       GetMenuHelpContext
 0001:000065B4       GetMenuItemCount
 0001:000065BC       GetMenuItemID
 0001:000065C4       GetMenuItemInfo
 0001:00064644       GetMenuSize
 0001:000065CC       GetMenuState
 0001:000065D4       GetMenuString
 0001:0002CE60       GetModuleDescriptionAndVersion
 0001:00005FD4       GetModuleFileName
 0001:000002D4       GetModuleFileName
 0001:00005B90       GetModuleHandle
 0001:000002DC       GetModuleHandle
 0001:00005FDC       GetModuleHandle
 0001:00020CD4       GetModuleName
 0001:0002CD9C       GetModulePath
 0001:0002D438       GetModulesList
 0001:0002D2A8       GetModulesWin9X
 0001:0002D144       GetModulesWinNT
 0002:00008794       GetMonitorInfo
 0002:00008798       GetMonitorInfoA
 0002:0000879C       GetMonitorInfoW
 0001:0000B438       GetMonthDayNames
 0001:00025100       GetMXBestRecord
 0001:00025060       GetMXRecord
 0001:000251F0       GetMXServerFromEmail
 0001:000065DC       GetNextWindow
 0001:0000629C       GetObject
 0001:000155E0       GetOrdProp
 0001:00037DB0       GetOSBuild
 0001:00037F8C       GetOSLanguage
 0001:00037B9C       GetOSType
 0001:00022D78       GetOSType
 0001:00037DE4       GetOSUpdate
 0001:000062A4       GetPaletteEntries
 0001:00037950       GetParameters
 0001:000019F0       GetParamStr
 0001:000065E4       GetParent
 0001:00055A04       GetParentForm
 0001:000062AC       GetPixel
 0001:00005FE4       GetPrivateProfileString
 0001:000002E4       GetProcAddress
 0001:00005FEC       GetProcAddress
 0001:000065EC       GetProp
 0001:00015570       GetPropInfo
 0001:00078670       GetPropValue
 0001:00055EC4       GetRealScrollPosition
 0001:0002F8FC       GetResourceData
 0001:0005FB80       GetRGBColor
 0001:00006988       GetRValue
 0001:0002BF00       GetSafeCallValue
 0001:000065F4       GetScrollInfo
 0001:000065FC       GetScrollPos
 0001:00006604       GetScrollRange
 0001:00069868       GetShortHint
 0001:0002E440       GetSourceInfoByAddr
 0001:00000594       GetSpace
 0001:000005F8       GetSpaceAt
 0001:000620D0       GetSpecialName
 0001:0003946C       GetStack
 0001:0003C67C       GetStackPointer
 0001:000384A4       GetStartDate
 0001:000002EC       GetStartupInfo
 0001:00005FF4       GetStartupInfo
 0001:00005FFC       GetStdHandle
 0001:00000234       GetStdHandle
 0001:000062B4       GetStockObject
 0001:00006004       GetStringTypeEx
 0001:0000660C       GetSubMenu
 0001:0002EAA0       GetSymbolAddr
 0001:00006614       GetSysColor
 0001:0000661C       GetSysColorBrush
 0001:0000600C       GetSystemDefaultLangID
 0001:00006014       GetSystemInfo
 0001:00006624       GetSystemMenu
 0001:0000662C       GetSystemMetrics
 0002:00008784       GetSystemMetrics
 0001:000062BC       GetSystemPaletteEntries
 0001:0000601C       GetTempPath
 0001:00041A20       GetTerminalName
 0001:000062C4       GetTextExtentPoint32
 0001:000062CC       GetTextMetrics
 0002:000088AC       GetThemeAppProperties
 0002:00008818       GetThemeBackgroundContentRect
 0002:0000881C       GetThemeBackgroundExtent
 0002:0000882C       GetThemeBackgroundRegion
 0002:00008850       GetThemeBool
 0002:00008844       GetThemeColor
 0002:000088B8       GetThemeDocumentationProperty
 0002:00008858       GetThemeEnumValue
 0002:00008878       GetThemeFilename
 0002:00008860       GetThemeFont
 0002:00008854       GetThemeInt
 0002:0000886C       GetThemeIntList
 0002:00008868       GetThemeMargins
 0002:00008848       GetThemeMetric
 0002:00008820       GetThemePartSize
 0002:0000885C       GetThemePosition
 0002:00008870       GetThemePropertyOrigin
 0002:00008864       GetThemeRect
 0002:0000884C       GetThemeString
 0002:00008884       GetThemeSysBool
 0002:0000887C       GetThemeSysColor
 0002:00008880       GetThemeSysColorBrush
 0002:0000888C       GetThemeSysFont
 0002:00008894       GetThemeSysInt
 0002:00008888       GetThemeSysSize
 0002:00008890       GetThemeSysString
 0002:00008824       GetThemeTextExtent
 0002:00008828       GetThemeTextMetrics
 0001:00022CE4       GetThreadClass
 0001:0003CDF8       GetThreadClass
 0001:00006024       GetThreadContext
 0001:0000602C       GetThreadLocale
 0001:000002F4       GetThreadLocale
 0001:0003BA04       GetThreadParams
 0001:00006034       GetTickCount
 0001:00009F68       GetTime
 0001:0000603C       GetTimeZoneInformation
 0001:00005BBC       GetTlsSize
 0001:0005D5E8       GetTopMostWindows
 0001:000699F8       GetTopParent
 0001:00006634       GetTopWindow
 0001:00038404       GetTotalDisk
 0001:00038154       GetTotalMemory
 0001:000153DC       GetTypeData
 0001:00005E14       GetUserName
 0001:00014B34       GetVarDataArrayInfo
 0001:00006044       GetVersion
 0001:00000384       GetVersion
 0001:0000604C       GetVersionEx
 0001:00037B40       GetVersionNumber
 0001:0000663C       GetWindow
 0001:00006644       GetWindowDC
 0001:0000664C       GetWindowLong
 0001:000062D4       GetWindowOrgEx
 0001:00006654       GetWindowPlacement
 0001:0000665C       GetWindowRect
 0001:00006664       GetWindowText
 0002:000088A0       GetWindowTheme
 0001:0000666C       GetWindowThreadProcessId
 0001:00006674       GetWindowThreadProcessId
 0001:00078B58       GetWMIPrinterParameter
 0001:00006054       GlobalAddAtom
 0001:0000605C       GlobalAlloc
 0001:00006920       GlobalAllocPtr
 0001:00006064       GlobalDeleteAtom
 0001:0000606C       GlobalFindAtom
 0002:00004868       GlobalFixupList
 0001:0001B2E0       GlobalFixupReferences
 0001:00006074       GlobalFree
 0001:0000694C       GlobalFreePtr
 0001:00006084       GlobalHandle
 0001:0000607C       GlobalLock
 0001:0000608C       GlobalMemoryStatus
 0002:0000484C       GlobalNameSpace
 0001:00006094       GlobalReAlloc
 0001:00006930       GlobalReAllocPtr
 0002:00004A00       GlobalSMTPValues
 0001:0000609C       GlobalUnlock
 0002:00004A6C       Global_CriticalSection
 0002:00004A84       Global_CurrentEvent
 0002:00004A50       Global_ExceptionRecord
 0002:00004A4C       Global_Execute
 0002:00004A4D       Global_Handled
 0002:00004A88       Global_IntraWebText
 0002:00004A4E       Global_Retry
 0001:0003BA74       GoNotify
 0001:0004BD54       Graphics
 0001:000180A8       GroupDescendentsWith
 0001:0004C208       GUIDToString
 0002:00000448       GUID_NULL
 0001:0003EAF4       HandleAnyExceptionAddr
 0002:00004948       HandleAnyExceptionAddr_Variable
 0001:0003EBA8       HandleAutoExceptionAddr
 0002:00004950       HandleAutoExceptionAddr_Variable
 0001:0000EF18       HandleConversionException
 0001:0005A7B8       HandleEdge
 0001:0001C744       HandleException
 0001:0003EB40       HandleOnExceptionAddr
 0002:0000494C       HandleOnExceptionAddr_Variable
 0002:00004CC8       HeaderData
 0002:00000024       HeapAllocFlags
 0002:000045C8       heapErrorCode
 0002:000045CC       heapLock
 0001:0004EAA8       HelpIntfs
 0002:000087C8       HelpManager
 0002:000088F8       HelpMsg
 0002:00008988       HelpViewer
 0002:0000898C       HelpViewerIntf
 0002:00000130       HexDisplayPrefix
 0001:00076C64       HideZone
 0002:00004668       HInstance
 0002:000089A8       HintDoneEvent
 0001:0005CF24       HintGetMsgHook
 0002:000089AC       HintHook
 0001:0005CEC8       HintMouseThread
 0002:000089B0       HintThread
 0002:000089A4       HintThreadID
 0001:0005CE74       HintTimerProc
 0002:00002F68       HintWindowClass
 0002:00008830       HitTestThemeBackground
 0001:00006900       HiWord
 0001:0002F17C       HookBPLProcedure
 0001:00023860       HookDllProcedure
 0001:0003C2C8       HookedCreateThread
 0001:0003BF90       HookedExceptionObject
 0001:0003C09C       HookedExceptProc
 0001:0003C904       HookedExitThread
 0001:0003C9A4       HookedHttpExtensionProc
 0001:0003BE8C       HookedRaise
 0001:0003C684       HookedResumeThread
 0001:0003C224       HookedRTLThreadProc
 0001:0003C074       HookedRtlUnwind
 0001:0003C12C       HookedThreadProc
 0001:0003E0C8       Hooked_CGIHandleServerException
 0001:0003E29C       Hooked_GUIHandleException
 0001:0003E5CC       Hooked_IndyThreadHandleException
 0001:0003E378       Hooked_IntraWebHandleException
 0001:0003E1B0       Hooked_ISAPIHandleServerException
 0001:0003E47C       Hooked_NTServiceLogMessage
 0001:000237E4       HookFunction
 0001:0005CF68       HookHintHooks
 0001:0003F2E8       HookingModuleName
 0001:0003F30C       HookingRTLModuleName
 0001:0003EC24       HookLastFInit
 0001:0003EC08       HookLastInit
 0001:000234A0       HookProcedureEx
 0001:0002F10C       HookSymbolProcedure
 0001:0003EC34       Hook_InitializationAndFinalization
 0001:0003EDCC       Hook_OnExceptionEvents
 0001:000362A8       HostName
 0001:00023D50       htons
 0001:00006A98       HwndMSWheel
 0002:00003124       IBreaks
 0002:00003130       IChecks
 0002:000028FC       IDATHeader
 0001:00034FBC       IDATWrite
 0002:00003138       IDefaults
 0001:00046374       IdentToCharset
 0001:0004616C       IdentToColor
 0001:00069858       IdentToCursor
 0001:00018290       IdentToInt
 0002:00003140       IEnables
 0001:0002BC40       ifelseStr
 0001:000653E8       IfHotkeyAvailable
 0001:0002BCB8       ifStr
 0002:000089BC       ImageListWriteExProc
 0001:0004D9A4       ImageList_Add
 0001:0002B7A8       ImageList_Add
 0001:0004D9C4       ImageList_AddIcon
 0001:0004D9E8       ImageList_BeginDrag
 0001:0004D98C       ImageList_Create
 0001:0002B7A0       ImageList_Create
 0001:0004D994       ImageList_Destroy
 0001:0002B7B0       ImageList_Destroy
 0001:0004D9F8       ImageList_DragEnter
 0001:0004DA00       ImageList_DragLeave
 0001:0004DA08       ImageList_DragMove
 0001:0004DA18       ImageList_DragShowNolock
 0001:0004D9D0       ImageList_Draw
 0001:0004D9D8       ImageList_DrawEx
 0001:0004D9F0       ImageList_EndDrag
 0001:0004D9BC       ImageList_GetBkColor
 0001:0004DA20       ImageList_GetDragImage
 0001:0004DA38       ImageList_GetIconSize
 0001:0004D99C       ImageList_GetImageCount
 0001:0004DA28       ImageList_Read
 0001:0004D9E0       ImageList_Remove
 0001:0004D9AC       ImageList_ReplaceIcon
 0001:0004D9B4       ImageList_SetBkColor
 0001:0004DA10       ImageList_SetDragCursorImage
 0001:0004DA40       ImageList_SetIconSize
 0001:0004DA30       ImageList_Write
 0002:00003094       Images
 0002:00004CC0       ImgData
 0001:00061108       ImgList
 0001:0004DAB0       Imm
 0002:000032C0       IMM32DLL
 0001:00077854       Imm32IsIME
 0002:00000180       IMSecsPerDay
 0002:00004A34       InactiveThreads
 0001:0000F2A4       InBounds
 0001:0000F004       InBounds
 0001:000229B4       IncludeLastBackslash
 0001:0000F034       Increment
 0001:0000F2D4       Increment
 0002:00004970       IndyThread_HandleException
 0001:00026BD0       inflate
 0001:00026A74       inflateEnd
 0001:00025440       InflateInit
 0001:00026BC0       inflateInit_
 0001:0000667C       InflateRect
 0001:00026A2C       inflateReset
 0001:0003FE88       IniFiles
 0001:00023B88       Init
 0001:00022FF4       Init
 0001:0003F318       Init
 0001:00000A7C       InitAllocator
 0001:0004CF4C       InitAnApi
 0002:000087AC       InitApis
 0001:0003E8DC       InitCheckFreeze
 0001:0004CDBC       InitComObj
 0001:00018538       InitComponent
 0002:00004638       InitContext
 0001:000778F0       InitControls
 0001:0004B8D4       InitDefFontData
 0001:00034EC0       InitDeflate
 0001:0000D158       InitDriveSpacePtr
 0001:0000C26C       InitExceptions
 0001:0004EB50       InitFlatSB
 0001:0004FFB4       InitGlobals
 0001:00048598       InitializeBitmapInfoHeader
 0001:000060A4       InitializeCriticalSection
 0001:000003D0       InitializeCriticalSection
 0002:000045C4       initialized
 0002:00004928       Initialized
 0001:0004EB28       InitializeFlatSB
 0001:00005C48       InitializeModule
 0001:0000E12C       InitializeVarUtils
 0001:000774F4       InitIMM32
 0001:000185E0       InitInheritedComponent
 0001:0000C9D0       InitLeadBytes
 0001:0004D628       InitMultiMonStubs
 0001:0000C370       InitPlatformId
 0002:00004044       InitProc
 0001:0005F900       InitProcs
 0001:0004B858       InitScreenLogPixels
 0001:0000CA48       InitSysLocale
 0001:0004F178       InitThemeLibrary
 0001:0001E050       InitThreadSynchronization
 0001:00005BC4       InitThreadTLS
 0001:0000348C       InitUnits
 0001:0006953C       InitWndProc
 0002:00003260       InnerStyles
 0002:00004050       Input
 0001:0005C94C       InsertBefore
 0001:0006EED8       InsertBefore
 0001:00031310       InsertColumn
 0001:00000E88       InsertFree
 0001:0006549C       InsertHotkeyFarEastFormat
 0001:00006684       InsertMenu
 0001:0000668C       InsertMenuItem
 0001:0003138C       InsertRow
 0001:0003F300       InstanceModuleName
 0002:00004888       InstBlockList
 0002:0000488C       InstFreeList
 0001:00014028       Int64Op
 0002:0000485C       IntConstList
 0001:00005F0C       InterlockedDecrement
 0001:0000D1C0       InterlockedDecrement
 0001:00000374       InterlockedDecrement
 0001:00005F14       InterlockedExchange
 0001:0000D1CC       InterlockedExchange
 0001:0000D1D4       InterlockedExchangeAdd
 0001:00005F1C       InterlockedIncrement
 0001:0000036C       InterlockedIncrement
 0001:0000D1B4       InterlockedIncrement
 0001:00001D0C       InternalClose
 0001:0002C284       InternalCriticalError
 0001:0004587C       InternalDeletePalette
 0002:000049F4       InternalErrorCode
 0002:000049F8       InternalErrorMsg
 0001:0003A96C       InternalExceptNotify
 0001:00001F50       InternalFlush
 0001:00000CE4       InternalFreeMem
 0001:000486E8       InternalGetDIB
 0001:0004867C       InternalGetDIBSizes
 0001:000086E8       InternalGetDiskSpace
 0001:0002D788       InternalGetFileSize
 0001:00023430       InternalHookProc
 0002:000048BC       InternalIntoIDE
 0001:00020D0C       InternalLog
 0001:000183D0       InternalReadComponentRes
 0001:0003573C       InternalSendMail
 0002:00008970       InternalServices
 0001:0002BFE8       InternalStringReplace
 0001:00041458       InternalStrToDate
 0001:00023450       InternalUnhookProc
 0001:00003D30       InternalUniqueString
 0001:000062DC       IntersectClipRect
 0001:00006694       IntersectRect
 0002:00004985       IntoFinalization
 0001:00021618       IntoIDE
 0002:00004984       IntoInitialization
 0001:00013F10       IntOp
 0002:00004990       IntraWebApplication
 0002:000049A0       IntraWebMainThreadID
 0002:00004994       IntraWebServerController
 0001:0003ECEC       IntraWeb_BPL
 0002:00004960       IntraWeb_HandleException
 0002:00004964       IntraWeb_ShowMessage
 0001:00007FB8       IntToHex
 0001:00007F90       IntToHex
 0001:000182D0       IntToIdent
 0001:00007E7C       IntToStr
 0001:00007F68       IntToStr
 0001:0000669C       InvalidateRect
 0001:0004773C       InvalidBitmap
 0001:00040888       InvalidDateWeekError
 0001:00047724       InvalidGraphic
 0001:00047748       InvalidIcon
 0001:0004770C       InvalidOperation
 0001:0001743C       InvalidPoint
 0002:00004798       InvalidPointer
 0001:00002A2C       InvokeImplGetter
 0001:00023D58       ioctlsocket
 0001:00001990       IOResult
 0002:00003160       IOwnerDraw
 0002:00003148       IRadios
 0002:00003158       IRTL
 0001:00055994       IsAccel
 0001:0006664C       IsAccelChar
 0001:0003049C       IsAParent
 0002:00004978       ISAPIHandleException
 0002:00004904       ISAPI_HttpExtensionProc
 0002:00004908       ISAPI_Proc
 0002:0000889C       IsAppThemed
 0001:000060AC       IsBadReadPtr
 0001:0006A050       IsBeforeTargetWindow
 0001:0002D754       IsCGI
 0001:000066A4       IsChild
 0002:0000404C       IsConsole
 0001:0002C208       IsDebugged
 0001:0002F0F8       IsDelphiException
 0001:0006A4AC       IsDelphiHandle
 0001:000066AC       IsDialogMessage
 0002:00004CA8       IsDialogShowed
 0002:00003150       ISeparators
 0001:00015CFC       IsEqualIID
 0001:0003DC90       IsEurekaLogActive
 0001:0003DC38       IsEurekaLogActiveInThread
 0001:0002FA8C       IsEurekaLogModule
 0001:0002F944       IsEurekaLogModule_New
 0001:0002F7B8       IsEurekaLogModule_Old
 0001:00030814       IsExceptionActionNotifyAssigned
 0001:00030858       IsExceptionErrorNotifyAssigned
 0001:0002F268       IsExceptionHandled
 0001:000307D0       IsExceptionNotifyAssigned
 0001:0002D9AC       IsGUI
 0001:000066B4       IsIconic
 0001:000666A8       IsInitialChar
 0001:00021584       IsInterlanLogActive
 0001:0002D974       IsIntraWeb
 0001:0002D93C       IsISAPI
 0001:00040C4C       IsLeapYear
 0001:00009B28       IsLeapYear
 0002:00004038       IsLibrary
 0001:000303F8       IsMainWindow
 0001:0002C9BC       IsManageableObject
 0002:0000404D       IsMultiThread
 0001:00074914       IsOrientationSet
 0001:000066BC       IsRectEmpty
 0001:0003FF84       IsRelative
 0001:0006A254       IsSiteChildOfClient
 0002:00008898       IsThemeActive
 0002:00008840       IsThemeBackgroundPartiallyTransparent
 0002:000088A8       IsThemeDialogTextureEnabled
 0002:0000883C       IsThemePartDefined
 0001:000183AC       IsUniqueGlobalComponentName
 0002:00004850       IsUniqueGlobalComponentNameProc
 0001:0002C1DC       IsValidBlockAddr
 0001:00023368       IsValidBlockAddr
 0001:000237C0       IsValidBlockAddr
 0001:00040CB0       IsValidDate
 0001:00040718       IsValidDateWeek
 0001:00024B3C       IsValidDNS
 0001:00007DCC       IsValidIdent
 0001:0002CAC4       IsValidModule
 0001:0002C964       IsValidObject
 0001:0002D980       IsWeb
 0001:0000CA30       IsWesternGroup
 0001:0002D7E0       IsWinCGI
 0001:000066C4       IsWindow
 0001:000066CC       IsWindowEnabled
 0001:000066D4       IsWindowVisible
 0001:000066DC       IsZoomed
 0001:0002E1F4       Is_HandleOnException_Handled
 0001:0006249C       Iterate
 0001:000624FC       IterateMenus
 0002:0000002C       JITEnable
 0002:000048F8       Kernel_CreateThread
 0002:00004900       Kernel_ExitThread
 0002:000048F0       Kernel_RaiseException
 0002:000048FC       Kernel_ResumeThread
 0002:000048F4       Kernel_RtlUnwind
 0001:00055948       KeyboardStateToShiftState
 0001:0005590C       KeyDataToShiftState
 0001:000558B8       KeysToShiftState
 0001:0002C8FC       KillApplication
 0001:000066E4       KillTimer
 0002:00004940       LanguageStr
 0001:0000840C       LastDelimiter
 0002:000049C8       LastDelphiException
 0002:00004898       LastEurekaVersion
 0002:000049BC       LastExceptAddr
 0002:000049D4       LastExceptionLog
 0002:000049D0       LastExceptionRecord
 0002:000049CC       LastExceptMessage
 0002:000049C4       LastExceptObject
 0002:000049D8       LastExceptThreadID
 0002:0000495C       LastFinalizationPtr
 0002:00004958       LastInitializationPtr
 0002:00004980       LastInitPointer
 0002:000049DC       LastLog
 0002:0000492C       LastThreadID
 0001:000059F4       LCIDToCodePage
 0001:0000C95C       LCIDToCodePage
[...]
   164 0001:00042112   165 0001:0004211C   166 0001:00042126   168 0001:00042130
   169 0001:0004213A   170 0001:00042144   171 0001:0004214E   172 0001:00042158
   174 0001:00042162   175 0001:0004216C   176 0001:00042176   177 0001:00042180
   178 0001:0004218A   180 0001:00042194   181 0001:0004219E   182 0001:000421A8
   183 0001:000421B2   184 0001:000421BC   186 0001:000421C6   187 0001:000421D0
   188 0001:000421DA   189 0001:000421E4   190 0001:000421EE   192 0001:000421F8
   195 0001:00042202   196 0001:00042216   197 0001:00042225   198 0001:00042234
   201 0001:00042243   202 0001:0004224A   203 0001:0004224F   209 0001:0004225E
   210 0001:00042295   211 0001:000422CB   212 0001:00042302   213 0001:00042338
   214 0001:0004236F   216 0001:000423A6   219 0001:000423BE   221 0001:000423DA
   222 0001:000423DF   223 0001:000423E9   224 0001:000423F6   231 0001:00042409
   232 0001:00042440   235 0001:00042458   237 0001:00042474   239 0001:0004247C
   244 0001:00042481   247 0001:00042489   248 0001:0004248F   251 0001:000424B8
   252 0001:000424F6   253 0001:00042534   257 0001:00042547   260 0001:0004257E
   262 0001:00042588   263 0001:000425BD   267 0001:000425E2   270 0001:00042600
   271 0001:0004260D   276 0001:00042620   277 0001:0004263E   278 0001:00042649
   279 0001:00042653   285 0001:0004266C   286 0001:0004267D   287 0001:000426B8
   288 0001:000426CD   289 0001:000426DB   290 0001:000426F3   291 0001:00042712
   293 0001:0004274C   294 0001:00042751   298 0001:0004278C   301 0001:000427C0
   303 0001:000427E1   304 0001:000427EB   305 0001:000427F9   307 0001:0004283D
   308 0001:0004284B   310 0001:0004288F   311 0001:0004289D   313 0001:000428DE
   314 0001:000428EC   316 0001:0004292D   322 0001:00042949   323 0001:0004296E
   324 0001:000429A9   325 0001:000429BA   326 0001:000429F5   327 0001:00042A0A
   328 0001:00042A18   329 0001:00042A30   331 0001:00042A78   333 0001:00042A94
   334 0001:00042AA5   335 0001:00042ADD   336 0001:00042AEE   337 0001:00042AFC
   338 0001:00042B0E   340 0001:00042B39   344 0001:00042B52   346 0001:00042B5A
   348 0001:00042B6A   352 0001:00042B83   354 0001:00042B98   356 0001:00042BA0
   360 0001:00042BB8   364 0001:00042BCC   365 0001:00042C0A   366 0001:00042C48
   370 0001:00042C5B   373 0001:00042C92   375 0001:00042C9C   376 0001:00042CD1
   380 0001:00042CF6   383 0001:00042D14   384 0001:00042D21   388 0001:00042D34
   389 0001:00042D52   390 0001:00042D5D   391 0001:00042D67   397 0001:00042D80
   401 0001:00042DBB   404 0001:00042DEF   406 0001:00042E10   407 0001:00042E1A
   408 0001:00042E28   410 0001:00042E6C   411 0001:00042E7A   413 0001:00042EBE
   414 0001:00042ECC   416 0001:00042F0D   417 0001:00042F1B   419 0001:00042F5C
   425 0001:00042F78   426 0001:00042F9D   427 0001:00042FD8   429 0001:0004300D
   430 0001:00043015   435 0001:00043022   440 0001:0004305C   443 0001:00043066
   448 0001:0004307B   449 0001:00043085   450 0001:00043090   451 0001:0004309A
   457 0001:000430B3   458 0001:000430BE   459 0001:000430C6   461 0001:000430CB
   463 0001:000430E7   464 0001:000430F1   468 0001:000430FE   471 0001:00043130
   477 0001:0004316D   478 0001:0004319F   479 0001:000431AA   480 0001:000431B4
   486 0001:000431CD   487 0001:000431D8   489 0001:000431E0   491 0001:000431FC
   492 0001:00043206   496 0001:00043213   499 0001:00043266   504 0001:000432C4
   505 0001:00043317   506 0001:00043322   507 0001:0004332C   513 0001:00043345
   518 0001:00043390   521 0001:000433EB   525 0001:00043400   529 0001:0004341B
   531 0001:00043425   532 0001:0004342F   538 0001:00043506   539 0001:00043508
   542 0001:0004351F   544 0001:00043531   557 0001:000435AD   560 0001:000435B7
   561 0001:000435BF   566 0001:000435CA   570 0001:00043617   573 0001:00043663
   574 0001:00043671   576 0001:000436D1   581 0001:000436ED   582 0001:000436FA
   583 0001:0004371A   584 0001:0004374F   585 0001:0004376D   586 0001:0004378B
   589 0001:000437A5   590 0001:000437CB   591 0001:000437EF   594 0001:00043815
   595 0001:0004384E   596 0001:0004387D   599 0001:000438AC   604 0001:000438DB
   605 0001:000438E6   606 0001:000438F1   607 0001:00043920   609 0001:0004394F
   611 0001:0004397B   612 0001:0004397F   614 0001:000439F8   617 0001:00043A14
   618 0001:00043A22   619 0001:00043A29   621 0001:00043A41   625 0001:00043A57
   627 0001:00043AA4   629 0001:00043AC1   630 0001:00043ADA   634 0001:00043AE0
   640 0001:00043B47   641 0001:00043B4C   643 0001:00043B51   619 0001:00043B55
   645 0001:00043B5C   649 0001:00043B5E   651 0001:00043BC3   655 0001:00043C05
   656 0001:00043C0B   657 0001:00043C32   658 0001:00043C51   659 0001:00043C99
   660 0001:00043CD9   661 0001:00043D17   665 0001:00043D57   668 0001:00043DBC
   670 0001:00043DF2   671 0001:00043E24   675 0001:00043E2E   678 0001:00043E93
   645 0001:00043E94   680 0001:00043E9D   681 0001:00043EA6   683 0001:00043F09
   685 0001:00043F25   686 0001:00043F2D   688 0001:00043F35   690 0001:00043F37
   695 0001:00043F97   696 0001:00043F9F   698 0001:00043FA4   699 0001:00043FB7
   700 0001:00043FBC   701 0001:00043FD7   696 0001:00043FD8   702 0001:00043FDD
   703 0001:00043FF9   705 0001:00044014   708 0001:0004404E   711 0001:0004406C
   713 0001:00044087   716 0001:000440C1   719 0001:000440DF   721 0001:000440F4
   724 0001:0004412A   688 0001:0004412B   725 0001:00044134   726 0001:0004413A
   727 0001:00044161   728 0001:00044167   734 0001:0004418C   735 0001:00044194
   489 0001:00044197   737 0001:000441A0   461 0001:000441A3   741 0001:000441AC
   743 0001:000441BC   747 0001:000441D5   749 0001:000441EA   751 0001:000441F2
   755 0001:0004420A   759 0001:0004421E   226 0001:00044221   762 0001:0004423F
   764 0001:00044247   204 0001:0004424A   767 0001:00044266   768 0001:0004426E
   769 0001:00044276   770 0001:0004427E   771 0001:00044286   772 0001:0004428E
   773 0001:00044296   774 0001:000442F8   777 0001:00044B84   777 0001:00044B8B

Line numbers for WbemScripting_TLB(C:\Borland\Delphi7\Imports\WbemScripting_TLB.pas) segment .text

  2741 0001:00078534  2742 0001:0007854A  2743 0001:00078583  4631 0001:000785C8
  4631 0001:000785CF

Line numbers for MyPrinter(MyPrinter.pas) segment .text

    67 0001:00078670    68 0001:0007869E    69 0001:000786A6    70 0001:000786C9
    72 0001:000786D6    75 0001:0007872A    77 0001:00078751    78 0001:0007877D
    79 0001:000787B0    78 0001:00078819    82 0001:00078821    84 0001:00078853
    86 0001:0007888C    88 0001:000788D9    90 0001:00078906    91 0001:00078938
    92 0001:00078971    91 0001:00078A0C    95 0001:00078A15    97 0001:00078A3F
    99 0001:00078A4C   100 0001:00078B0B   102 0001:00078B58   103 0001:00078B98
   105 0001:00078B9F   106 0001:00078BAD   107 0001:00078BE7   108 0001:00078C0E
   109 0001:00078C1D   111 0001:00078C44   113 0001:00078CB9   116 0001:00078CE5
   117 0001:00078D00   121 0001:00078D0F   126 0001:00078D50   127 0001:00078D67
   130 0001:00078D90   131 0001:00078DAB   132 0001:00078DCD   134 0001:00078DF2
   135 0001:00078DFC   128 0001:00078DFE   138 0001:00078E16   114 0001:00078E18
   142 0001:00078E3F   143 0001:00078F29   158 0001:0007904C   161 0001:0007907A
   165 0001:00079084   166 0001:00079089   167 0001:0007908E   170 0001:00079095
   171 0001:000790AC   175 0001:000790B2   177 0001:000790BC   180 0001:000790C1
   182 0001:000790D0   183 0001:000790DB   184 0001:000790EF   185 0001:000790FE
   186 0001:0007910D   188 0001:0007911C   189 0001:0007912A   191 0001:0007914B
   195 0001:0007914F   197 0001:00079159   198 0001:00079163   199 0001:00079188
   200 0001:00079199   201 0001:000791AA   202 0001:000791B3   206 0001:000791C9
   208 0001:000791CF   209 0001:000791DF   211 0001:000791E5   213 0001:000791EB
   214 0001:00079210   215 0001:0007921E   216 0001:0007923F   217 0001:00079252
   218 0001:00079260   219 0001:00079281   220 0001:0007928D   221 0001:0007929B
   222 0001:000792BC   223 0001:000792C8   224 0001:000792D4   225 0001:000792E2
   226 0001:00079303   227 0001:00079310   228 0001:0007931D   229 0001:0007932B
   230 0001:0007934C   231 0001:00079358   233 0001:00079364   234 0001:00079372
   235 0001:00079374   236 0001:00079388   238 0001:000793A7   240 0001:000793AE
   241 0001:000793B8   244 0001:000793D8   245 0001:000793EF   246 0001:00079402
   247 0001:00079413   248 0001:00079426   250 0001:0007945C   252 0001:0007946E
   253 0001:00079476   254 0001:000795B3   255 0001:000795C5   256 0001:000795D7
   257 0001:000795E9   258 0001:000795FB   259 0001:0007960D   260 0001:0007961F
   261 0001:00079631   262 0001:00079643   263 0001:00079655   264 0001:00079667
   265 0001:00079679   266 0001:0007968B   267 0001:0007969D   268 0001:000796AF
   269 0001:000796C1   270 0001:000796D3   271 0001:000796E5   272 0001:000796F4
   273 0001:00079703   274 0001:00079712   275 0001:00079721   276 0001:00079730
   277 0001:0007973F   278 0001:0007974E   279 0001:0007975D   281 0001:0007976A
   283 0001:0007978B   285 0001:000797AE   289 0001:000797C0   292 0001:000797D2
   294 0001:000797D8   295 0001:000797E7   296 0001:00079808   298 0001:0007982A
   299 0001:00079833   300 0001:0007984D   301 0001:0007985E   302 0001:00079882
   303 0001:0007989C   304 0001:000798B9   305 0001:000798D6   306 0001:000798F0
   307 0001:0007990A   309 0001:00079924   310 0001:00079932   312 0001:00079962
   316 0001:00079967   317 0001:00079982   318 0001:000799AD   320 0001:000799C5
   208 0001:000799C9   325 0001:000799DF   326 0001:000799EA   327 0001:000799F2
   328 0001:000799FA   329 0001:00079A02   330 0001:00079A0A   331 0001:00079A12
   332 0001:00079A1A   335 0001:00079A54   337 0001:0007A080   337 0001:0007A087

Line numbers for MyDisk(MyDisk.pas) segment .text

    35 0001:0007A0B8    38 0001:0007A0D3    42 0001:0007A0DD    44 0001:0007A0E4
    45 0001:0007A0EF    46 0001:0007A0FD    49 0001:0007A104    53 0001:0007A11F
    54 0001:0007A127    55 0001:0007A135    57 0001:0007A154    61 0001:0007A15B
    62 0001:0007A189    63 0001:0007A198    64 0001:0007A1A7    65 0001:0007A1B6
    66 0001:0007A1C5    67 0001:0007A1D4    68 0001:0007A1E3    71 0001:0007A1F0
    73 0001:0007A1FF    74 0001:0007A205    75 0001:0007A22C    76 0001:0007A23B
    77 0001:0007A24A    78 0001:0007A258    80 0001:0007A2A6    82 0001:0007A2BC
    83 0001:0007A2CA    85 0001:0007A318    88 0001:0007A32E    46 0001:0007A331
    90 0001:0007A348    92 0001:0007A384    94 0001:0007A474    94 0001:0007A47B

Line numbers for ActiveDs_TLB(C:\Borland\Delphi7\Imports\ActiveDs_TLB.pas) segment .text

  8020 0001:0007A4AC  8020 0001:0007A4B3

Line numbers for GetDeviceInfo(S:\SOURCE\Прокушев\GetDeviceInfo\GetDeviceInfo.dpr) segment .text

    34 0001:0007A4B4    35 0001:0007A4E8    36 0001:0007A53B    37 0001:0007A567
    47 0001:0007A5B8    49 0001:0007A5E4    50 0001:0007A615    53 0001:0007A624
    54 0001:0007A62B    55 0001:0007A632    57 0001:0007A63A    58 0001:0007A672
    63 0001:0007A685    66 0001:0007A69D    70 0001:0007A6E9    72 0001:0007A6EE
    73 0001:0007A6F9    74 0001:0007A706    78 0001:0007A70D    82 0001:0007A740
    83 0001:0007A749    86 0001:0007A786    91 0001:0007AAB0    92 0001:0007AAEE
    94 0001:0007AAF5    96 0001:0007AB11   107 0001:0007AB35   110 0001:0007AB3C
   111 0001:0007AB4E   112 0001:0007AB6D   113 0001:0007AB86   117 0001:0007ABB6
   120 0001:0007ABCD   122 0001:0007ABD2   126 0001:0007ABDC   131 0001:0007ABF3
   135 0001:0007AC15   140 0001:0007AC51   144 0001:0007AC7E   146 0001:0007AC9F
   147 0001:0007ACB7   149 0001:0007ACBC   150 0001:0007AD09   151 0001:0007AD20
   152 0001:0007AD38   153 0001:0007AD50   154 0001:0007AD68   155 0001:0007AD80
   156 0001:0007ADAF   157 0001:0007ADDE   158 0001:0007AE0D   159 0001:0007AE2B
   160 0001:0007AE5A   161 0001:0007AE89   162 0001:0007AEB8   163 0001:0007AED6
   164 0001:0007AEF4   165 0001:0007AF12   166 0001:0007AF30   167 0001:0007AF4E
   168 0001:0007AF6C   169 0001:0007AF8A   170 0001:0007AFA8   171 0001:0007AFD7
   172 0001:0007B006   173 0001:0007B024   174 0001:0007B042   175 0001:0007B060
   176 0001:0007B07E   177 0001:0007B088   146 0001:0007B08C   180 0001:0007B093
   182 0001:0007B0B4   183 0001:0007B0CC   185 0001:0007B0D1   186 0001:0007B136
   187 0001:0007B153   188 0001:0007B171   189 0001:0007B18F   190 0001:0007B1AD
   191 0001:0007B1CB   192 0001:0007B1FA   193 0001:0007B229   194 0001:0007B247
   195 0001:0007B265   196 0001:0007B283   197 0001:0007B2B2   198 0001:0007B2D0
   199 0001:0007B2EE   200 0001:0007B30C   201 0001:0007B32A   202 0001:0007B359
   203 0001:0007B388   204 0001:0007B3A6   205 0001:0007B3C4   206 0001:0007B3E2
   207 0001:0007B400   208 0001:0007B41E   209 0001:0007B43C   210 0001:0007B45A
   211 0001:0007B464   182 0001:0007B468   213 0001:0007B46F   215 0001:0007B482
   216 0001:0007B49A   218 0001:0007B49F   219 0001:0007B504   220 0001:0007B521
   221 0001:0007B53F   222 0001:0007B55D   223 0001:0007B58C   224 0001:0007B5BB
   225 0001:0007B5D9   226 0001:0007B5E3   215 0001:0007B5E7   228 0001:0007B5EE
   230 0001:0007B60E   237 0001:0007B7AE   238 0001:0007B7BD   239 0001:0007B7D5
   241 0001:0007B7DA   248 0001:0007B949   249 0001:0007B958   238 0001:0007B95C
   252 0001:0007B963   254 0001:0007B983   259 0001:0007BB45   260 0001:0007BB54
   261 0001:0007BB6A   263 0001:0007BB71   268 0001:0007BD99   269 0001:0007BDA8
   260 0001:0007BDAB   272 0001:0007BDB2   274 0001:0007BDD2   275 0001:0007BE40
   276 0001:0007BE4F   277 0001:0007BE65   279 0001:0007BE6C   280 0001:0007BEF0
   281 0001:0007BEFF   276 0001:0007BF02   284 0001:0007BF09   286 0001:0007BF29
   287 0001:0007BF42   288 0001:0007BF68   289 0001:0007BF7E   291 0001:0007BF85
   292 0001:0007BFAC   293 0001:0007BFD3   294 0001:0007BFFA   295 0001:0007C021
   296 0001:0007C048   297 0001:0007C06F   298 0001:0007C096   299 0001:0007C0BD
   300 0001:0007C0E4   301 0001:0007C10B   302 0001:0007C132   303 0001:0007C159
   304 0001:0007C180   305 0001:0007C1A7   306 0001:0007C1CE   307 0001:0007C1F5
   308 0001:0007C21C   309 0001:0007C243   310 0001:0007C26A   311 0001:0007C291
   312 0001:0007C2B8   313 0001:0007C2DF   314 0001:0007C306   315 0001:0007C315
   288 0001:0007C318   318 0001:0007C31F   320 0001:0007C33F   321 0001:0007C358
   322 0001:0007C37E   323 0001:0007C394   325 0001:0007C39B   326 0001:0007C3C2
   327 0001:0007C3E9   328 0001:0007C410   329 0001:0007C437   330 0001:0007C45E
   331 0001:0007C485   332 0001:0007C4AC   333 0001:0007C4D3   334 0001:0007C4FA
   335 0001:0007C521   336 0001:0007C548   337 0001:0007C56F   338 0001:0007C596
   339 0001:0007C5BD   340 0001:0007C5E4   341 0001:0007C60B   342 0001:0007C632
   343 0001:0007C659   344 0001:0007C680   345 0001:0007C6A7   346 0001:0007C6CE
   347 0001:0007C6F5   348 0001:0007C71C   349 0001:0007C743   350 0001:0007C76A
   351 0001:0007C779   322 0001:0007C77C   354 0001:0007C783   356 0001:0007C7A3
   357 0001:0007C7BC   358 0001:0007C7E2   359 0001:0007C7F8   361 0001:0007C7FF
   362 0001:0007C849   363 0001:0007C893   364 0001:0007C8DD   358 0001:0007C8E0
   367 0001:0007C8E7   369 0001:0007C8F9   370 0001:0007C919   372 0001:0007C931
   375 0001:0007C969   379 0001:0007C98A   380 0001:0007C997   381 0001:0007C99F
   383 0001:0007C9A6   385 0001:0007C9B3   386 0001:0007C9C9   387 0001:0007C9DF
   388 0001:0007C9F5   389 0001:0007CA0B   390 0001:0007CA42   391 0001:0007CA91
   392 0001:0007CAA7   393 0001:0007CABD   394 0001:0007CAF4   395 0001:0007CB0A
   396 0001:0007CB41   397 0001:0007CB57   398 0001:0007CB6D   399 0001:0007CB79
   400 0001:0007CB8F   401 0001:0007CBA5   402 0001:0007CBBB   403 0001:0007CBD1
   404 0001:0007CBE7   405 0001:0007CBFD   406 0001:0007CC13   407 0001:0007CC29
   408 0001:0007CC3F   409 0001:0007CC55   410 0001:0007CC6B   411 0001:0007CC77
   412 0001:0007CC8D   413 0001:0007CCA3   414 0001:0007CCB9   415 0001:0007CCCF
   416 0001:0007CCE5   417 0001:0007CCF1   421 0001:0007CCFD   424 0001:0007CD1E
   428 0001:0007CD4A   431 0001:0007CD82   435 0001:0007CDA3   436 0001:0007CDB0
   437 0001:0007CDB8   439 0001:0007CDBF   441 0001:0007CDCC   442 0001:0007CDE2
   443 0001:0007CDF8   444 0001:0007CE0E   445 0001:0007CE24   446 0001:0007CE5B
   447 0001:0007CEAA   448 0001:0007CEC0   449 0001:0007CED6   450 0001:0007CF0D
   451 0001:0007CF23   452 0001:0007CF5A   453 0001:0007CF70   454 0001:0007CF86
   455 0001:0007CF92   456 0001:0007CFA8   457 0001:0007CFBE   458 0001:0007CFD4
   459 0001:0007CFEA   460 0001:0007D000   461 0001:0007D016   462 0001:0007D02C
   463 0001:0007D042   464 0001:0007D058   465 0001:0007D06E   466 0001:0007D084
   467 0001:0007D090   468 0001:0007D0A6   469 0001:0007D0BC   470 0001:0007D0D2
   471 0001:0007D0E8   472 0001:0007D0FE   473 0001:0007D10A   477 0001:0007D116
   480 0001:0007D137   484 0001:0007D163   485 0001:0007D179   487 0001:0007D180
   490 0001:0007D1B8   494 0001:0007D1D9   495 0001:0007D1E6   496 0001:0007D1EE
   498 0001:0007D1F5   500 0001:0007D202   501 0001:0007D218   502 0001:0007D22E
   503 0001:0007D244   504 0001:0007D25A   505 0001:0007D291   506 0001:0007D2DF
   507 0001:0007D32E   508 0001:0007D37D   509 0001:0007D3CC   510 0001:0007D41B
   511 0001:0007D47B   512 0001:0007D4DB   513 0001:0007D52A   514 0001:0007D579
   515 0001:0007D5C8   516 0001:0007D628   517 0001:0007D677   518 0001:0007D6C6
   519 0001:0007D715   520 0001:0007D764   521 0001:0007D7C4   522 0001:0007D824
   523 0001:0007D873   524 0001:0007D8C2   525 0001:0007D911   526 0001:0007D960
   527 0001:0007D9AF   528 0001:0007D9FE   529 0001:0007DA4D   530 0001:0007DA63
   531 0001:0007DA79   532 0001:0007DAB0   533 0001:0007DAC6   534 0001:0007DAFD
   535 0001:0007DB13   536 0001:0007DB29   537 0001:0007DB35   538 0001:0007DB4B
   539 0001:0007DB61   540 0001:0007DB77   541 0001:0007DB8D   542 0001:0007DBA3
   543 0001:0007DBB9   544 0001:0007DBCF   545 0001:0007DBE5   546 0001:0007DBFB
   547 0001:0007DC11   548 0001:0007DC27   549 0001:0007DC33   550 0001:0007DC49
   551 0001:0007DC5F   552 0001:0007DC75   553 0001:0007DC8B   554 0001:0007DCA1
   555 0001:0007DCAD   559 0001:0007DCB9   562 0001:0007DCDA   564 0001:0007DD06
   484 0001:0007DD09   566 0001:0007DD10   567 0001:0007DD26   569 0001:0007DD2D
   572 0001:0007DD65   576 0001:0007DD86   577 0001:0007DD93   578 0001:0007DD9B
   580 0001:0007DDA2   582 0001:0007DDAF   583 0001:0007DDC5   584 0001:0007DDDB
   585 0001:0007DDF1   586 0001:0007DE07   587 0001:0007DE3E   588 0001:0007DE8C
   589 0001:0007DEDB   590 0001:0007DF2A   591 0001:0007DF79   592 0001:0007DFC8
   593 0001:0007E028   594 0001:0007E088   595 0001:0007E0E8   596 0001:0007E137
   597 0001:0007E197   598 0001:0007E1F7   599 0001:0007E257   600 0001:0007E2A6
   601 0001:0007E2F5   602 0001:0007E344   603 0001:0007E393   604 0001:0007E3E2
   605 0001:0007E431   606 0001:0007E480   607 0001:0007E4CF   608 0001:0007E52F
   609 0001:0007E58F   610 0001:0007E5DE   611 0001:0007E62D   612 0001:0007E67C
   613 0001:0007E6CB   614 0001:0007E6E1   615 0001:0007E6F7   616 0001:0007E72E
   617 0001:0007E744   618 0001:0007E77B   619 0001:0007E791   620 0001:0007E7A7
   621 0001:0007E7B3   622 0001:0007E7C9   623 0001:0007E7DF   624 0001:0007E7F5
   625 0001:0007E80B   626 0001:0007E821   627 0001:0007E837   628 0001:0007E84D
   629 0001:0007E863   630 0001:0007E879   631 0001:0007E88F   632 0001:0007E8A5
   633 0001:0007E8B1   634 0001:0007E8C7   635 0001:0007E8DD   636 0001:0007E8F3
   637 0001:0007E909   638 0001:0007E91F   639 0001:0007E92B   643 0001:0007E937
   646 0001:0007E958   648 0001:0007E984   566 0001:0007E987   654 0001:0007E98E
   656 0001:0007E993   658 0001:0007EA08

Bound resource files

C:\Program Files\EurekaLog 4\delphi7\DIALOG.RES
c:\borland\delphi7\Lib\Buttons.res
c:\borland\delphi7\Lib\ExtDlgs.res
c:\borland\delphi7\Lib\Controls.res
GetDeviceInfo.drf


Program entry point at 0001:0007AAB0
