
 Start         Length     Name                   Class
 0001:00000000 0012D234H .text                   CODE
 0002:00000000 00004824H .data                   DATA
 0002:00004824 000015ADH .bss                    BSS


Detailed map of segments

 0001:00000000 000061E7 C=CODE     S=.text    G=(none)   M=System   ACBP=A9
 0001:000061E8 00000140 C=CODE     S=.text    G=(none)   M=SysInit  ACBP=A9
 0001:00006328 000002C8 C=CODE     S=.text    G=(none)   M=Types    ACBP=A9
 0001:000065F0 00000E50 C=CODE     S=.text    G=(none)   M=Windows  ACBP=A9
 0001:00007440 00000370 C=CODE     S=.text    G=(none)   M=SysConst ACBP=A9
 0001:000077B0 00006FCC C=CODE     S=.text    G=(none)   M=SysUtils ACBP=A9
 0001:0000E77C 00000038 C=CODE     S=.text    G=(none)   M=Messages ACBP=A9
 0001:0000E7B4 00000823 C=CODE     S=.text    G=(none)   M=VarUtils ACBP=A9
 0001:0000EFD8 0000938E C=CODE     S=.text    G=(none)   M=Variants ACBP=A9
 0001:00018368 00000150 C=CODE     S=.text    G=(none)   M=RTLConsts ACBP=A9
 0001:000184B8 00001904 C=CODE     S=.text    G=(none)   M=TypInfo  ACBP=A9
 0001:00019DBC 00000130 C=CODE     S=.text    G=(none)   M=ActiveX  ACBP=A9
 0001:00019EEC 0000A97A C=CODE     S=.text    G=(none)   M=Classes  ACBP=A9
 0001:00024868 00000038 C=CODE     S=.text    G=(none)   M=ETypes   ACBP=A9
 0001:000248A0 00000F44 C=CODE     S=.text    G=(none)   M=EConsts  ACBP=A9
 0001:000257E4 0000273F C=CODE     S=.text    G=(none)   M=ECore    ACBP=A9
 0001:00027F24 00000A77 C=CODE     S=.text    G=(none)   M=EHook    ACBP=A9
 0001:0002899C 000000C4 C=CODE     S=.text    G=(none)   M=ELang    ACBP=A9
 0001:00028A60 000000A0 C=CODE     S=.text    G=(none)   M=WinSock  ACBP=A9
 0001:00028B00 0000161C C=CODE     S=.text    G=(none)   M=ESockets ACBP=A9
 0001:0002A11C 000060A0 C=CODE     S=.text    G=(none)   M=EZLib    ACBP=A9
 0001:000301BC 0001498A C=CODE     S=.text    G=(none)   M=ExceptionLog ACBP=A9
 0001:00044B48 00000290 C=CODE     S=.text    G=(none)   M=Consts   ACBP=A9
 0001:00044DD8 00007283 C=CODE     S=.text    G=(none)   M=Graphics ACBP=A9
 0001:0004C05C 00000100 C=CODE     S=.text    G=(none)   M=Math     ACBP=A9
 0001:0004C15C 000002DC C=CODE     S=.text    G=(none)   M=Contnrs  ACBP=A9
 0001:0004C438 000000F4 C=CODE     S=.text    G=(none)   M=CommCtrl ACBP=A9
 0001:0004C52C 00000787 C=CODE     S=.text    G=(none)   M=MultiMon ACBP=A9
 0001:0004CCB4 00000038 C=CODE     S=.text    G=(none)   M=Imm      ACBP=A9
 0001:0004CCEC 00000FF8 C=CODE     S=.text    G=(none)   M=HelpIntfs ACBP=A9
 0001:0004DCE4 00000038 C=CODE     S=.text    G=(none)   M=WinSpool ACBP=A9
 0001:0004DD1C 00000044 C=CODE     S=.text    G=(none)   M=Printers ACBP=A9
 0001:0004DD60 0000031F C=CODE     S=.text    G=(none)   M=FlatSB   ACBP=A9
 0001:0004E080 000001A4 C=CODE     S=.text    G=(none)   M=SyncObjs ACBP=A9
 0001:0004E224 000009BB C=CODE     S=.text    G=(none)   M=UxTheme  ACBP=A9
 0001:0004EBE0 00000038 C=CODE     S=.text    G=(none)   M=RichEdit ACBP=A9
 0001:0004EC18 00000038 C=CODE     S=.text    G=(none)   M=ToolWin  ACBP=A9
 0001:0004EC50 00000038 C=CODE     S=.text    G=(none)   M=ShellAPI ACBP=A9
 0001:0004EC88 00000038 C=CODE     S=.text    G=(none)   M=RegStr   ACBP=A9
 0001:0004ECC0 000000C0 C=CODE     S=.text    G=(none)   M=WinInet  ACBP=A9
 0001:0004ED80 00000038 C=CODE     S=.text    G=(none)   M=UrlMon   ACBP=A9
 0001:0004EDB8 00000038 C=CODE     S=.text    G=(none)   M=ShlObj   ACBP=A9
 0001:0004EDF0 00000038 C=CODE     S=.text    G=(none)   M=CommDlg  ACBP=A9
 0001:0004EE28 00000038 C=CODE     S=.text    G=(none)   M=Dlgs     ACBP=A9
 0001:0004EE60 0000066D C=CODE     S=.text    G=(none)   M=Dialogs  ACBP=A9
 0001:0004F4D0 00000652 C=CODE     S=.text    G=(none)   M=ExtCtrls ACBP=A9
 0001:0004FB24 00000038 C=CODE     S=.text    G=(none)   M=ComStrs  ACBP=A9
 0001:0004FB5C 00000094 C=CODE     S=.text    G=(none)   M=Clipbrd  ACBP=A9
 0001:0004FBF0 00000038 C=CODE     S=.text    G=(none)   M=StrUtils ACBP=A9
 0001:0004FC28 000000F5 C=CODE     S=.text    G=(none)   M=Buttons  ACBP=A9
 0001:0004FD20 00000038 C=CODE     S=.text    G=(none)   M=ExtDlgs  ACBP=A9
 0001:0004FD58 00000068 C=CODE     S=.text    G=(none)   M=IniFiles ACBP=A9
 0001:0004FDC0 00000068 C=CODE     S=.text    G=(none)   M=Registry ACBP=A9
 0001:0004FE28 0000006C C=CODE     S=.text    G=(none)   M=Mapi     ACBP=A9
 0001:0004FE94 00000058 C=CODE     S=.text    G=(none)   M=ExtActns ACBP=A9
 0001:0004FEEC 00000038 C=CODE     S=.text    G=(none)   M=ListActns ACBP=A9
 0001:0004FF24 00000180 C=CODE     S=.text    G=(none)   M=ComCtrls ACBP=A9
 0001:000500A4 00000A0C C=CODE     S=.text    G=(none)   M=Themes   ACBP=A9
 0001:00050AB0 00000F28 C=CODE     S=.text    G=(none)   M=StdCtrls ACBP=A9
 0001:000519D8 00000168 C=CODE     S=.text    G=(none)   M=StdActns ACBP=A9
 0001:00051B40 00000D1F C=CODE     S=.text    G=(none)   M=WinHelpViewer ACBP=A9
 0001:00052860 00010633 C=CODE     S=.text    G=(none)   M=Controls ACBP=A9
 0001:00062E94 00001292 C=CODE     S=.text    G=(none)   M=ActnList ACBP=A9
 0001:00064128 000016E4 C=CODE     S=.text    G=(none)   M=ImgList  ACBP=A9
 0001:0006580C 00006639 C=CODE     S=.text    G=(none)   M=Menus    ACBP=A9
 0001:0006BE48 0000C3E0 C=CODE     S=.text    G=(none)   M=Forms    ACBP=A9
 0001:00078228 000001E0 C=CODE     S=.text    G=(none)   M=XMLConst ACBP=A9
 0001:00078408 00000058 C=CODE     S=.text    G=(none)   M=ComConst ACBP=A9
 0001:00078460 00001035 C=CODE     S=.text    G=(none)   M=ComObj   ACBP=A9
 0001:00079498 000001E8 C=CODE     S=.text    G=(none)   M=msxml    ACBP=A9
 0001:00079680 00007581 C=CODE     S=.text    G=(none)   M=msxmldom ACBP=A9
 0001:00080C04 00000BAB C=CODE     S=.text    G=(none)   M=xmldom   ACBP=A9
 0001:000817B0 00000398 C=CODE     S=.text    G=(none)   M=XMLIntf  ACBP=A9
 0001:00081B48 0000078C C=CODE     S=.text    G=(none)   M=XMLSchemaTags ACBP=A9
 0001:000822D4 00008B6C C=CODE     S=.text    G=(none)   M=XMLDoc   ACBP=A9
 0001:0008AE40 000145CC C=CODE     S=.text    G=(none)   M=XMLSchema ACBP=A9
 0001:0009F40C 00000410 C=CODE     S=.text    G=(none)   M=SOAPConst ACBP=A9
 0001:0009F81C 00000D4C C=CODE     S=.text    G=(none)   M=IntfInfo ACBP=A9
 0001:000A0568 000001EC C=CODE     S=.text    G=(none)   M=InvRules ACBP=A9
 0001:000A0754 00000058 C=CODE     S=.text    G=(none)   M=DBConsts ACBP=A9
 0001:000A07AC 000035FF C=CODE     S=.text    G=(none)   M=FMTBcd   ACBP=A9
 0001:000A3DAC 00000338 C=CODE     S=.text    G=(none)   M=DateUtils ACBP=A9
 0001:000A40E4 00003AD8 C=CODE     S=.text    G=(none)   M=XSBuiltIns ACBP=A9
 0001:000A7BBC 00000038 C=CODE     S=.text    G=(none)   M=Masks    ACBP=A9
 0001:000A7BF4 00000038 C=CODE     S=.text    G=(none)   M=WebConst ACBP=A9
 0001:000A7C2C 00000038 C=CODE     S=.text    G=(none)   M=BrkrConst ACBP=A9
 0001:000A7C64 00000150 C=CODE     S=.text    G=(none)   M=HTTPApp  ACBP=A9
 0001:000A7DB4 00000C24 C=CODE     S=.text    G=(none)   M=WSDLIntf ACBP=A9
 0001:000A89D8 00002508 C=CODE     S=.text    G=(none)   M=SOAPAttach ACBP=A9
 0001:000AAEE0 00000198 C=CODE     S=.text    G=(none)   M=SOAPAttachIntf ACBP=A9
 0001:000AB078 000001D0 C=CODE     S=.text    G=(none)   M=OPConvert ACBP=A9
 0001:000AB248 00000068 C=CODE     S=.text    G=(none)   M=WebNode  ACBP=A9
 0001:000AB2B0 000096BC C=CODE     S=.text    G=(none)   M=WSDLBind ACBP=A9
 0001:000B496C 00000184 C=CODE     S=.text    G=(none)   M=WebServExp ACBP=A9
 0001:000B4AF0 000018A4 C=CODE     S=.text    G=(none)   M=Rio      ACBP=A9
 0001:000B6394 00000514 C=CODE     S=.text    G=(none)   M=SOAPEnv  ACBP=A9
 0001:000B68A8 00000620 C=CODE     S=.text    G=(none)   M=SOAPDomConv ACBP=A9
 0001:000B6EC8 000004D0 C=CODE     S=.text    G=(none)   M=EncdDecd ACBP=A9
 0001:000B7398 000010C7 C=CODE     S=.text    G=(none)   M=TypeTrans ACBP=A9
 0001:000B8460 00000167 C=CODE     S=.text    G=(none)   M=OPToSOAPDomCustom ACBP=A9
 0001:000B85C8 0004BA30 C=CODE     S=.text    G=(none)   M=xdom     ACBP=A9
 0001:00103FF8 000073DA C=CODE     S=.text    G=(none)   M=oxmldom  ACBP=A9
 0001:0010B3D4 00000654 C=CODE     S=.text    G=(none)   M=xercesxmldom ACBP=A9
 0001:0010BA28 00000B20 C=CODE     S=.text    G=(none)   M=SOAPHTTPClient ACBP=A9
 0001:0010C548 00006C0C C=CODE     S=.text    G=(none)   M=inquire_v1 ACBP=A9
 0001:00113154 00000280 C=CODE     S=.text    G=(none)   M=UDDIHelper ACBP=A9
 0001:001133D4 000021DC C=CODE     S=.text    G=(none)   M=SOAPHTTPTrans ACBP=A9
 0001:001155B0 00000940 C=CODE     S=.text    G=(none)   M=HTTPUtil ACBP=A9
 0001:00115EF0 00001DD8 C=CODE     S=.text    G=(none)   M=WSDLItems ACBP=A9
 0001:00117CC8 00000624 C=CODE     S=.text    G=(none)   M=WSDLNode ACBP=A9
 0001:001182EC 0000A794 C=CODE     S=.text    G=(none)   M=OPToSOAPDomConv ACBP=A9
 0001:00122A80 0000562D C=CODE     S=.text    G=(none)   M=InvokeRegistry ACBP=A9
 0001:001280B0 00000038 C=CODE     S=.text    G=(none)   M=MaskUtils ACBP=A9
 0001:001280E8 00000E13 C=CODE     S=.text    G=(none)   M=SqlTimSt ACBP=A9
 0001:00128EFC 000008EC C=CODE     S=.text    G=(none)   M=DB       ACBP=A9
 0001:001297E8 00000038 C=CODE     S=.text    G=(none)   M=DBCommon ACBP=A9
 0001:00129820 00000038 C=CODE     S=.text    G=(none)   M=MidConst ACBP=A9
 0001:00129858 00000064 C=CODE     S=.text    G=(none)   M=DSIntf   ACBP=A9
 0001:001298BC 0000042C C=CODE     S=.text    G=(none)   M=Midas    ACBP=A9
 0001:00129CE8 00000038 C=CODE     S=.text    G=(none)   M=DataBkr  ACBP=A9
 0001:00129D20 00000138 C=CODE     S=.text    G=(none)   M=Provider ACBP=A9
 0001:00129E58 00000378 C=CODE     S=.text    G=(none)   M=DBClient ACBP=A9
 0001:0012A1D0 00000038 C=CODE     S=.text    G=(none)   M=SOAPDm   ACBP=A9
 0001:0012A208 000005A8 C=CODE     S=.text    G=(none)   M=SOAPMidas ACBP=A9
 0001:0012A7B0 00001358 C=CODE     S=.text    G=(none)   M=SOAPConn ACBP=A9
 0001:0012BB08 000004EC C=CODE     S=.text    G=(none)   M=DBClientSvc ACBP=A9
 0001:0012BFF4 00000DC8 C=CODE     S=.text    G=(none)   M=Test     ACBP=A9
 0001:0012CDBC 00000475 C=CODE     S=.text    G=(none)   M=TestSoap ACBP=A9
 0002:00000000 000000A0 C=DATA     S=.data    G=DGROUP   M=System   ACBP=A9
 0002:000000A0 00000020 C=DATA     S=.data    G=DGROUP   M=SysInit  ACBP=A9
 0002:000000C0 00000274 C=DATA     S=.data    G=DGROUP   M=SysUtils ACBP=A9
 0002:00000334 00000110 C=DATA     S=.data    G=DGROUP   M=VarUtils ACBP=A9
 0002:00000444 000001B6 C=DATA     S=.data    G=DGROUP   M=Variants ACBP=A9
 0002:000005FC 0000000C C=DATA     S=.data    G=DGROUP   M=TypInfo  ACBP=A9
 0002:00000608 00000010 C=DATA     S=.data    G=DGROUP   M=ActiveX  ACBP=A9
 0002:00000618 000000F0 C=DATA     S=.data    G=DGROUP   M=Classes  ACBP=A9
 0002:00000708 000002BC C=DATA     S=.data    G=DGROUP   M=EConsts  ACBP=A9
 0002:000009C4 00000008 C=DATA     S=.data    G=DGROUP   M=ECore    ACBP=A9
 0002:000009CC 0000210C C=DATA     S=.data    G=DGROUP   M=EZLib    ACBP=A9
 0002:00002AD8 00000099 C=DATA     S=.data    G=DGROUP   M=ExceptionLog ACBP=A9
 0002:00002B74 00000304 C=DATA     S=.data    G=DGROUP   M=Graphics ACBP=A9
 0002:00002E78 00000004 C=DATA     S=.data    G=DGROUP   M=Printers ACBP=A9
 0002:00002E7C 00000074 C=DATA     S=.data    G=DGROUP   M=Dialogs  ACBP=A9
 0002:00002EF0 00000178 C=DATA     S=.data    G=DGROUP   M=ExtCtrls ACBP=A9
 0002:00003068 0000002C C=DATA     S=.data    G=DGROUP   M=Buttons  ACBP=A9
 0002:00003094 00000008 C=DATA     S=.data    G=DGROUP   M=IniFiles ACBP=A9
 0002:0000309C 00000008 C=DATA     S=.data    G=DGROUP   M=Registry ACBP=A9
 0002:000030A4 00000008 C=DATA     S=.data    G=DGROUP   M=Mapi     ACBP=A9
 0002:000030AC 00000018 C=DATA     S=.data    G=DGROUP   M=ComCtrls ACBP=A9
 0002:000030C4 00000068 C=DATA     S=.data    G=DGROUP   M=Themes   ACBP=A9
 0002:0000312C 00000008 C=DATA     S=.data    G=DGROUP   M=StdCtrls ACBP=A9
 0002:00003134 0000013C C=DATA     S=.data    G=DGROUP   M=Controls ACBP=A9
 0002:00003270 00000020 C=DATA     S=.data    G=DGROUP   M=ImgList  ACBP=A9
 0002:00003290 000000EC C=DATA     S=.data    G=DGROUP   M=Menus    ACBP=A9
 0002:0000337C 0000011C C=DATA     S=.data    G=DGROUP   M=Forms    ACBP=A9
 0002:00003498 00000030 C=DATA     S=.data    G=DGROUP   M=ComObj   ACBP=A9
 0002:000034C8 00000010 C=DATA     S=.data    G=DGROUP   M=msxml    ACBP=A9
 0002:000034D8 00000064 C=DATA     S=.data    G=DGROUP   M=msxmldom ACBP=A9
 0002:0000353C 00000034 C=DATA     S=.data    G=DGROUP   M=XMLIntf  ACBP=A9
 0002:00003570 000000E4 C=DATA     S=.data    G=DGROUP   M=XMLSchemaTags ACBP=A9
 0002:00003654 00000030 C=DATA     S=.data    G=DGROUP   M=XMLDoc   ACBP=A9
 0002:00003684 00000050 C=DATA     S=.data    G=DGROUP   M=XMLSchema ACBP=A9
 0002:000036D4 00000058 C=DATA     S=.data    G=DGROUP   M=SOAPConst ACBP=A9
 0002:0000372C 000000A1 C=DATA     S=.data    G=DGROUP   M=IntfInfo ACBP=A9
 0002:000037D0 0000003A C=DATA     S=.data    G=DGROUP   M=FMTBcd   ACBP=A9
 0002:0000380C 00000029 C=DATA     S=.data    G=DGROUP   M=XSBuiltIns ACBP=A9
 0002:00003838 0000004C C=DATA     S=.data    G=DGROUP   M=HTTPApp  ACBP=A9
 0002:00003884 00000258 C=DATA     S=.data    G=DGROUP   M=WSDLIntf ACBP=A9
 0002:00003ADC 00000240 C=DATA     S=.data    G=DGROUP   M=EncdDecd ACBP=A9
 0002:00003D1C 00000294 C=DATA     S=.data    G=DGROUP   M=xdom     ACBP=A9
 0002:00003FB0 00000054 C=DATA     S=.data    G=DGROUP   M=oxmldom  ACBP=A9
 0002:00004004 0000003C C=DATA     S=.data    G=DGROUP   M=xercesxmldom ACBP=A9
 0002:00004040 00000004 C=DATA     S=.data    G=DGROUP   M=OPToSOAPDomConv ACBP=A9
 0002:00004044 00000028 C=DATA     S=.data    G=DGROUP   M=InvokeRegistry ACBP=A9
 0002:0000406C 0000003C C=DATA     S=.data    G=DGROUP   M=SqlTimSt ACBP=A9
 0002:000040A8 00000098 C=DATA     S=.data    G=DGROUP   M=DB       ACBP=A9
 0002:00004140 00000004 C=DATA     S=.data    G=DGROUP   M=DSIntf   ACBP=A9
 0002:00004144 0000002C C=DATA     S=.data    G=DGROUP   M=Provider ACBP=A9
 0002:00005000 00000664 C=BSS      S=.bss     G=DGROUP   M=System   ACBP=A9
 0002:00005664 00000010 C=BSS      S=.bss     G=DGROUP   M=SysInit  ACBP=A9
 0002:00005674 00000004 C=BSS      S=.bss     G=DGROUP   M=Types    ACBP=A9
 0002:00005678 00000004 C=BSS      S=.bss     G=DGROUP   M=Windows  ACBP=A9
 0002:0000567C 00000004 C=BSS      S=.bss     G=DGROUP   M=SysConst ACBP=A9
 0002:00005680 00000120 C=BSS      S=.bss     G=DGROUP   M=SysUtils ACBP=A9
 0002:000057A0 00000004 C=BSS      S=.bss     G=DGROUP   M=Messages ACBP=A9
 0002:000057A4 0000005C C=BSS      S=.bss     G=DGROUP   M=VarUtils ACBP=A9
 0002:00005800 00000040 C=BSS      S=.bss     G=DGROUP   M=Variants ACBP=A9
 0002:00005840 00000004 C=BSS      S=.bss     G=DGROUP   M=RTLConsts ACBP=A9
 0002:00005844 00000004 C=BSS      S=.bss     G=DGROUP   M=TypInfo  ACBP=A9
 0002:00005848 00000004 C=BSS      S=.bss     G=DGROUP   M=ActiveX  ACBP=A9
 0002:0000584C 00000044 C=BSS      S=.bss     G=DGROUP   M=Classes  ACBP=A9
 0002:00005890 00000004 C=BSS      S=.bss     G=DGROUP   M=ETypes   ACBP=A9
 0002:00005894 00000004 C=BSS      S=.bss     G=DGROUP   M=EConsts  ACBP=A9
 0002:00005898 0000002C C=BSS      S=.bss     G=DGROUP   M=ECore    ACBP=A9
 0002:000058C4 0000000C C=BSS      S=.bss     G=DGROUP   M=EHook    ACBP=A9
 0002:000058D0 00000004 C=BSS      S=.bss     G=DGROUP   M=ELang    ACBP=A9
 0002:000058D4 00000004 C=BSS      S=.bss     G=DGROUP   M=WinSock  ACBP=A9
 0002:000058D8 00000004 C=BSS      S=.bss     G=DGROUP   M=ESockets ACBP=A9
 0002:000058DC 00000004 C=BSS      S=.bss     G=DGROUP   M=EZLib    ACBP=A9
 0002:000058E0 0000081C C=BSS      S=.bss     G=DGROUP   M=ExceptionLog ACBP=A9
 0002:000060FC 00000004 C=BSS      S=.bss     G=DGROUP   M=Consts   ACBP=A9
 0002:00006100 00000060 C=BSS      S=.bss     G=DGROUP   M=Graphics ACBP=A9
 0002:00006160 00000004 C=BSS      S=.bss     G=DGROUP   M=Math     ACBP=A9
 0002:00006164 00000004 C=BSS      S=.bss     G=DGROUP   M=Contnrs  ACBP=A9
 0002:00006168 00000004 C=BSS      S=.bss     G=DGROUP   M=CommCtrl ACBP=A9
 0002:0000616C 00000031 C=BSS      S=.bss     G=DGROUP   M=MultiMon ACBP=A9
 0002:000061A0 00000004 C=BSS      S=.bss     G=DGROUP   M=Imm      ACBP=A9
 0002:000061A4 00000008 C=BSS      S=.bss     G=DGROUP   M=HelpIntfs ACBP=A9
 0002:000061AC 00000004 C=BSS      S=.bss     G=DGROUP   M=WinSpool ACBP=A9
 0002:000061B0 00000004 C=BSS      S=.bss     G=DGROUP   M=Printers ACBP=A9
 0002:000061B4 00000034 C=BSS      S=.bss     G=DGROUP   M=FlatSB   ACBP=A9
 0002:000061E8 00000004 C=BSS      S=.bss     G=DGROUP   M=SyncObjs ACBP=A9
 0002:000061EC 000000CC C=BSS      S=.bss     G=DGROUP   M=UxTheme  ACBP=A9
 0002:000062B8 00000004 C=BSS      S=.bss     G=DGROUP   M=RichEdit ACBP=A9
 0002:000062BC 00000004 C=BSS      S=.bss     G=DGROUP   M=ToolWin  ACBP=A9
 0002:000062C0 00000004 C=BSS      S=.bss     G=DGROUP   M=ShellAPI ACBP=A9
 0002:000062C4 00000004 C=BSS      S=.bss     G=DGROUP   M=RegStr   ACBP=A9
 0002:000062C8 00000004 C=BSS      S=.bss     G=DGROUP   M=WinInet  ACBP=A9
 0002:000062CC 00000004 C=BSS      S=.bss     G=DGROUP   M=UrlMon   ACBP=A9
 0002:000062D0 00000004 C=BSS      S=.bss     G=DGROUP   M=ShlObj   ACBP=A9
 0002:000062D4 00000004 C=BSS      S=.bss     G=DGROUP   M=CommDlg  ACBP=A9
 0002:000062D8 00000004 C=BSS      S=.bss     G=DGROUP   M=Dlgs     ACBP=A9
 0002:000062DC 0000000C C=BSS      S=.bss     G=DGROUP   M=Dialogs  ACBP=A9
 0002:000062E8 00000004 C=BSS      S=.bss     G=DGROUP   M=ExtCtrls ACBP=A9
 0002:000062EC 00000004 C=BSS      S=.bss     G=DGROUP   M=ComStrs  ACBP=A9
 0002:000062F0 0000000C C=BSS      S=.bss     G=DGROUP   M=Clipbrd  ACBP=A9
 0002:000062FC 00000004 C=BSS      S=.bss     G=DGROUP   M=StrUtils ACBP=A9
 0002:00006300 00000030 C=BSS      S=.bss     G=DGROUP   M=Buttons  ACBP=A9
 0002:00006330 00000004 C=BSS      S=.bss     G=DGROUP   M=ExtDlgs  ACBP=A9
 0002:00006334 00000004 C=BSS      S=.bss     G=DGROUP   M=IniFiles ACBP=A9
 0002:00006338 00000004 C=BSS      S=.bss     G=DGROUP   M=Registry ACBP=A9
 0002:0000633C 00000004 C=BSS      S=.bss     G=DGROUP   M=Mapi     ACBP=A9
 0002:00006340 00000009 C=BSS      S=.bss     G=DGROUP   M=ExtActns ACBP=A9
 0002:0000634C 00000004 C=BSS      S=.bss     G=DGROUP   M=ListActns ACBP=A9
 0002:00006350 00000010 C=BSS      S=.bss     G=DGROUP   M=ComCtrls ACBP=A9
 0002:00006360 00000008 C=BSS      S=.bss     G=DGROUP   M=Themes   ACBP=A9
 0002:00006368 00000004 C=BSS      S=.bss     G=DGROUP   M=StdCtrls ACBP=A9
 0002:0000636C 00000004 C=BSS      S=.bss     G=DGROUP   M=StdActns ACBP=A9
 0002:00006370 00000014 C=BSS      S=.bss     G=DGROUP   M=WinHelpViewer ACBP=A9
 0002:00006384 00000080 C=BSS      S=.bss     G=DGROUP   M=Controls ACBP=A9
 0002:00006404 00000004 C=BSS      S=.bss     G=DGROUP   M=ActnList ACBP=A9
 0002:00006408 0000000C C=BSS      S=.bss     G=DGROUP   M=ImgList  ACBP=A9
 0002:00006414 00000010 C=BSS      S=.bss     G=DGROUP   M=Menus    ACBP=A9
 0002:00006424 00000020 C=BSS      S=.bss     G=DGROUP   M=Forms    ACBP=A9
 0002:00006444 00000004 C=BSS      S=.bss     G=DGROUP   M=XMLConst ACBP=A9
 0002:00006448 00000004 C=BSS      S=.bss     G=DGROUP   M=ComConst ACBP=A9
 0002:0000644C 00000011 C=BSS      S=.bss     G=DGROUP   M=ComObj   ACBP=A9
 0002:00006460 00000004 C=BSS      S=.bss     G=DGROUP   M=msxml    ACBP=A9
 0002:00006464 00000008 C=BSS      S=.bss     G=DGROUP   M=msxmldom ACBP=A9
 0002:0000646C 0000000C C=BSS      S=.bss     G=DGROUP   M=xmldom   ACBP=A9
 0002:00006478 00000004 C=BSS      S=.bss     G=DGROUP   M=XMLIntf  ACBP=A9
 0002:0000647C 00000004 C=BSS      S=.bss     G=DGROUP   M=XMLSchemaTags ACBP=A9
 0002:00006480 00000004 C=BSS      S=.bss     G=DGROUP   M=XMLDoc   ACBP=A9
 0002:00006484 00000008 C=BSS      S=.bss     G=DGROUP   M=XMLSchema ACBP=A9
 0002:0000648C 00000004 C=BSS      S=.bss     G=DGROUP   M=SOAPConst ACBP=A9
 0002:00006490 00000004 C=BSS      S=.bss     G=DGROUP   M=IntfInfo ACBP=A9
 0002:00006494 00000004 C=BSS      S=.bss     G=DGROUP   M=InvRules ACBP=A9
 0002:00006498 00000004 C=BSS      S=.bss     G=DGROUP   M=DBConsts ACBP=A9
 0002:0000649C 00000004 C=BSS      S=.bss     G=DGROUP   M=FMTBcd   ACBP=A9
 0002:000064A0 00000004 C=BSS      S=.bss     G=DGROUP   M=DateUtils ACBP=A9
 0002:000064A4 00000004 C=BSS      S=.bss     G=DGROUP   M=XSBuiltIns ACBP=A9
 0002:000064A8 00000004 C=BSS      S=.bss     G=DGROUP   M=Masks    ACBP=A9
 0002:000064AC 00000004 C=BSS      S=.bss     G=DGROUP   M=WebConst ACBP=A9
 0002:000064B0 00000004 C=BSS      S=.bss     G=DGROUP   M=BrkrConst ACBP=A9
 0002:000064B4 00000008 C=BSS      S=.bss     G=DGROUP   M=HTTPApp  ACBP=A9
 0002:000064BC 00000004 C=BSS      S=.bss     G=DGROUP   M=WSDLIntf ACBP=A9
 0002:000064C0 00000004 C=BSS      S=.bss     G=DGROUP   M=SOAPAttach ACBP=A9
 0002:000064C4 00000004 C=BSS      S=.bss     G=DGROUP   M=SOAPAttachIntf ACBP=A9
 0002:000064C8 00000004 C=BSS      S=.bss     G=DGROUP   M=OPConvert ACBP=A9
 0002:000064CC 00000004 C=BSS      S=.bss     G=DGROUP   M=WebNode  ACBP=A9
 0002:000064D0 00000004 C=BSS      S=.bss     G=DGROUP   M=WSDLBind ACBP=A9
 0002:000064D4 00000004 C=BSS      S=.bss     G=DGROUP   M=WebServExp ACBP=A9
 0002:000064D8 00000004 C=BSS      S=.bss     G=DGROUP   M=Rio      ACBP=A9
 0002:000064DC 00000004 C=BSS      S=.bss     G=DGROUP   M=SOAPEnv  ACBP=A9
 0002:000064E0 00000004 C=BSS      S=.bss     G=DGROUP   M=SOAPDomConv ACBP=A9
 0002:000064E4 00000004 C=BSS      S=.bss     G=DGROUP   M=EncdDecd ACBP=A9
 0002:000064E8 00000008 C=BSS      S=.bss     G=DGROUP   M=TypeTrans ACBP=A9
 0002:000064F0 00000008 C=BSS      S=.bss     G=DGROUP   M=OPToSOAPDomCustom ACBP=A9
 0002:000064F8 00000004 C=BSS      S=.bss     G=DGROUP   M=xdom     ACBP=A9
 0002:000064FC 00000010 C=BSS      S=.bss     G=DGROUP   M=oxmldom  ACBP=A9
 0002:0000650C 00000008 C=BSS      S=.bss     G=DGROUP   M=xercesxmldom ACBP=A9
 0002:00006514 00000004 C=BSS      S=.bss     G=DGROUP   M=SOAPHTTPClient ACBP=A9
 0002:00006518 00000004 C=BSS      S=.bss     G=DGROUP   M=inquire_v1 ACBP=A9
 0002:0000651C 00000004 C=BSS      S=.bss     G=DGROUP   M=UDDIHelper ACBP=A9
 0002:00006520 00000004 C=BSS      S=.bss     G=DGROUP   M=SOAPHTTPTrans ACBP=A9
 0002:00006524 00000004 C=BSS      S=.bss     G=DGROUP   M=HTTPUtil ACBP=A9
 0002:00006528 00000004 C=BSS      S=.bss     G=DGROUP   M=WSDLItems ACBP=A9
 0002:0000652C 00000004 C=BSS      S=.bss     G=DGROUP   M=WSDLNode ACBP=A9
 0002:00006530 00000004 C=BSS      S=.bss     G=DGROUP   M=OPToSOAPDomConv ACBP=A9
 0002:00006534 00000014 C=BSS      S=.bss     G=DGROUP   M=InvokeRegistry ACBP=A9
 0002:00006548 00000004 C=BSS      S=.bss     G=DGROUP   M=MaskUtils ACBP=A9
 0002:0000654C 00000004 C=BSS      S=.bss     G=DGROUP   M=SqlTimSt ACBP=A9
 0002:00006550 0000000C C=BSS      S=.bss     G=DGROUP   M=DB       ACBP=A9
 0002:0000655C 00000004 C=BSS      S=.bss     G=DGROUP   M=DBCommon ACBP=A9
 0002:00006560 00000004 C=BSS      S=.bss     G=DGROUP   M=MidConst ACBP=A9
 0002:00006564 0000001C C=BSS      S=.bss     G=DGROUP   M=DSIntf   ACBP=A9
 0002:00006580 00000004 C=BSS      S=.bss     G=DGROUP   M=Midas    ACBP=A9
 0002:00006584 00000004 C=BSS      S=.bss     G=DGROUP   M=DataBkr  ACBP=A9
 0002:00006588 00000004 C=BSS      S=.bss     G=DGROUP   M=Provider ACBP=A9
 0002:0000658C 00000004 C=BSS      S=.bss     G=DGROUP   M=DBClient ACBP=A9
 0002:00006590 00000004 C=BSS      S=.bss     G=DGROUP   M=SOAPDm   ACBP=A9
 0002:00006594 00000004 C=BSS      S=.bss     G=DGROUP   M=SOAPMidas ACBP=A9
 0002:00006598 00000004 C=BSS      S=.bss     G=DGROUP   M=SOAPConn ACBP=A9
 0002:0000659C 00000004 C=BSS      S=.bss     G=DGROUP   M=DBClientSvc ACBP=A9
 0002:000065A0 0000000C C=BSS      S=.bss     G=DGROUP   M=Test     ACBP=A9


  Address         Publics by Name

 0002:000009D0       ..
 0001:0002CC48       ..
 0001:0002E210       ..
 0002:00002038       ..
 0002:00000BBC       ..
 0002:00000B00       ..
 0002:0000206C       ..
 0002:00001FC0       ..
 0002:00000A88       ..
 0002:000064F8       .012
 0002:00006524       .1
 0002:00005674       .1
 0002:000058D0       .1
 0002:0000633C       .1
 0002:000058D4       .1
 0002:000057A0       .1
 0002:00005890       .1
 0002:000062FC       .1
 0002:00006580       .1
 0002:000064A0       .1
 0002:000064E4       .1
 0002:000064CC       .1
 0002:00006560       .1
 0002:000062EC       .1
 0002:000058DC       .1
 0002:000064C8       .1
 0002:00006168       .1
 0002:0000618C       .1
 0002:000062D8       .1
 0002:000062D4       .1
 0002:000062D0       .1
 0002:000062CC       .1
 0002:000062C8       .1
 0002:000062C4       .1
 0002:000062C0       .1
 0002:000062B8       .1
 0002:000062A8       .1
 0002:000061A0       .1
 0002:0000654C       .1
 0002:0000567C       .1
 0002:00006444       .1
 0002:00006448       .1
 0002:00005840       .1
 0002:000061D4       .1
 0002:0000659C       .1
 0002:00006378       .1
 0002:0000651C       .1
 0002:0000566C       .1
 0002:000058C4       .1
 0002:00006594       .1
 0002:000064B0       .1
 0002:000064AC       .1
 0002:00006498       .1
 0002:00006494       .1
 0002:000060FC       .1
 0002:000062DC       .11
 0002:00006468       .12
 0002:00006104       .12
 0002:000062E8       .12
 0002:00006500       .12
 0002:00006488       .15
 0002:00006514       .2
 0002:00006590       .2
 0002:000064D4       .2
 0002:000058A0       .2
 0002:00006564       .2
 0002:000062F4       .2
 0002:000064C4       .2
 0002:000064E0       .2
 0002:00006548       .2
 0002:000061A4       .2
 0002:000065A8       .2
 0002:00006528       .2
 0002:00006360       .2
 0002:000064D8       .2
 0002:00006160       .2
 0002:00006510       .2
 0002:00006598       .2
 0002:000064DC       .2
 0002:00006164       .21
 0002:000064A4       .21
 0002:000064B4       .22
 0002:00005848       .3
 0002:000064A8       .3
 0002:0000649C       .3
 0002:0000647C       .3
 0002:00005678       .3
 0002:0000648C       .3
 0002:00006478       .3
 0002:000064C0       .3
 0002:00006520       .3
 0002:00006584       .3
 0002:000064F4       .3
 0002:00006330       .3
 0002:000064EC       .3
 0002:00006408       .3
 0002:0000655C       .3
 0002:000061AC       .3
 0002:000061B0       .3
 0002:0000658C       .31
 0002:00005790       .35
 0002:00006350       .36
 0002:00006558       .36
 0002:000058D8       .4
 0002:00006300       .4
 0002:000062BC       .4
 0002:0000652C       .4
 0002:00005894       .4
 0002:00006490       .4
 0002:0000642C       .41
 0002:0000644C       .41
 0002:00006368       .42
 0002:00006538       .43
 0002:00005858       .45
 0002:00006474       .5
 0002:00006530       .5
 0002:00006338       .5
 0002:000055BC       .5
 0002:00006480       .5
 0002:000057FC       .5
 0002:00006588       .51
 0002:000061E8       .6
 0002:00005844       .6
 0002:00006460       .6
 0002:000064BC       .7
 0002:000058EC       .7
 0002:00006340       .72
 0002:0000638C       .72
 0002:0000636C       .73
 0002:00006334       .8
 0002:00006404       .8
 0002:0000634C       .8
 0002:00005820       .81
 0002:0000641C       .9
 0002:000064D0       .92
 0002:00006518       .94
 0001:00001F64       @AbstractError
 0001:00004A08       @AddRefArray
 0001:000049C0       @AddRefRecord
 0001:00030058       @adler32
 0001:00002F30       @AfterConstruction
 0001:00002D64       @AsClass
 0001:000039E4       @Assert
 0001:000023D0       @AStrCmp
 0001:00002F40       @BeforeDestruction
 0001:00002AEC       @BoundErr
 0001:00002DB0       @CallDynaInst
 0001:00005C24       @CheckAutoResult
 0001:00002ED8       @ClassCreate
 0001:00002F28       @ClassDestroy
 0001:0000229C       @Close
 0001:00001C04       @Copy
 0001:00004BFC       @CopyArray
 0001:00004AE0       @CopyRecord
 0001:00004D78       @DispCallByIDError
 0001:00010034       @DispInvoke
 0001:0000FD2C       @DispInvokeError
 0001:00004D04       @Dispose
 0001:00003480       @DoneExcept
 0001:0000544C       @DynArrayAddRef
 0001:00005424       @DynArrayAsg
 0001:000053E8       @DynArrayClear
 0001:000052D4       @DynArrayCopy
 0001:000052F4       @DynArrayCopyRange
 0001:00005114       @DynArrayHigh
 0001:0000510C       @DynArrayLength
 0001:000052C8       @DynArraySetLength
 0001:00003568       @ExceptionHandler
 0001:00002440       @FillChar
 0001:000049B4       @Finalize
 0001:000048C8       @FinalizeArray
 0001:0000487C       @FinalizeRecord
 0001:00002DC8       @FindDynaInst
 0001:00002290       @Flush
 0001:00002AE0       @FpuInit
 0001:00002A1C       @FpuMaskInit
 0001:00001A8C       @FreeMem
 0001:00001A6C       @GetMem
 0001:00006260       @GetTls
 0001:000039CC       @Halt
 0001:000038F4       @Halt0
 0001:00003054       @HandleAnyException
 0001:00003340       @HandleAutoException
 0001:00003308       @HandleFinally
 0001:00003180       @HandleOnException
 0001:0002BF18       @inflate_blocks
 0001:0002CBE8       @inflate_blocks_free
 0001:0002BE80       @inflate_blocks_new
 0001:0002BE1C       @inflate_blocks_reset
 0001:0002CC3C       @inflate_blocks_sync_point
 0001:0002D394       @inflate_codes
 0001:0002DC2C       @inflate_codes_free
 0001:0002D344       @inflate_codes_new
 0001:0002DD48       @inflate_fast
 0001:0002DC38       @inflate_flush
 0001:0002CC18       @inflate_set_dictionary
 0001:0002D13C       @inflate_trees_bits
 0001:0002D1D8       @inflate_trees_dynamic
 0001:0002D318       @inflate_trees_fixed
 0001:000062AC       @InitExe
 0001:00004870       @Initialize
 0001:000047DC       @InitializeArray
 0001:000047AC       @InitializeRecord
 0001:0000379C       @InitImports
 0001:00003774       @InitResStringImports
 0001:00003750       @InitResStrings
 0001:000037C0       @InitWideStrings
 0001:00005B14       @IntfAddRef
 0001:00005AE4       @IntfCast
 0001:00005AA0       @IntfClear
 0001:00005AB8       @IntfCopy
 0001:00002D40       @IsClass
 0001:000029EC       @isNECWindows
 0001:00001C48       @LGetDir
 0001:00003F54       @LStrAddRef
 0001:00003AAC       @LStrArrayClr
 0001:00003ADC       @LStrAsg
 0001:00003D6C       @LStrCat
 0001:00003DB0       @LStrCat3
 0001:00003E24       @LStrCatN
 0001:00003A88       @LStrClr
 0001:00003EB0       @LStrCmp
 0001:00003FC4       @LStrCopy
 0001:00004004       @LStrDelete
 0001:00003CF8       @LStrFromArray
 0001:00003C70       @LStrFromChar
 0001:00003C80       @LStrFromPChar
 0001:00003B78       @LStrFromPCharLen
 0001:00003CB0       @LStrFromPWChar
 0001:00003BE4       @LStrFromPWCharLen
 0001:00003CEC       @LStrFromString
 0001:00003D10       @LStrFromWArray
 0001:00003D2C       @LStrFromWStr
 0001:0000404C       @LStrInsert
 0001:00003B20       @LStrLAsg
 0001:00003D64       @LStrLen
 0001:00004154       @LStrOfChar
 0001:000040A8       @LStrPos
 0001:000040F0       @LStrSetLength
 0001:00003F64       @LStrToPChar
 0001:00003D40       @LStrToString
 0001:00004CF0       @New
 0001:00003B4C       @NewAnsiString
 0001:000041B0       @NewWideString
 0001:00014580       @OleVarFromInt
 0001:00014884       @OleVarFromLStr
 0001:000148D4       @OleVarFromPStr
 0001:00014990       @OleVarFromVar
 0001:00001ECC       @Pos
 0001:00002700       @Pow10
 0001:0000234C       @PStrCmp
 0001:00002324       @PStrCpy
 0001:000022F4       @PStrNCat
 0001:00002330       @PStrNCpy
 0001:0000342C       @RaiseAgain
 0001:00003404       @RaiseExcept
 0001:00001AAC       @ReallocMem
 0001:00001FD8       @RewritText
 0001:00001F34       @ROUND
 0001:000039D8       @RunError
 0001:000026C0       @SetElem
 0001:000026E4       @SetEq
 0001:00001F0C       @SetLength
 0001:00003710       @StartExe
 0001:00000644       @strlen
 0001:00001F40       @TRUNC
 0001:000034B0       @TryFinallyExit
 0001:00003FBC       @UniqueStringA
 0001:00004EDC       @ValInt64
 0001:00002460       @ValLong
 0001:0001820C       @VarAdd
 0001:0001629C       @VarAddRef
 0001:000049F0       @VarAddRef
 0001:00018218       @VarAnd
 0001:0001696C       @VarArrayGet
 0001:00016A5C       @VarArrayPut
 0001:00010988       @VarCast
 0001:00010018       @VarClear
 0001:000048B0       @VarClr
 0001:0001002C       @VarClr
 0001:00018224       @VarCmpEQ
 0001:00018234       @VarCmpNE
 0001:00010444       @VarCopy
 0001:00004AC8       @VarCopy
 0001:000106C4       @VarCopyNoInd
 0001:00014714       @VarFromBool
 0001:000145A0       @VarFromByte
 0001:00014764       @VarFromCurr
 0001:000146BC       @VarFromCurrency
 0001:000146E8       @VarFromDate
 0001:00014858       @VarFromDisp
 0001:00014690       @VarFromDouble
 0001:00014524       @VarFromInt
 0001:00014640       @VarFromInt64
 0001:00014560       @VarFromInteger
 0001:0001482C       @VarFromIntf
 0001:000145E0       @VarFromLongWord
 0001:00014778       @VarFromLStr
 0001:000147A4       @VarFromPStr
 0001:0001473C       @VarFromReal
 0001:00014600       @VarFromShortInt
 0001:0001466C       @VarFromSingle
 0001:00014620       @VarFromSmallInt
 0001:00014750       @VarFromTDateTime
 0001:000145C0       @VarFromWord
 0001:000147F4       @VarFromWStr
 0001:0000FD80       @VarNull
 0001:000158F0       @VarOp
 0001:000106D8       @VarStringToOleStr
 0001:00012154       @VarToBool
 0001:00011E0C       @VarToBoolean
 0001:0001124C       @VarToByte
 0001:00012FF8       @VarToCurrency
 0001:00012A90       @VarToDate
 0001:00014478       @VarToDisp
 0001:00012320       @VarToDouble
 0001:00011810       @VarToInt64
 0001:00010D4C       @VarToInteger
 0001:000143AC       @VarToIntf
 0001:000114C4       @VarToLongWord
 0001:000136AC       @VarToLStr
 0001:0001269C       @VarToReal
 0001:0001119C       @VarToShortInt
 0001:000126B8       @VarToSingle
 0001:000112F4       @VarToSmallInt
 0001:000113EC       @VarToWord
 0001:00013DD4       @VarToWStr
 0001:00004180       @Write0LString
 0001:00002578       @WriteBytes
 0001:00002648       @WriteLn
 0001:00004188       @WriteLString
 0001:000025CC       @WriteSpaces
 0001:0000478C       @WStrAddRef
 0001:000041F0       @WStrArrayClr
 0001:00004214       @WStrAsg
 0001:000043F0       @WStrCat
 0001:00004450       @WStrCat3
 0001:000044B4       @WStrCatN
 0001:000041D8       @WStrClr
 0001:000044FC       @WStrCmp
 0001:00004580       @WStrCopy
 0001:000045CC       @WStrDelete
 0001:000042F0       @WStrFromChar
 0001:00004358       @WStrFromLStr
 0001:00004240       @WStrFromPCharLen
 0001:00004310       @WStrFromPWChar
 0001:000042CC       @WStrFromPWCharLen
 0001:0000434C       @WStrFromString
 0001:00004300       @WStrFromWChar
 0001:0000465C       @WStrInsert
 0001:00004238       @WStrLAsg
 0001:000043E4       @WStrLen
 0001:000046F8       @WStrPos
 0001:00004748       @WStrSetLength
 0001:000043D4       @WStrToPWChar
 0001:00004368       @WStrToString
 0001:0000269C       @_CLenToPasStr
 0001:00002690       @_CToPasStr
 0001:00001BD4       @_IOTest
 0001:00004DA4       @_lldiv
 0001:00004E20       @_llmod
 0001:00004D80       @_llmul
 0001:00004E9C       @_llshl
 0001:00004EBC       @_llushr
 0001:0002F408       @_tr_align
 0001:0002F6C8       @_tr_flush_block
 0001:0002E214       @_tr_init
 0001:0002F34C       @_tr_stored_block
 0001:0000C544       Abort
 0001:00055100       AbsMin
 0001:0000C910       AbstractErrorHandler
 0002:0000502C       AbstractErrorProc
 0002:00000144       AccessMode
 0001:00110224       AccessPoint.Create
 0001:00001B3C       AcquireExceptionObject
 0001:00038174       ActicatePage
 0001:0001C4F0       ActivateClassGroup
 0002:00005A38       ActivateEurekaLog
 0001:00006C0C       ActivateKeyboardLayout
 0001:00117F2C       ActivateWSDL
 0002:000063C0       ActiveDrag
 0002:000058BD       ActiveInternalLog
 0002:000059AC       ActiveSafeCall
 0001:00019EE4       ActiveX
 0001:000640FC       ActnList
 0001:00000778       AddBlockAfter
 0001:000A1798       AddChars
 0002:00000618       AddDataModule
 0001:000A391C       AddDigit
 0001:000298C4       AddDNS
 0001:000084D0       AddExitProc
 0001:0001FF14       AddFinished
 0001:00067440       AddIn
 0001:00034BD0       AddModule
 0001:00005944       AddModuleUnloadProc
 0001:00005934       AddModuleUnloadProc
 0001:00083E2C       AddNodeClassInfo
 0001:000A2E84       AddNormalizedFractions
 0001:0001FF4C       AddNotFinished
 0001:000A3900       AddOneChar
 0001:000B4E14       AddPtr
 0001:00110608       Address.Create
 0001:000A1854       AddStrings
 0001:00020970       AddSubComponentsToLoaded
 0001:00022DDC       AddThread
 0001:00034CE0       AddToStack
 0002:000040A0       AdjustAmt
 0002:00004088       AdjustAmt
 0002:00004098       AdjustAmt
 0002:0000381C       AdjustAmt
 0002:00003824       AdjustAmt
 0002:00003814       AdjustAmt
 0002:00004090       AdjustAmt
 0001:00048400       AdjustColor
 0001:000A4DC4       AdjustDays
 0001:000A22B0       AdjustDecimalPosition
 0001:000380C4       AdjustDialog
 0001:000365D4       AdjustFlatStyle
 0001:000A4E18       AdjustHours
 0001:0006E428       Adjustment
 0001:000A4E44       AdjustMinutes
 0001:000A4D98       AdjustMonths
 0001:000A31DC       AdjustNibbles
 0001:00006C14       AdjustWindowRectEx
 0001:0003A01C       AfterScreenshot
 0001:0000DB54       AL1
 0002:00000314       AL1s
 0001:0000DB64       AL2
 0002:00000324       AL2s
 0002:00003364       Alignments
 0002:00003354       Alignments
 0001:00075320       AlignWork
 0001:0005A710       AlignWork
 0001:00024648       AllocateHWnd
 0001:00008484       AllocMem
 0002:000055B4       AllocMemCount
 0002:000055B8       AllocMemSize
 0001:0004BE54       AllocPatternBitmap
 0001:00006208       AllocTlsBuffer
 0001:0000DB94       ALR
 0001:0000DB7C       ALV
 0002:00003E10       AMP
 0002:00003E38       AMP
 0002:00003E18       AMP
 0002:00003E30       AMP
 0002:00003140       AnchorAlign
 0002:00003134       AnimateWindowProc
 0002:0000323C       AnimationStyle
 0001:0000867C       AnsiCompareStr
 0001:000086B4       AnsiCompareText
 0002:0000365C       AnsiEncodings
 0001:00008E50       AnsiLastChar
 0001:00006C1C       AnsiLower
 0001:0000D218       AnsiPos
 0001:0006BC54       AnsiSameCaption
 0001:000086EC       AnsiSameText
 0001:00008704       AnsiStrLIComp
 0001:0000D250       AnsiStrPos
 0001:0000D2F0       AnsiStrRScan
 0001:0000D318       AnsiStrScan
 0001:00005FA4       AnsiToUtf8
 0001:00008648       AnsiUpperCase
 0001:00014F04       AnyOp
 0001:00014334       AnyToIntf
 0001:0000A850       AppendChars
 0001:0000AC14       AppendFormat
 0001:00083F30       AppendItem
 0001:0000A8B4       AppendNumber
 0001:0000A894       AppendString
 0002:00006424       Application
 0002:00000628       ApplicationHandleException
 0002:00000630       ApplicationShowException
 0002:00006534       AppNameSpacePrefix
 0002:00003490       AppVisible
 0001:00094C74       ArrayContains
 0001:0011E23C       ArrayIsNull
 0001:00033F80       ASMAssigned
 0001:0000C8F4       AssertErrorHandler
 0002:00005024       AssertErrorProc
 0001:00019544       AssignLongStr
 0001:00019BC0       AssignVariant
 0001:0003B048       AttachedFile
 0001:0003B2A8       AttachedFiles
 0002:00003F5C       ATTLISTSTART
 0002:00003F88       ATTLISTSTART
 0002:00003658       AttrChangeTypeMap
 0002:0000560C       avail
 0001:000090E8       BackfillGetDiskFreeSpaceEx
 0001:00057C84       BackgroundClipped
 0001:0000EA4C       BackupVarBoolFromStr
 0001:0000EBAC       BackupVarBStrFromBool
 0001:0000EACC       BackupVarBStrFromCy
 0001:0000EB3C       BackupVarBStrFromDate
 0001:0000E9E0       BackupVarCyFromStr
 0001:0000E974       BackupVarDateFromStr
 0001:0000E830       BackupVarI4FromStr
 0001:0000E7DC       BackupVariantChangeTypeEx
 0001:0000E89C       BackupVarR4FromStr
 0001:0000E908       BackupVarR8FromStr
 0001:0003ABB8       Base64Encode
 0001:0003AE08       Base64EncodeFromFile
 0001:0003AD8C       Base64EncodeFromString
 0002:00003698       BaseTypeIndMap
 0002:0000045C       BaseTypeMap
 0001:000A37B0       BcdAdd
 0001:000A338C       BcdCompare
 0001:000A35F4       BcdDivide
 0001:000A3744       BcdDivide
 0001:000A0ACC       BcdError
 0001:000A0A5C       BcdErrorFmt
 0001:000A3588       BcdMultiply
 0001:000A3490       BcdMultiply
 0001:000A3C24       BcdScale
 0001:000A3454       BcdSubtract
 0001:000A3CBC       BCDToCurr
 0001:000A136C       BcdToDouble
 0001:000A3AE0       BcdToStr
 0001:0000CEE8       Beep
 0001:00039DFC       BeforeScreenshot
 0001:0001C848       BeginGlobalLoading
 0001:00006C24       BeginPaint
 0001:00003A3C       BeginThread
 0001:0004840C       BetterSize
 0001:000682B4       BiDiDraw
 0001:001103C8       BindingDetail.Create
 0001:0011040C       BindingDetail.Destroy
 0001:00110474       BindingDetail.GetBindingTemplateArray
 0001:0011047C       BindingDetail.GetBindingTemplateArrayLength
 0001:0011037C       BindingTemplate.Destroy
 0001:00110744       BindingTemplates.Create
 0001:00110788       BindingTemplates.Destroy
 0001:00006A44       BitBlt
 0002:00003068       BitBtnCaptions
 0002:00006304       BitBtnGlyphs
 0002:00002E2C       BitmapCanvasList
 0002:0000611C       BitmapImageLock
 0001:0000E818       BiUnimplemented
 0001:000A214C       BlankArgument
 0002:000006DC       BlockCode
 0002:000055E4       blockDescBlockList
 0002:000055E8       blockDescFreeList
 0002:00004064       BoolDigit
 0002:000005FC       BooleanIdents
 0002:00000458       BooleanToStringRule
 0001:00008C58       BoolToStr
 0001:00013434       BoolToWStrViaOS
 0001:0000659C       Bounds
 0001:0001B808       Bounds
 0002:000032FC       Breaks
 0001:000A7C5C       BrkrConst
 0002:00006154       BrushManager
 0001:0006AA68       BuildImage
 0002:00003570       BuiltInTypeNames
 0001:00110B44       BusinessDetail.Create
 0001:00110B88       BusinessDetail.Destroy
 0001:00110C24       BusinessDetailExt.Create
 0001:00110C68       BusinessDetailExt.Destroy
 0001:00110AE0       BusinessEntity.Destroy
 0001:00110BF0       BusinessEntityExt.Destroy
 0001:00110DF4       BusinessInfo.Destroy
 0001:00110E28       BusinessInfos.Create
 0001:00110E6C       BusinessInfos.Destroy
 0001:00110ED4       BusinessList.Create
 0001:00110F18       BusinessList.Destroy
 0001:0011089C       BusinessService.Destroy
 0001:00110988       BusinessServices.Create
 0001:001109CC       BusinessServices.Destroy
 0002:00002EC4       ButtonCaptions
 0002:00002E98       ButtonNames
 0001:0004FCF8       Buttons
 0002:00003378       Buttons
 0002:0000312C       ButtonStyles
 0001:0011E254       ByteArrayInfo
 0001:00047BEC       BytesPerScanline
 0001:00039B2C       BytesSwap
 0001:00047F44       ByteSwapColors
 0001:0000CFCC       ByteToCharIndex
 0001:0000CFA4       ByteToCharLen
 0001:0000CF68       ByteType
 0001:0000CEF0       ByteTypeTest
 0002:0000640C       CachedComCtrlVer
 0002:00005A8C       Cached_LogFile
 0001:00041D64       CalcAddr
 0001:00039B5C       CalcCRC
 0001:0003534C       CalcDuplicatedException
 0001:00024584       CalcJmpOffset
 0001:0009FBDC       CalcParamCount
 0001:00062184       CalcSplitterPos
 0001:00035620       CallExceptionActionNotify
 0001:0003D36C       CallExceptionActionNotify_atSavedLogFile
 0001:0003D358       CallExceptionActionNotify_atSavingLogFile
 0001:0003C25C       CallExceptionActionNotify_atSendingEmail
 0001:0003C270       CallExceptionActionNotify_atSentEmail
 0001:0003D678       CallExceptionActionNotify_atShowedExceptionInfo
 0001:0003D664       CallExceptionActionNotify_atShowingExceptionInfo
 0001:0003955C       CallExceptionActionNotify_atTerminating
 0001:000356E0       CallExceptionErrorNotify
 0001:0003D380       CallExceptionErrorNotify_atSavedLogFile
 0001:0003C284       CallExceptionErrorNotify_atSentEmail
 0001:000355BC       CallExceptionNotify
 0002:0000372C       CallingConventionName
 0001:00006C2C       CallNextHookEx
 0001:0000DB18       CallTerminateProcs
 0001:00006C34       CallWindowProc
 0001:0003D68C       CallWriteIntraWebText
 0001:00040C0C       Call_HookedExceptionObject
 0001:00040A48       Call_HookedRaise
 0001:00040CD4       Call_HookedRtlUnwind
 0002:000059E4       CanAttachScreenshot
 0002:000059E1       CanAttachScreenshot_Show
 0001:00056138       CancelDrag
 0002:000059E5       CanCopy
 0002:000059E2       CanCopy_Show
 0001:00035404       CanExit
 0002:000058BE       CanSaveLog
 0002:000059E3       CanSendEmail
 0002:000059E0       CanSendEmail_Show
 0001:000A20DC       CanUseShort
 0002:00006158       CanvasList
 0002:000063D4       CanvasList
 0002:00005ABC       CaptionFontName
 0002:00002E84       Captions
 0002:00005CB0       CAPTION_HEIGHT
 0002:000031F8       CaptureControl
 0001:001107F0       CategoryBag.Create
 0001:00110834       CategoryBag.Destroy
 0002:0000329C       cBooleanToItemAutoFlag
 0002:00000508       CBooleanToRelationship
 0002:000037C8       CCMap
 0002:00003F38       CDATASTART
 0002:00003F0C       CDATASTART
 0002:000062F2       CF_COMPONENT
 0002:000062F0       CF_PICTURE
 0002:00005974       CGIHandleException
 0002:0000593C       CGIOutputFile
 0002:00005818       ChangeAnyProc
 0001:00008ED0       ChangeFileExt
 0001:00003BA8       CharFromWChar
 0001:0000D1A0       CharLength
 0001:00006C3C       CharNext
 0001:000005A4       CharNext
 0001:00046570       CharsetToIdent
 0001:0000D0B4       CharToByteIndex
 0001:0000D118       CharToByteLen
 0001:00006C44       CharToOemA
 0001:00006C4C       CharUpperBuff
 0001:000489BC       CheckBool
 0001:00083CD0       CheckEncoding
 0001:0008A01C       CheckForDTD
 0001:000330C0       CheckForResult
 0001:0008A3AC       CheckForXMLSchema
 0001:00083850       CheckIntegerValue
 0001:00026340       CheckIntoIDE
 0001:00002FD0       CheckJmp
 0001:00006C54       CheckMenuItem
 0002:000032EC       Checks
 0001:00128D98       CheckSqlTimeStamp
 0001:000209AC       CheckSubComponents
 0001:00022DF4       CheckSynchronize
 0001:0006DE64       CheckTaskWindow
 0001:00014EE0       CheckType
 0001:00055DEC       CheckUndock
 0001:0000CDDC       CheckWin32Version
 0001:00083B6C       CheckWordValue
 0002:00003ECC       chEnd1
 0002:00003ED0       chEnd2
 0002:000036CC       ChoiceTypeMap
 0002:00003EAC       chStart1
 0002:00003EB0       chStart2
 0002:00003EB4       chStart3a
 0002:00003EB8       chStart3b
 0002:00003EBC       chStart4a
 0002:00003EC0       chStart4b
 0002:00003EC4       chStart5a
 0002:00003EC8       chStart5b
 0002:00000474       CInvalidCustomVariantType
 0002:000032A0       cItemAutoFlagToBoolean
 0002:00003298       cItemAutoFlagToMenu
 0001:000247D4       Classes
 0001:0001C2B4       ClassNotFound
 0002:000034C8       CLASS_DOMDocument
 0002:0000350C       CLASS_DOMDocument26
 0002:0000351C       CLASS_DOMDocument30
 0002:0000352C       CLASS_DOMDocument40
 0002:00005814       ClearAnyProc
 0001:00045E00       ClearColor
 0001:00079178       ClearExcepInfo
 0001:0003150C       ClearInternalError
 0001:00017494       ClearVariantTypeList
 0001:00006C5C       ClientToScreen
 0001:0005F76C       ClientToWindow
 0002:00002E24       ClipboardFormats
 0001:0004FB98       Clipbrd
 0001:00006C64       CloseClipboard
 0001:000066DC       CloseHandle
 0001:00000544       CloseHandle
 0001:00035330       CloseLogFile
 0001:00028A60       closesocket
 0002:000061F0       CloseThemeData
 0001:00019E78       CLSIDFromString
 0002:0000597C       CLXHandleException
 0002:00005040       CmdLine
 0002:0000503C       CmdShow
 0002:00003294       cMenuAutoFlagToItem
 0002:00000514       CmpTypeMap
 0001:0000E824       CmpUnimplemented
 0002:000034A0       CoAddRefServerProcess
 0001:0000841C       CoCreateGuid
 0001:00019E68       CoCreateInstance
 0002:00003498       CoCreateInstanceEx
 0002:00002B30       Code64
 0002:000034B0       CoInitFlags
 0001:00019E58       CoInitialize
 0002:0000349C       CoInitializeEx
 0002:00002BA4       Colors
 0001:00046368       ColorToIdent
 0002:00002EF0       ColorToPretyName
 0001:00046358       ColorToRGB
 0002:00005CB4       ColoursCount
 0002:00005C78       ColWidths
 0002:00006454       ComClassManagerVar
 0001:00078458       ComConst
 0002:0000635C       ComCtlVersion
 0001:0005009C       ComCtrls
 0002:00006420       CommandPool
 0001:0004C524       CommCtrl
 0001:0004EE20       CommDlg
 0002:00003F50       COMMENTSTART
 0002:00003F7C       COMMENTSTART
 0002:00003F34       COMMENTSTART
 0002:00003F08       COMMENTSTART
 0001:00000A58       Commit
 0002:00005628       committedRoot
 0001:00039F60       CommonSaveToStream
 0001:00079440       ComObj
 0001:000A315C       CompactBcd
 0001:000A1538       CompareDigits
 0001:000341B4       CompareEurekaFunctions
 0001:00066A24       CompareFront
 0001:000085B0       CompareMem
 0001:00031E5C       CompareModulesFunctions
 0001:000A2F3C       CompareNormalizedFractions
 0001:00008580       CompareStr
 0001:000066E4       CompareString
 0001:000085D0       CompareText
 0001:000837B0       CompareToRead
 0001:00008B80       CompareWith
 0001:00032E60       CompiledWithPackages
 0001:0003D258       CompleteStr
 0001:00020A8C       ComponentCreated
 0002:00003688       CompositorMap
 0002:0000368C       CompositorNames
 0002:000036C0       CompositorNames
 0001:0003C714       ComputerName
 0001:0004FB54       ComStrs
 0001:00028A68       connect
 0001:00044DD0       Consts
 0001:0011064C       Contact.Destroy
 0001:00110698       Contacts.Create
 0001:001106DC       Contacts.Destroy
 0001:0004C430       Contnrs
 0002:00006392       ControlAtom
 0002:00006398       ControlAtomString
 0001:00072BF0       ControlHasHelp
 0001:00062E04       Controls
 0002:00003F78       CONTSECTSTART
 0002:0000064C       Convert
 0001:0000C2E4       ConvertAddr
 0001:00032E74       ConvertAddress
 0001:000280B4       ConvertAddress
 0001:000A5F38       ConvertDate
 0001:0000A9A4       ConvertEraString
 0002:000064F0       ConverterRegistry
 0001:000083E0       ConvertError
 0001:000083F8       ConvertErrorFmt
 0001:0000AB0C       ConvertYearString
 0001:0000511C       CopyArray
 0001:00049494       CopyBitmap
 0001:00049B5C       CopyBitmapAsMask
 0001:00007174       CopyMemory
 0001:00049AF8       CopyPalette
 0001:00006C6C       CopyRect
 0002:000030C8       Copyright
 0001:00069B14       CopyToBest
 0002:000034A4       CoReleaseServerProcess
 0002:000034A8       CoResumeClassObjects
 0002:000034AC       CoSuspendClassObjects
 0001:0000843C       CoTaskMemFree
 0001:00019E80       CoTaskMemFree
 0001:00019E60       CoUninitialize
 0001:0000D024       CountChars
 0002:00006134       CounterLock
 0001:000C6D00       cp10000_MacRomanToUTF16Char
 0001:000C7398       cp1250ToUTF16Char
 0001:000C8010       cp1250ToUTF16Str
 0001:000C7A1C       cp1251ToUTF16Char
 0001:000C7D7C       cp1252ToUTF16Char
 0001:00037E80       CPUDialogProc
 0002:00003E28       CR
 0002:00003E8C       CR
 0002:00003F98       CR
 0002:00000478       CRangeToType
 0002:00005CE0       CRCList
 0002:00002ADC       CRCListed
 0001:0000C838       CreateAssertException
 0001:0000C9C0       CreateAVObject
 0001:00006A4C       CreateBitmap
 0001:00006A54       CreateBrushIndirect
 0001:00006A5C       CreateCompatibleBitmap
 0001:00006A64       CreateCompatibleDC
 0001:00020B0C       CreateComponent
 0001:00006A6C       CreateDC
 0001:000072F8       CreateDialog
 0001:00035BA8       CreateDialogFonts
 0001:00006C74       CreateDialogParam
 0001:00006A7C       CreateDIBitmap
 0001:00006A74       CreateDIBSection
 0001:0007C120       CreateDOMDocument
 0001:0008342C       CreateDOMNode
 0001:00019EA0       CreateErrorInfo
 0001:000066EC       CreateEvent
 0001:000066F4       CreateFile
 0001:0000054C       CreateFileA
 0001:000066FC       CreateFileMapping
 0001:00006A84       CreateFont
 0001:00006A8C       CreateFontIndirect
 0001:0003D698       CreateGeneralText
 0001:00008424       CreateGUID
 0001:00006A94       CreateHalftonePalette
 0001:00006C7C       CreateIcon
 0001:0000C764       CreateInOutError
 0001:00006C84       CreateMenu
 0001:00029CF8       CreateMXQuery
 0001:00006A9C       CreatePalette
 0001:00006AA4       CreatePenIndirect
 0001:00006C8C       CreatePopupMenu
 0001:00006704       CreateProcess
 0001:00030C94       CreateSafeCallItem
 0001:00006AAC       CreateSolidBrush
 0001:00047F9C       CreateSystemPalette
 0001:0000670C       CreateThread
 0001:000005AC       CreateThread
 0001:0003BE14       CreateTmpLogFile
 0001:00030A2C       CreateVirtualFile
 0001:000072A0       CreateWindow
 0001:00007248       CreateWindowEx
 0002:00002E7C       CreationControl
 0002:00003138       CreationControl
 0002:000005E8       CRelationshipToBoolean
 0002:0000043C       CResult
 0002:00003D20       CRLF
 0002:0000013C       cSimpleBoolStrs
 0002:00000590       CText
 0002:00003234       Ctl3DStyles
 0002:00005620       curAlloc
 0001:00015BF0       CurrCompare
 0002:00005688       CurrencyDecimals
 0002:00005684       CurrencyFormat
 0002:00005680       CurrencyString
 0002:0000599C       CurrentCPUErrorText
 0001:0004286C       CurrentEurekaLogOptions
 0002:00005998       CurrentGeneralErrorText
 0002:00005934       CurrentOptions
 0002:00005A18       CurrentRequestValue
 0002:00005918       CurrentStackList
 0001:0000A83C       CurrentYear
 0001:000154EC       CurrOp
 0001:000A3C30       CurrToBCD
 0001:0000A280       CurrToStr
 0001:000133C4       CurrToWStrViaOS
 0002:00003414       CursorMap
 0002:00003148       Cursors
 0001:000549D8       CursorToIdent
 0002:00003404       cUseAlpha
 0002:0000340C       cUseColorKey
 0002:00000334       CVarTypeToElementInfo
 0001:00008860       CvtInt
 0001:000088CC       CvtInt64
 0002:0000017C       CWNear
 0002:00003808       CWNear
 0002:00005CC4       Data
 0001:00129D18       DataBkr
 0002:00005CBC       DataSize
 0001:00015BC8       DateCompare
 0001:00015024       DateOp
 0002:00005689       DateSeparator
 0001:00128CC8       DateTimeToSQLTimeStamp
 0001:0000B424       DateTimeToStr
 0001:0000B3C8       DateTimeToString
 0001:0000A3D4       DateTimeToTimeStamp
 0001:000A4EBC       DateTimeToXMLTime
 0001:000133FC       DateToWStrViaOS
 0001:000A40DC       DateUtils
 0001:0000A7C4       DayOfWeek
 0002:00002B10       Days
 0001:000A3DAC       DaysInAMonth
 0002:00003868       DaysOfWeek
 0001:0012975C       DB
 0002:00006554       DBApplication
 0001:0012A1C8       DBClient
 0002:00004140       DbClientHandle
 0001:0012BECC       DBClientSvc
 0001:00129818       DBCommon
 0001:000A07A4       DBConsts
 0002:00006550       DBScreen
 0002:00000178       DCon10
 0002:00002BA0       DDBsOnly
 0001:000246FC       DeallocateHWnd
 0002:00000028       DebugHook
 0002:00005687       DecimalSeparator
 0001:00016D04       DecIndices
 0001:0000A7A4       DecodeDate
 0001:0000A658       DecodeDateFully
 0001:000B6F4C       DecodePacket
 0001:000B7190       DecodeStream
 0001:000B72C0       DecodeString
 0002:00003B1C       DecodeTable
 0001:0000A4C8       DecodeTime
 0001:00000AEC       Decommit
 0001:00001108       DecommitFree
 0002:000055FC       decommittedRoot
 0002:00004040       DefArrayElemName
 0001:00075F48       Default
 0001:00070878       Default
 0002:00000020       Default8087CW
 0002:0000313C       DefaultDockTreeClass
 0002:0000646C       DefaultDOMVendor
 0002:00003654       DefaultNodeIndent
 0002:00000034       DefaultTextLineBreakStyle
 0002:000055C0       DefaultUserCodePage
 0002:00002DF4       DefBrushData
 0002:00002B74       DefFontData
 0001:00006C94       DefFrameProc
 0001:0002A750       deflate
 0001:0002A9C0       deflateEnd
 0001:0002A27C       deflateInit_
 0002:00000208       DefLongDayNames
 0002:000001BC       DefLongMonthNames
 0001:00006C9C       DefMDIChildProc
 0002:00002DD4       DefPenData
 0002:000001EC       DefShortDayNames
 0002:0000018C       DefShortMonthNames
 0001:00006CA4       DefWindowProc
 0001:00005488       DelayLoadResourceModule
 0001:000007A8       DeleteBlock
 0001:00000718       DeleteCriticalSection
 0001:00006714       DeleteCriticalSection
 0001:00006AB4       DeleteDC
 0001:00008E38       DeleteFile
 0001:0000671C       DeleteFile
 0001:00000F50       DeleteFree
 0001:00006CAC       DeleteMenu
 0001:00006ABC       DeleteObject
 0001:00030BB8       DeleteVirtualFile
 0001:00049050       DeselectBitmap
 0001:00006CB4       DestroyCursor
 0001:00035D18       DestroyDialogFonts
 0001:00006CBC       DestroyIcon
 0001:0004FC28       DestroyLocals
 0001:00006CC4       DestroyMenu
 0001:00006CCC       DestroyWindow
 0002:00005CA0       DetailsActive
 0001:00036610       DetailsState
 0001:00083BCC       DetectCharEncoding
 0001:00006CD4       DialogBoxParam
 0001:00052514       DialogEnumerationTester
 0002:00005CAC       DialogHeight
 0001:0004F490       Dialogs
 0002:00002E30       DIBPalSizes
 0002:00000090       dig
 0002:00003990       Directives
 0001:0006DCB8       DisableTaskWindows
 0001:00110490       DiscoveryUrl.Create
 0001:001104D4       DiscoveryURLs.Create
 0001:00110518       DiscoveryURLs.Destroy
 0001:00078B8C       DispatchInvoke
 0001:0007916C       DispatchInvokeError
 0001:00006CDC       DispatchMessage
 0001:00073ED0       DispatchShortCut
 0001:00079188       DispCall
 0001:0007926C       DispCallByID
 0002:00005000       DispCallByIDProc
 0001:00079098       DispCallError
 0001:000083C4       DivMod
 0001:0004EE58       Dlgs
 0001:00035864       DlgTemplate
 0002:000058CC       DllList
 0001:0005A5A0       DoAlign
 0001:000751D4       DoAlign
 0001:0005E628       DoCalcConstraints
 0002:000063C8       DockSiteList
 0001:0006A734       DoClick
 0001:0005BCE4       DoControlMsg
 0002:00003F3C       DOCTYPESTART
 0002:00003F10       DOCTYPESTART
 0001:0006DC68       DoDisableWindow
 0001:00055718       DoDragOver
 0001:000084A4       DoExitProc
 0001:00060458       DoFindControlZone
 0001:0006DDA4       DoFindWindow
 0001:000609E4       DoFindZone
 0001:000604DC       DoForEach
 0001:00061DE8       DoGetNextLimit
 0002:00003D1C       domDocumentFormatList
 0002:00004004       DOMMessages
 0001:00081350       DOMVendorList
 0001:00081488       DOMVendorNotSupported
 0002:00006470       DOMVendors
 0001:00088620       DOMVendorStored
 0001:000448B4       Done
 0001:000288CC       Done
 0001:00027EB0       Done
 0001:0006DC30       DoneApplication
 0001:0004364C       DoneCheckFreeze
 0001:00062B48       DoneControls
 0001:0000CCEC       DoneExceptions
 0001:0007224C       DoNestedActivation
 0001:00022D90       DoneThreadSynchronization
 0001:0005A160       DoPosition
 0001:00075024       DoPosition
 0001:00061410       DoPrune
 0001:000618E8       DoSaveZone
 0001:00061AEC       DoSetNewBounds
 0002:00000604       DotSep
 0002:00003F6C       DoubleQuote
 0002:00003F1C       DoubleQuote
 0002:00003D30       DoubleQuote
 0002:00003EF0       DoubleQuote
 0002:00003F48       DoubleQuote
 0002:00003DF4       DOUBLESPACE
 0002:00003D80       DOUBLESPACE
 0001:00065084       DoWrite
 0001:0001DDD0       DoWrite
 0001:00048C14       DoWrite
 0001:0005B2CC       DoWriteDesignSize
 0001:00058D78       DoWriteIsControl
 0002:00003EDC       DQ
 0002:00003D28       DQ
 0002:00003E6C       dQuote
 0002:00003D3C       dQuote
 0002:00003E0C       dQuote
 0002:00003E04       dQuote
 0002:00003DFC       dQuote
 0002:00003DD0       dQuote
 0002:00003DF0       dQuote
 0002:00003D44       dQuote
 0002:00003D4C       dQuote
 0002:00003E44       dQuote
 0002:00003FA8       dQuote
 0002:00003D54       dQuote
 0002:00003D5C       dQuote
 0002:00003EE4       dQuote
 0002:00003DE8       dQuote
 0002:00003E4C       dQuote
 0002:00003E54       dQuote
 0002:00003E5C       dQuote
 0002:00003DE0       dQuote
 0002:00003E64       dQuote
 0002:00003DD8       dQuote
 0002:000063AC       DragCapture
 0002:000063A0       DragControl
 0001:00055E60       DragDone
 0001:000556C8       DragFindTarget
 0001:0005569C       DragFindWindow
 0002:000063C4       DragImageList
 0001:00055AB8       DragInit
 0001:00055C28       DragInitControl
 0002:000063A8       DragInternalObject
 0001:000555E4       DragMessage
 0002:000063A4       DragObject
 0002:000063D0       DragSave
 0002:000063B8       DragSaveCursor
 0002:000063B0       DragStartPos
 0002:000063BC       DragThreshold
 0001:000557E8       DragTo
 0001:00075F84       DrawAppIcon
 0001:00037FCC       DrawBmp
 0001:00060F7C       DrawCloseButton
 0001:00006CE4       DrawEdge
 0001:00006CEC       DrawFrameControl
 0001:00060FD4       DrawGrabberLine
 0001:00006CF4       DrawIcon
 0001:00006CFC       DrawIconEx
 0002:00003270       DrawingStyles
 0001:00006D04       DrawMenuBar
 0001:0006BA74       DrawMenuItem
 0001:00006D0C       DrawText
 0002:000061F4       DrawThemeBackground
 0002:00006218       DrawThemeEdge
 0002:0000621C       DrawThemeIcon
 0002:000062A0       DrawThemeParentBackground
 0002:000061F8       DrawThemeText
 0001:001298A8       DSIntf
 0001:00047A6C       DupBits
 0002:000059E6       DuplicatedException
 0001:00006724       DuplicateHandle
 0001:00016CB0       DynArrayBounds
 0001:00005134       DynArrayClear
 0001:00016C28       DynArrayDim
 0001:00016C0C       DynArrayElTypeInfo
 0001:00017160       DynArrayFromVariant
 0001:00016BCC       DynArrayIndex
 0001:0000513C       DynArraySetLength
 0001:00016C40       DynArraySize
 0001:00016E10       DynArrayToVariant
 0002:00003AA8       DynArrayTypes
 0001:00016D70       DynArrayVariantBounds
 0001:00016DC8       DynArrayVarType
 0001:000257DC       EConsts
 0001:00027F14       ECore
 0002:0000335C       EdgeStyle
 0002:00003224       EdgeStyles
 0001:000816F0       EDOMParseError.Create
 0001:0000C738       EHeapException.FreeInstance
 0001:0002898C       EHook
 0001:00028A58       ELang
 0002:00003F58       ELEMENTSTART
 0002:00003F84       ELEMENTSTART
 0002:00003E7C       EM
 0001:001105C4       Email.Create
 0001:00006D14       EmptyClipboard
 0001:00015A54       EmptyCompare
 0001:00015454       EmptyOp
 0002:00005800       EmptyParam
 0002:000000C0       EmptyStr
 0002:000000C4       EmptyWideStr
 0002:0000070C       EMsgs
 0001:00006D1C       EnableMenuItem
 0002:000032F4       Enables
 0001:00006D24       EnableScrollBar
 0001:0006DD6C       EnableTaskWindows
 0002:00006288       EnableThemeDialogTexture
 0002:000062A4       EnableTheming
 0001:00006D2C       EnableWindow
 0001:000B7390       EncdDecd
 0001:00039D24       Encode
 0001:0000A628       EncodeDate
 0001:000A3DE4       EncodeDateTime
 0001:000B6EC8       EncodePacket
 0001:000B6FD4       EncodeStream
 0001:000B7220       EncodeString
 0002:00003ADC       EncodeTable
 0001:0000A488       EncodeTime
 0001:0003BF30       EncodeURL
 0002:00005CDC       Encode_Data
 0002:00005CD8       Encode_Filter
 0001:00083CA4       EncodingMatches
 0001:00006D34       EndDialog
 0001:0001C8D0       EndGlobalLoading
 0001:00006D3C       EndPaint
 0001:00003A80       EndThread
 0001:00000708       EnterCriticalSection
 0001:0000672C       EnterCriticalSection
 0002:00003F80       ENTITYSTART
 0002:00003F54       ENTITYSTART
 0001:00006734       EnumCalendarInfoA
 0002:00006188       EnumDisplayMonitors
 0001:0000BF58       EnumEraNames
 0001:0000BF94       EnumEraYearOffsets
 0001:00070E3C       EnumMonitorsProc
 0001:0000673C       EnumSystemLocales
 0001:00006D44       EnumThreadWindows
 0001:000202BC       EnumValue
 0001:00006D4C       EnumWindows
 0001:00035164       EnumWindowsProc
 0001:00078834       EOleException.Create
 0001:00078764       EOleSysError.Create
 0001:00006D54       EqualRect
 0002:00005750       EraNames
 0001:0000B6B0       EraToYear
 0002:0000576C       EraYearOffsets
 0001:001268FC       ERemotableException.Create
 0001:00126934       ERemotableException.Create
 0002:00000068       errCaption
 0001:00001BC8       Error
 0001:0003A450       Error
 0001:0001BE58       Error
 0001:0001FAA0       Error
 0001:00066774       Error
 0002:00000004       ErrorAddr
 0001:00001B7C       ErrorAt
 0001:0000C7E4       ErrorHandler
 0002:00000224       ErrorMap
 0002:00005008       ErrorProc
 0002:000053E8       ErrOutput
 0002:00000968       EShowOptions
 0001:00113A64       ESOAPHTTPException.Create
 0001:00113AA8       ESOAPHTTPException.CreateFmt
 0001:0002A114       ESockets
 0001:00024898       ETypes
 0002:00000708       EurekaLogCurrentVersion
 0002:000059FC       EurekaLogList
 0002:0000084C       EVals
 0001:00001B1C       ExceptAddr
 0002:0000500C       ExceptClsProc
 0001:0000CC58       ExceptHandler
 0001:0000C564       Exception.Create
 0001:0000C5A0       Exception.CreateFmt
 0001:0000C6F0       Exception.CreateHelp
 0001:0000C620       Exception.CreateRes
 0001:0000C65C       Exception.CreateResFmt
 0002:000058E4       ExceptionActionNotify
 0002:00005A94       ExceptionAddressText
 0002:0000501C       ExceptionClass
 0001:0000C2F0       ExceptionErrorMessage
 0002:000058E8       ExceptionErrorNotify
 0002:00005A44       ExceptionInfoData
 0002:00005A3C       ExceptionInfoHandle
 0001:00044B10       ExceptionLog
 0001:00042C18       ExceptionManager
 0002:00005A90       ExceptionModuleText
 0002:00005A9C       ExceptionMsgText
 0002:000058E0       ExceptionNotify
 0002:00005944       ExceptionNumber
 0001:00032EC8       ExceptionTypeByAddr
 0002:00005A98       ExceptionTypeText
 0002:0000025C       ExceptMap
 0001:00040468       ExceptNotify
 0001:00001AFC       ExceptObject
 0002:00005010       ExceptObjProc
 0002:00005004       ExceptProc
 0001:00006AC4       ExcludeClipRect
 0002:00000000       ExitCode
 0001:00003838       ExitDll
 0002:00005048       ExitProc
 0001:000005BC       ExitProcess
 0002:00005028       ExitProcessProc
 0002:00000138       ExitProcList
 0001:000005B4       ExitThread
 0001:00006744       ExitThread
 0001:0000674C       ExpandEnvironmentStrings
 0001:000090AC       ExpandFileName
 0001:0003A320       ExpandPath
 0001:00034248       ExportedFunctions
 0001:0004FEE4       ExtActns
 0001:0004FAF4       ExtCtrls
 0001:0004FD50       ExtDlgs
 0001:0003A354       ExtractAddresses
 0001:000836B4       ExtractAttrValue
 0001:00008F98       ExtractFileDrive
 0001:00009064       ExtractFileExt
 0001:0000902C       ExtractFileName
 0001:00008F64       ExtractFilePath
 0001:00081068       ExtractLocalName
 0001:000810A8       ExtractPrefix
 0001:0003390C       ExtractStr
 0002:00004144       ExtraFieldProps
 0002:000036AC       ExtRestTypeMap
 0001:000301B4       EZLib
 0002:00005AA8       fActive
 0002:00002AD8       fActivePage
 0002:0000578C       FalseBoolStrs
 0002:00005C38       fBmp
 0002:00005AAC       fCaptionFont
 0002:000062F8       FClipboard
 0002:0000016C       FCon1E18
 0002:00003804       FConst10
 0002:000064B8       FContentParsers
 0002:00005AA0       fDlgBack
 0002:00005AB4       fFixedFont
 0002:000040A8       FieldTypeNames
 0001:00008DC0       FileAge
 0001:00008DB8       FileClose
 0001:00008D20       FileCreate
 0001:00008CFC       FileCreate
 0001:00008E28       FileExists
 0002:00002E28       FileFormats
 0002:00000008       FileMode
 0001:00002020       FileNOPProc
 0001:00008CA4       FileOpen
 0001:00008D28       FileRead
 0002:00000640       FilerSignature
 0001:00008D80       FileSeek
 0001:00006754       FileTimeToDosDateTime
 0001:0000675C       FileTimeToLocalFileTime
 0001:00008D54       FileWrite
 0001:00001038       FillAfterGap
 0001:00000FE4       FillBeforeGap
 0001:000010D0       FillerSizeAfterGap
 0001:00001060       FillerSizeBeforeGap
 0001:0009FD18       FillMethodArray
 0001:00006D5C       FillRect
 0002:00005C34       fImageList
 0001:0004EDF0       Finalization
 0001:0004EE28       Finalization
 0001:0002A0E4       Finalization
 0001:0009F7A4       Finalization
 0001:0012CDBC       Finalization
 0001:0004F434       Finalization
 0001:0004E1EC       Finalization
 0001:00078188       Finalization
 0001:0009F2BC       Finalization
 0001:0004E040       Finalization
 0001:000640CC       Finalization
 0001:000A3D54       Finalization
 0001:00007778       Finalization
 0001:000783D0       Finalization
 0001:00044DA0       Finalization
 0001:00007408       Finalization
 0001:00078428       Finalization
 0001:000AB040       Finalization
 0001:0004FAAC       Finalization
 0001:0004EDB8       Finalization
 0001:0004ED80       Finalization
 0001:000449F0       Finalization
 0001:0004ED48       Finalization
 0001:000B7360       Finalization
 0001:00018244       Finalization
 0001:00018480       Finalization
 0001:0012CD78       Finalization
 0001:0004DD1C       Finalization
 0001:00103B74       Finalization
 0001:000AAEA8       Finalization
 0001:0008ADA4       Finalization
 0001:00062D9C       Finalization
 0001:0004DCE4       Finalization
 0001:000B8408       Finalization
 0001:000A40AC       Finalization
 0001:00129700       Finalization
 0001:0004DC9C       Finalization
 0001:0010B348       Finalization
 0001:000B8570       Finalization
 0001:0004FB24       Finalization
 0001:0004FB5C       Finalization
 0001:000B4AB8       Finalization
 0001:0004FBF0       Finalization
 0001:0004FCC0       Finalization
 0001:000519A0       Finalization
 0001:00028AC8       Finalization
 0001:0004CCB4       Finalization
 0001:00050A64       Finalization
 0001:0004EC88       Finalization
 0001:0012BE9C       Finalization
 0001:00050024       Finalization
 0001:000B6E90       Finalization
 0001:0012A630       Finalization
 0001:0004CC74       Finalization
 0001:00030184       Finalization
 0001:000AB210       Finalization
 0001:0004EC50       Finalization
 0001:0004EC18       Finalization
 0001:000AB278       Finalization
 0001:0004EBE0       Finalization
 0001:00122A3C       Finalization
 0001:0010B960       Finalization
 0001:0010C510       Finalization
 0001:0006BD50       Finalization
 0001:0004FEEC       Finalization
 0001:00024724       Finalization
 0001:00024868       Finalization
 0001:0004C4F4       Finalization
 0001:0004EB70       Finalization
 0001:0002576C       Finalization
 0001:0012A1D0       Finalization
 0001:0004FE94       Finalization
 0001:0012A198       Finalization
 0001:00128EA4       Finalization
 0001:000065B8       Finalization
 0001:00028A28       Finalization
 0001:0004FE3C       Finalization
 0001:00082098       Finalization
 0001:00051B08       Finalization
 0001:00081AF8       Finalization
 0001:00019D64       Finalization
 0001:0004FDD8       Finalization
 0001:0004FD70       Finalization
 0001:00028954       Finalization
 0001:000B6870       Finalization
 0001:000B4934       Finalization
 0001:000B635C       Finalization
 0001:000062F0       Finalization
 0001:00019EB4       Finalization
 0001:0004FD20       Finalization
 0001:0008173C       Finalization
 0001:000A0774       Finalization
 0001:000657D4       Finalization
 0001:000A8934       Finalization
 0001:00127FC0       Finalization
 0001:000A7D48       Finalization
 0001:0000EF98       Finalization
 0001:000A7C2C       Finalization
 0001:0005278C       Finalization
 0001:000A7BF4       Finalization
 0001:0004C400       Finalization
 0001:000793C0       Finalization
 0001:001280B0       Finalization
 0001:00129820       Finalization
 0001:00079648       Finalization
 0001:00027EDC       Finalization
 0001:0004C124       Finalization
 0001:00129858       Finalization
 0001:0012BAD0       Finalization
 0001:000A7BBC       Finalization
 0001:00111590       Finalization
 0001:00129E08       Finalization
 0001:001182B4       Finalization
 0001:0011339C       Finalization
 0001:00129CE8       Finalization
 0001:00115578       Finalization
 0001:00117C90       Finalization
 0001:000A0504       Finalization
 0001:000A7B6C       Finalization
 0001:00080B98       Finalization
 0001:000060C0       Finalization
 0001:00115EB8       Finalization
 0001:0004BE8C       Finalization
 0001:0000E77C       Finalization
 0001:00129CB0       Finalization
 0001:000A071C       Finalization
 0001:0000E57C       Finalization
 0001:001297E8       Finalization
 0001:0000512C       FinalizeArray
 0001:00003650       FinalizeUnits
 0001:0006A4F4       Find
 0001:00098040       FindAttributeDefs
 0001:00111064       FindBinding.Create
 0001:001110A8       FindBinding.Destroy
 0001:000054F8       FindBS
 0001:001110E8       FindBusiness.Create
 0001:0011112C       FindBusiness.Destroy
 0001:0001C374       FindClass
 0001:00005480       FindClassHInstance
 0001:00006764       FindClose
 0001:000005CC       FindClose
 0001:000284BC       FindCode
 0001:00000FB4       FindCommitted
 0001:000547B8       FindControl
 0001:00060C10       FindControlAtPos
 0001:0001811C       FindCustomVariantType
 0001:00018064       FindCustomVariantType
 0001:00097BE8       FindDerivation
 0001:00056184       FindDragTarget
 0001:00098228       FindElementDefs
 0001:0003D5DC       FindException
 0001:00020CBC       FindExistingComponent
 0001:000005D4       FindFirstFile
 0001:0000676C       FindFirstFile
 0001:00033CD0       FindFunction
 0001:0001C760       FindGlobalComponent
 0001:0006DEB0       FindGlobalComponent
 0002:00005864       FindGlobalComponentProcs
 0001:00005458       FindHInstance
 0001:0001C608       FindIdentToInt
 0001:0009B838       FindItemNS
 0001:00097DC0       FindLegacyDerivation
 0001:0008A258       FindLocationHint
 0001:00031918       FindModuleType
 0002:000062E4       FindMsg
 0001:0001FE4C       FindNestedComponent
 0001:0011DC90       findNode
 0001:0006673C       FindPopupControl
 0001:0000EC60       FindProc
 0001:001208E4       FindPropNodeIndex
 0001:00110F4C       FindQualifiers.Create
 0001:00006774       FindResource
 0001:000054D0       FindResourceHInstance
 0001:0011AB84       FindReturnNodeIndex
 0001:000779DC       FindScanline
 0001:00094D20       FindSchemaExporter
 0001:00094E24       FindSchemaImporter
 0001:000424B4       FindSection
 0001:00111190       FindService.Create
 0001:001111D4       FindService.Destroy
 0001:00110F90       FindTModel.Create
 0001:00110FD4       FindTModel.Destroy
 0001:0006DE08       FindTopMostWindow
 0001:00021BA0       FindUniqueName
 0001:00016594       FindVarData
 0001:00056150       FindVCLWindow
 0001:00006D64       FindWindow
 0001:0005256C       FindWinHelp
 0002:00003D78       FirstByte
 0002:00005AC0       FixedFontName
 0002:00005AB8       FixedFontSize
 0001:00049448       FixupBitFields
 0002:0000336C       Flags
 0002:0000579C       FLanguages
 0001:0004E070       FlatSB
 0002:000061B4       FlatSB_EnableScrollBar
 0002:000061C0       FlatSB_GetScrollInfo
 0002:000061C4       FlatSB_GetScrollPos
 0002:000061BC       FlatSB_GetScrollRange
 0002:000061CC       FlatSB_SetScrollInfo
 0002:000061C8       FlatSB_SetScrollPos
 0001:0004DD60       FlatSB_SetScrollProp
 0002:000061D0       FlatSB_SetScrollRange
 0002:000061B8       FlatSB_ShowScrollBar
 0001:00009F10       FloatToDecimal
 0001:0000A250       FloatToStr
 0001:000B7B10       FloatToStrEx
 0001:00009948       FloatToText
 0001:00009C1C       FloatToTextFmt
 0001:00002284       Flush
 0001:0000677C       FlushInstructionCache
 0002:00005AA4       fMemoBack
 0002:00005C18       fMonitor
 0002:00005C1C       fMonitorInfo
 0002:00000180       FMSecsPerDay
 0001:000A3D90       FMTBcd
 0002:000037D0       FMTBcdVariantType
 0001:00009844       FmtStr
 0002:00003388       FocusCount
 0002:00003384       FocusMessages
 0002:00002D44       FontCharsets
 0002:0000614C       FontManager
 0001:000261F0       ForceSaveLog
 0001:0006DE84       ForegroundTask
 0002:000065A0       Form1
 0002:00000188       Format
 0001:00009830       Format
 0001:00009438       FormatBuf
 0001:0000942C       FormatClearStr
 0001:0003D298       FormatComplete
 0001:0000B438       FormatDateTime
 0001:000093B0       FormatError
 0002:00000164       FormatErrorStrs
 0001:0000A2B0       FormatFloat
 0001:00006784       FormatMessage
 0001:00009408       FormatVarToStr
 0001:000781E4       Forms
 0001:000026F8       FPower10
 0002:00002E78       FPrinter
 0001:000A3998       FractionToStr
 0001:00006D6C       FrameRect
 0001:0000E108       FreeAndNil
 0001:00000D20       FreeCommitted
 0001:00001240       FreeCurAlloc
 0001:00056244       FreeDeviceContext
 0001:00056300       FreeDeviceContexts
 0001:000244F0       FreeIntConstList
 0001:0000678C       FreeLibrary
 0001:000005DC       FreeLibrary
 0001:00048FA4       FreeMemoryContexts
 0001:00024624       FreeObjectInstance
 0001:000067AC       FreeResource
 0001:00030CEC       FreeSafeCallItem
 0001:000009A0       FreeSpace
 0001:0000DB34       FreeTerminateProcs
 0001:0004E224       FreeThemeLibrary
 0002:000059B0       FreezeThread
 0002:00006358       FRichEditModule
 0001:00032FC4       FunctionSize
 0001:000DB9B0       FurtherAttrNormalization
 0001:000CDD74       FurtherAttrNormalization
 0001:00033F60       FuzzyFind
 0002:00005AB0       fVariableFont
 0001:0000DC04       GDAL
 0001:00047A5C       GDICheck
 0001:000479B4       GDIError
 0001:0004094C       GeneralRaise
 0001:00001F2C       Get8087CW
 0001:000067B4       GetACP
 0001:0003C830       GetActiveControlClass
 0001:0003C848       GetActiveControlText
 0001:0003C750       GetActiveFormClass
 0001:0003C79C       GetActiveFormText
 0001:00006D74       GetActiveWindow
 0001:000A5130       GetAdditionalYears
 0001:000756B0       GetAnimation
 0001:0003D1DC       GetApplicationName
 0001:000A4BC4       GetBaseCustomDateTime
 0001:000A4B24       GetBaseDate
 0001:000A4C64       GetBaseDateTime
 0001:000A4CF8       GetBaseDuration
 0001:00111264       GetBindingDetail.Create
 0001:00113320       GetBindingkeyAccessPoint
 0001:001132CC       GetBindingkeyDetail
 0001:001131E8       GetBindingkeyDetail
 0001:000B4988       GetBindingType
 0001:000B49B8       GetBindingType
 0001:000B49C4       GetBindingType
 0001:00006ACC       GetBitmapBits
 0001:00000720       GetBlockDesc
 0001:000F79A0       getBracket
 0001:00006AD4       GetBrushOrgEx
 0001:001112EC       GetBusinessDetail.Create
 0001:001112A8       GetBusinessDetailExt.Create
 0001:00007208       GetBValue
 0001:00042AB4       GetCallerSourceLine
 0001:00034E4C       GetCallStackByAddresses
 0001:00006D7C       GetCapture
 0001:00054A80       GetCaptureControl
 0001:0001C320       GetClass
 0001:00006D84       GetClassInfo
 0001:00006D8C       GetClassName
 0001:00006D94       GetClientRect
 0001:00006ADC       GetClipBox
 0001:000006BC       GetCmdShow
 0001:0006429C       GetColor
 0001:0004FFC4       GetComCtlVersion
 0001:000005E4       GetCommandLine
 0001:000067C4       GetCommandLine
 0001:00000B6C       GetCommitted
 0001:00000BFC       GetCommittedAt
 0001:000067CC       GetComputerName
 0001:0005B898       GetControlAtPos
 0001:00040058       GetControlClass
 0001:0004009C       GetControlText
 0001:0000A900       GetCount
 0001:000067BC       GetCPInfo
 0001:00042940       GetCurrentCallStack
 0001:0000915C       GetCurrentDir
 0001:000005EC       GetCurrentDirectory
 0001:00006AE4       GetCurrentPositionEx
 0001:000067D4       GetCurrentProcess
 0001:000067DC       GetCurrentProcessId
 0001:00042C10       GetCurrentStackPointer
 0002:00006298       GetCurrentThemeName
 0001:000067E4       GetCurrentThread
 0002:0000589C       GetCurrentThreadClass
 0001:000006AC       GetCurrentThreadId
 0001:000067EC       GetCurrentThreadId
 0001:0000716C       GetCurrentTime
 0001:0003167C       GetCurrentTopOfStack
 0001:00006D9C       GetCursor
 0001:000779EC       GetCursorHeightMargin
 0001:00006DA4       GetCursorPos
 0001:0000A92C       GetDate
 0001:000067F4       GetDateFormat
 0001:0000B5C8       GetDateOrder
 0001:00006DAC       GetDC
 0001:00006DB4       GetDCEx
 0001:00006AEC       GetDCOrgEx
 0001:00033D94       GetDebugInfosByAddr
 0001:00033AB8       GetDebugPartialInfos
 0001:00115A80       GetDefaultStreamLoader
 0001:0004BA9C       GetDefFontCharSet
 0001:00006DBC       GetDesktopWindow
 0001:00006B04       GetDeviceCaps
 0001:000380A0       GetDialogState
 0001:000489A4       GetDIB
 0001:00006AF4       GetDIBColorTable
 0001:00006AFC       GetDIBits
 0001:000488EC       GetDIBSizes
 0001:0011DF60       GetDims
 0001:00047BCC       GetDInColors
 0001:000067FC       GetDiskFreeSpaceA
 0002:00000134       GetDiskFreeSpaceEx
 0001:0003CF94       GetDiskInfo
 0001:00006DC4       GetDlgItem
 0001:000298E8       GetDNSList
 0001:00061EC8       GetDockAlign
 0001:00055428       GetDockSiteAtPos
 0001:00081470       GetDOM
 0001:00029AB4       GetDomain
 0001:00029C20       GetDomainName
 0001:000812C8       GetDOMNodeEx
 0001:000813A0       GetDOMVendor
 0001:00055754       GetDropCtl
 0001:0003DFA0       GetDump
 0001:00002D80       GetDynaMethod
 0001:000A0290       GetDynArrayElTypeInfo
 0001:0011DEBC       GetDynArrayLength
 0001:000A034C       GetDynArrayNextInfo
[...]
 0002:0000407C       IncrementAmount
 0002:00004084       SQLTimeStampVariantType
 0002:00004088       AdjustAmt
 0002:00004090       AdjustAmt
 0002:00004098       AdjustAmt
 0002:000040A0       AdjustAmt
 0002:000040A8       FieldTypeNames
 0002:00004140       DbClientHandle
 0002:00004144       ExtraFieldProps
 0002:00005000       DispCallByIDProc
 0002:00005004       ExceptProc
 0002:00005008       ErrorProc
 0002:0000500C       ExceptClsProc
 0002:00005010       ExceptObjProc
 0002:00005014       RaiseExceptionProc
 0002:00005018       RTLUnwindProc
 0002:0000501C       ExceptionClass
 0002:00005020       SafeCallErrorProc
 0002:00005024       AssertErrorProc
 0002:00005028       ExitProcessProc
 0002:0000502C       AbstractErrorProc
 0002:00005030       MainInstance
 0002:00005034       MainThreadID
 0002:00005038       IsLibrary
 0002:0000503C       CmdShow
 0002:00005040       CmdLine
 0002:00005044       InitProc
 0002:00005048       ExitProc
 0002:0000504C       IsConsole
 0002:0000504D       IsMultiThread
 0002:0000504E       Test8086
 0002:00005050       Input
 0002:0000521C       Output
 0002:000053E8       ErrOutput
 0002:000055B4       AllocMemCount
 0002:000055B8       AllocMemSize
 0002:000055BC       .5
 0002:000055C0       DefaultUserCodePage
 0002:000055C4       initialized
 0002:000055C8       heapErrorCode
 0002:000055CC       heapLock
 0002:000055E4       blockDescBlockList
 0002:000055E8       blockDescFreeList
 0002:000055EC       spaceRoot
 0002:000055FC       decommittedRoot
 0002:0000560C       avail
 0002:00005618       rover
 0002:0000561C       remBytes
 0002:00005620       curAlloc
 0002:00005624       smallTab
 0002:00005628       committedRoot
 0002:00005638       InitContext
 0002:00005664       ModuleIsLib
 0002:00005665       ModuleIsCpp
 0002:00005668       HInstance
 0002:0000566C       .1
 0002:00005670       tlsBuffer
 0002:00005674       .1
 0002:00005678       .3
 0002:0000567C       .1
 0002:00005680       CurrencyString
 0002:00005684       CurrencyFormat
 0002:00005685       NegCurrFormat
 0002:00005686       ThousandSeparator
 0002:00005687       DecimalSeparator
 0002:00005688       CurrencyDecimals
 0002:00005689       DateSeparator
 0002:0000568C       ShortDateFormat
 0002:00005690       LongDateFormat
 0002:00005694       TimeSeparator
 0002:00005698       TimeAMString
 0002:0000569C       TimePMString
 0002:000056A0       ShortTimeFormat
 0002:000056A4       LongTimeFormat
 0002:000056A8       ShortMonthNames
 0002:000056D8       LongMonthNames
 0002:00005708       ShortDayNames
 0002:00005724       LongDayNames
 0002:00005740       SysLocale
 0002:0000574E       ListSeparator
 0002:00005750       EraNames
 0002:0000576C       EraYearOffsets
 0002:00005788       TrueBoolStrs
 0002:0000578C       FalseBoolStrs
 0002:00005790       .35
 0002:00005794       OutOfMemory
 0002:00005798       InvalidPointer
 0002:0000579C       FLanguages
 0002:000057A0       .1
 0002:000057A4       VariantChangeTypeEx
 0002:000057A8       VarNeg
 0002:000057AC       VarNot
 0002:000057B0       VarAdd
 0002:000057B4       VarSub
 0002:000057B8       VarMul
 0002:000057BC       VarDiv
 0002:000057C0       VarIDiv
 0002:000057C4       VarMod
 0002:000057C8       VarAnd
 0002:000057CC       VarOr
 0002:000057D0       VarXor
 0002:000057D4       VarCmp
 0002:000057D8       VarI4FromStr
 0002:000057DC       VarR4FromStr
 0002:000057E0       VarR8FromStr
 0002:000057E4       VarDateFromStr
 0002:000057E8       VarCyFromStr
 0002:000057EC       VarBoolFromStr
 0002:000057F0       VarBstrFromCy
 0002:000057F4       VarBstrFromDate
 0002:000057F8       VarBstrFromBool
 0002:000057FC       .5
 0002:00005800       EmptyParam
 0002:00005810       VarDispProc
 0002:00005814       ClearAnyProc
 0002:00005818       ChangeAnyProc
 0002:0000581C       RefAnyProc
 0002:00005820       .81
 0002:00005824       LVarTypes
 0002:00005828       LVarTypeSync
 0002:00005840       .1
 0002:00005844       .6
 0002:00005848       .3
 0002:0000584C       GlobalNameSpace
 0002:00005850       IsUniqueGlobalComponentNameProc
 0002:00005854       SyncEvent
 0002:00005858       .45
 0002:0000585C       IntConstList
 0002:00005860       RegGroups
 0002:00005864       FindGlobalComponentProcs
 0002:00005868       GlobalFixupList
 0002:0000586C       ThreadLock
 0002:00005884       ThreadCount
 0002:00005888       InstBlockList
 0002:0000588C       InstFreeList
 0002:00005890       .1
 0002:00005894       .4
 0002:00005898       LastEurekaVersion
 0002:0000589C       GetCurrentThreadClass
 0002:000058A0       .2
 0002:000058A4       LogCriticalSection
 0002:000058BC       InternalIntoIDE
 0002:000058BD       ActiveInternalLog
 0002:000058BE       CanSaveLog
 0002:000058C0       StringLog
 0002:000058C4       .1
 0002:000058C8       ProcedureList
 0002:000058CC       DllList
 0002:000058D0       .1
 0002:000058D4       .1
 0002:000058D8       .4
 0002:000058DC       .1
 0002:000058E0       ExceptionNotify
 0002:000058E4       ExceptionActionNotify
 0002:000058E8       ExceptionErrorNotify
 0002:000058EC       .7
 0002:000058F0       Kernel_RaiseException
 0002:000058F4       Kernel_RtlUnwind
 0002:000058F8       Kernel_CreateThread
 0002:000058FC       Kernel_ResumeThread
 0002:00005900       Kernel_ExitThread
 0002:00005904       ISAPI_HttpExtensionProc
 0002:00005908       ISAPI_Proc
 0002:0000590C       Recursive
 0002:00005910       ModulesList
 0002:00005914       OldExceptProc
 0002:00005918       CurrentStackList
 0002:0000591C       ThreadsList
 0002:00005920       StartingDate
 0002:00005928       Initialized
 0002:0000592C       LastThreadID
 0002:00005930       OldExceptObjProc
 0002:00005934       CurrentOptions
 0002:00005938       ServerECB
 0002:0000593C       CGIOutputFile
 0002:00005940       LanguageStr
 0002:00005944       ExceptionNumber
 0002:00005948       HandleAnyExceptionAddr_Variable
 0002:0000594C       HandleOnExceptionAddr_Variable
 0002:00005950       HandleAutoExceptionAddr_Variable
 0002:00005954       TerminateApplication
 0002:00005958       LastInitializationPtr
 0002:0000595C       LastFinalizationPtr
 0002:00005960       IntraWeb_HandleException
 0002:00005964       IntraWeb_ShowMessage
 0002:00005968       VCLHandleException
 0002:0000596C       NTService_LogMessage
 0002:00005970       IndyThread_HandleException
 0002:00005974       CGIHandleException
 0002:00005978       ISAPIHandleException
 0002:0000597C       CLXHandleException
 0002:00005980       LastInitPointer
 0002:00005984       IntoInitialization
 0002:00005985       IntoFinalization
 0002:00005988       OriginalThreadProc
 0002:0000598C       OriginalThreadProcAddr
 0002:00005990       IntraWebApplication
 0002:00005994       IntraWebServerController
 0002:00005998       CurrentGeneralErrorText
 0002:0000599C       CurrentCPUErrorText
 0002:000059A0       IntraWebMainThreadID
 0002:000059A4       OnlySafeCallExceptions
 0002:000059A8       SafeCallHandle
 0002:000059AC       ActiveSafeCall
 0002:000059B0       FreezeThread
 0002:000059B4       MainThreadHandle
 0002:000059B8       MainThreadTopOfStack
 0002:000059BC       LastExceptAddr
 0002:000059C0       RaisedExceptAddr
 0002:000059C4       LastExceptObject
 0002:000059C8       LastDelphiException
 0002:000059CC       LastExceptMessage
 0002:000059D0       LastExceptionRecord
 0002:000059D4       LastExceptionLog
 0002:000059D8       LastExceptThreadID
 0002:000059DC       LastLog
 0002:000059E0       CanSendEmail_Show
 0002:000059E1       CanAttachScreenshot_Show
 0002:000059E2       CanCopy_Show
 0002:000059E3       CanSendEmail
 0002:000059E4       CanAttachScreenshot
 0002:000059E5       CanCopy
 0002:000059E6       DuplicatedException
 0002:000059E8       StartDir
 0002:000059EC       SynchronizeExcept
 0002:000059F0       SynchronizeRaise
 0002:000059F4       InternalErrorCode
 0002:000059F8       InternalErrorMsg
 0002:000059FC       EurekaLogList
 0002:00005A00       GlobalSMTPValues
 0002:00005A18       CurrentRequestValue
 0002:00005A1C       ThreadsCriticalSection
 0002:00005A34       InactiveThreads
 0002:00005A38       ActivateEurekaLog
 0002:00005A39       NotLoadDebugInfo
 0002:00005A3C       ExceptionInfoHandle
 0002:00005A40       ModuleInfoHandle
 0002:00005A44       ExceptionInfoData
 0002:00005A48       ModuleInfoData
 0002:00005A4C       Global_Execute
 0002:00005A4D       Global_Handled
 0002:00005A4E       Global_Retry
 0002:00005A50       Global_ExceptionRecord
 0002:00005A6C       Global_CriticalSection
 0002:00005A84       Global_CurrentEvent
 0002:00005A88       Global_IntraWebText
 0002:00005A8C       Cached_LogFile
 0002:00005A90       ExceptionModuleText
 0002:00005A94       ExceptionAddressText
 0002:00005A98       ExceptionTypeText
 0002:00005A9C       ExceptionMsgText
 0002:00005AA0       fDlgBack
 0002:00005AA4       fMemoBack
 0002:00005AA8       fActive
 0002:00005AAC       fCaptionFont
 0002:00005AB0       fVariableFont
 0002:00005AB4       fFixedFont
 0002:00005AB8       FixedFontSize
 0002:00005ABC       CaptionFontName
 0002:00005AC0       FixedFontName
 0002:00005AC4       NonClientMetrics
 0002:00005C18       fMonitor
 0002:00005C1C       fMonitorInfo
 0002:00005C34       fImageList
 0002:00005C38       fBmp
 0002:00005C48       OriginalWidth
 0002:00005C4C       OriginalHeight
 0002:00005C50       RealLeft
 0002:00005C54       RealTop
 0002:00005C58       RealWidth
 0002:00005C5C       RealHeight
 0002:00005C60       ListWidth
 0002:00005C64       ListHeight
 0002:00005C68       TextWidth
 0002:00005C6C       LeftButton
 0002:00005C70       TopButton
 0002:00005C74       WindowState
 0002:00005C78       ColWidths
 0002:00005CA0       DetailsActive
 0002:00005CA4       MainDialog
 0002:00005CA8       IsDialogShowed
 0002:00005CAC       DialogHeight
 0002:00005CB0       CAPTION_HEIGHT
 0002:00005CB4       ColoursCount
 0002:00005CB8       RowBytes
 0002:00005CBC       DataSize
 0002:00005CC0       ImgData
 0002:00005CC4       Data
 0002:00005CC8       HeaderData
 0002:00005CD8       Encode_Filter
 0002:00005CDC       Encode_Data
 0002:00005CE0       CRCList
 0002:000060E0       scr_pal
 0002:000060E4       scr_UsePal
 0002:000060E8       scr_DCScreen
 0002:000060EC       scr_DCCompatible
 0002:000060F0       scr_Bitmap
 0002:000060F4       scr_Width
 0002:000060F8       scr_Height
 0002:000060FC       .1
 0002:00006100       SystemPalette16
 0002:00006104       .12
 0002:00006108       ScreenLogPixels
 0002:0000610C       StockPen
 0002:00006110       StockBrush
 0002:00006114       StockFont
 0002:00006118       StockIcon
 0002:0000611C       BitmapImageLock
 0002:00006134       CounterLock
 0002:0000614C       FontManager
 0002:00006150       PenManager
 0002:00006154       BrushManager
 0002:00006158       CanvasList
 0002:0000615C       PatternManager
 0002:00006160       .2
 0002:00006164       .21
 0002:00006168       .1
 0002:0000616C       GetSystemMetrics
 0002:00006170       MonitorFromWindow
 0002:00006174       MonitorFromRect
 0002:00006178       MonitorFromPoint
 0002:0000617C       GetMonitorInfo
 0002:00006180       GetMonitorInfoA
 0002:00006184       GetMonitorInfoW
 0002:00006188       EnumDisplayMonitors
 0002:0000618C       .1
 0002:00006190       User32Dll
 0002:00006194       InitApis
 0002:0000619C       MMAvailable
 0002:000061A0       .1
 0002:000061A4       .2
 0002:000061A8       HelpManager
 0002:000061AC       .3
 0002:000061B0       .3
 0002:000061B4       FlatSB_EnableScrollBar
 0002:000061B8       FlatSB_ShowScrollBar
 0002:000061BC       FlatSB_GetScrollRange
 0002:000061C0       FlatSB_GetScrollInfo
 0002:000061C4       FlatSB_GetScrollPos
 0002:000061C8       FlatSB_SetScrollPos
 0002:000061CC       FlatSB_SetScrollInfo
 0002:000061D0       FlatSB_SetScrollRange
 0002:000061D4       .1
 0002:000061D8       _FlatSB_GetScrollProp
 0002:000061DC       _FlatSB_SetScrollProp
 0002:000061E0       _InitializeFlatSB
 0002:000061E4       _UninitializeFlatSB
 0002:000061E8       .6
 0002:000061EC       OpenThemeData
 0002:000061F0       CloseThemeData
 0002:000061F4       DrawThemeBackground
 0002:000061F8       DrawThemeText
 0002:000061FC       GetThemeBackgroundContentRect
 0002:00006200       GetThemeBackgroundExtent
 0002:00006204       GetThemePartSize
 0002:00006208       GetThemeTextExtent
 0002:0000620C       GetThemeTextMetrics
 0002:00006210       GetThemeBackgroundRegion
 0002:00006214       HitTestThemeBackground
 0002:00006218       DrawThemeEdge
 0002:0000621C       DrawThemeIcon
 0002:00006220       IsThemePartDefined
 0002:00006224       IsThemeBackgroundPartiallyTransparent
 0002:00006228       GetThemeColor
 0002:0000622C       GetThemeMetric
 0002:00006230       GetThemeString
 0002:00006234       GetThemeBool
 0002:00006238       GetThemeInt
 0002:0000623C       GetThemeEnumValue
 0002:00006240       GetThemePosition
 0002:00006244       GetThemeFont
 0002:00006248       GetThemeRect
 0002:0000624C       GetThemeMargins
 0002:00006250       GetThemeIntList
 0002:00006254       GetThemePropertyOrigin
 0002:00006258       SetWindowTheme
 0002:0000625C       GetThemeFilename
 0002:00006260       GetThemeSysColor
 0002:00006264       GetThemeSysColorBrush
 0002:00006268       GetThemeSysBool
 0002:0000626C       GetThemeSysSize
 0002:00006270       GetThemeSysFont
 0002:00006274       GetThemeSysString
 0002:00006278       GetThemeSysInt
 0002:0000627C       IsThemeActive
 0002:00006280       IsAppThemed
 0002:00006284       GetWindowTheme
 0002:00006288       EnableThemeDialogTexture
 0002:0000628C       IsThemeDialogTextureEnabled
 0002:00006290       GetThemeAppProperties
 0002:00006294       SetThemeAppProperties
 0002:00006298       GetCurrentThemeName
 0002:0000629C       GetThemeDocumentationProperty
 0002:000062A0       DrawThemeParentBackground
 0002:000062A4       EnableTheming
 0002:000062A8       .1
 0002:000062AC       ThemeLibrary
 0002:000062B0       ReferenceCount
 0002:000062B4       Lock
 0002:000062B8       .1
 0002:000062BC       .4
 0002:000062C0       .1
 0002:000062C4       .1
 0002:000062C8       .1
 0002:000062CC       .1
 0002:000062D0       .1
 0002:000062D4       .1
 0002:000062D8       .1
 0002:000062DC       .11
 0002:000062E0       HelpMsg
 0002:000062E4       FindMsg
 0002:000062E8       .12
 0002:000062EC       .1
 0002:000062F0       CF_PICTURE
 0002:000062F2       CF_COMPONENT
 0002:000062F4       .2
 0002:000062F8       FClipboard
 0002:000062FC       .1
 0002:00006300       .4
 0002:00006304       BitBtnGlyphs
 0002:00006330       .3
 0002:00006334       .8
 0002:00006338       .5
 0002:0000633C       .1
 0002:00006340       .72
 0002:00006344       UrlMonHandle
 0002:00006348       UrlMonInitialized
 0002:0000634C       .8
 0002:00006350       .36
 0002:00006354       ShellModule
 0002:00006358       FRichEditModule
 0002:0000635C       ComCtlVersion
 0002:00006360       .2
 0002:00006364       InternalServices
 0002:00006368       .42
 0002:0000636C       .73
 0002:00006370       WinHelpTester
 0002:00006374       ViewerName
 0002:00006378       .1
 0002:0000637C       HelpViewer
 0002:00006380       HelpViewerIntf
 0002:00006384       Mouse
 0002:00006388       NewStyleControls
 0002:0000638C       .72
 0002:00006390       WindowAtom
 0002:00006392       ControlAtom
 0002:00006394       WindowAtomString
 0002:00006398       ControlAtomString
 0002:0000639C       RM_GetObjectInstance
 0002:000063A0       DragControl
 0002:000063A4       DragObject
 0002:000063A8       DragInternalObject
 0002:000063AC       DragCapture
 0002:000063B0       DragStartPos
 0002:000063B8       DragSaveCursor
 0002:000063BC       DragThreshold
 0002:000063C0       ActiveDrag
 0002:000063C4       DragImageList
 0002:000063C8       DockSiteList
 0002:000063CC       QualifyingSites
 0002:000063D0       DragSave
 0002:000063D4       CanvasList
 0002:000063D8       _WINNLSEnableIME
 0002:000063DC       _ImmGetContext
 0002:000063E0       _ImmReleaseContext
 0002:000063E4       _ImmGetConversionStatus
 0002:000063E8       _ImmSetConversionStatus
 0002:000063EC       _ImmSetOpenStatus
 0002:000063F0       _ImmSetCompositionWindow
 0002:000063F4       _ImmSetCompositionFont
 0002:000063F8       _ImmGetCompositionString
 0002:000063FC       _ImmIsIME
 0002:00006400       _ImmNotifyIME
 0002:00006404       .8
 0002:00006408       .3
 0002:0000640C       CachedComCtrlVer
 0002:00006410       ImageListWriteExProc
 0002:00006414       PopupList
 0002:00006418       ShortCutItems
 0002:0000641C       .9
 0002:00006420       CommandPool
 0002:00006424       Application
 0002:00006428       Screen
 0002:0000642C       .41
 0002:00006430       RM_TaskbarCreated
 0002:00006434       HintThreadID
 0002:00006438       HintDoneEvent
 0002:0000643C       HintHook
 0002:00006440       HintThread
 0002:00006444       .1
 0002:00006448       .1
 0002:0000644C       .41
 0002:00006450       OleUninitializing
 0002:00006454       ComClassManagerVar
 0002:00006458       SaveInitProc
 0002:0000645C       NeedToUninitialize
 0002:00006460       .6
 0002:00006464       MSXML_DOM
 0002:00006468       .12
 0002:0000646C       DefaultDOMVendor
 0002:00006470       DOMVendors
 0002:00006474       .5
 0002:00006478       .3
 0002:0000647C       .3
 0002:00006480       .5
 0002:00006484       TranslatorList
 0002:00006488       .15
 0002:0000648C       .3
 0002:00006490       .4
 0002:00006494       .1
 0002:00006498       .1
 0002:0000649C       .3
 0002:000064A0       .1
 0002:000064A4       .21
 0002:000064A8       .3
 0002:000064AC       .1
 0002:000064B0       .1
 0002:000064B4       .22
 0002:000064B8       FContentParsers
 0002:000064BC       .7
 0002:000064C0       .3
 0002:000064C4       .2
 0002:000064C8       .1
 0002:000064CC       .1
 0002:000064D0       .92
 0002:000064D4       .2
 0002:000064D8       .2
 0002:000064DC       .2
 0002:000064E0       .2
 0002:000064E4       .1
 0002:000064E8       TypeTranslator
 0002:000064EC       .3
 0002:000064F0       ConverterRegistry
 0002:000064F4       .3
 0002:000064F8       .012
 0002:000064FC       OpenXMLFactory
 0002:00006500       .12
 0002:00006504       ParserLanguage
 0002:00006508       UrlMonHandle
 0002:0000650C       XercesDOM
 0002:00006510       .2
 0002:00006514       .2
 0002:00006518       .94
 0002:0000651C       .1
 0002:00006520       .3
 0002:00006524       .1
 0002:00006528       .2
 0002:0000652C       .4
 0002:00006530       .5
 0002:00006534       AppNameSpacePrefix
 0002:00006538       .43
 0002:0000653C       InvRegistryV
 0002:00006540       RemClassRegistryV
 0002:00006544       RemTypeRegistryV
 0002:00006548       .2
 0002:0000654C       .1
 0002:00006550       DBScreen
 0002:00006554       DBApplication
 0002:00006558       .36
 0002:0000655C       .3
 0002:00006560       .1
 0002:00006564       .2
 0002:00006568       Loading
 0002:00006580       .1
 0002:00006584       .3
 0002:00006588       .51
 0002:0000658C       .31
 0002:00006590       .2
 0002:00006594       .1
 0002:00006598       .2
 0002:0000659C       .1
 0002:000065A0       Form1
 0002:000065A4       s
 0002:000065A8       .2


Line numbers for DBClientSvc(DBClientSvc.pas) segment .text

    88 0001:0012BECC    89 0001:0012BED5    90 0001:0012BEF3    92 0001:0012BF08

Line numbers for Test(Test.pas) segment .text

    35 0001:0012C1D4    36 0001:0012C1EC    39 0001:0012C25A    42 0001:0012C29E
    47 0001:0012C2E8    48 0001:0012C2FE    80 0001:0012C30B    82 0001:0012C332
    84 0001:0012CDB4    84 0001:0012CDBB

Line numbers for TestSoap(S:\SOURCE\Прокушев\GetMonitorInfo\TestSoap.dpr) segment .text

    11 0001:0012D1EC    12 0001:0012D1FC    13 0001:0012D208    14 0001:0012D220
    15 0001:0012D22C

Bound resource files

C:\Program Files\EurekaLog 4\delphi7\DIALOG.RES
c:\borland\delphi7\Lib\Buttons.res
c:\borland\delphi7\Lib\ExtDlgs.res
c:\borland\delphi7\Lib\Controls.res
Test.dfm
TestSoap.res
TestSoap.drf


Program entry point at 0001:0012D1EC
